Component: ARM Compiler 6.12 Tool: armlink [5d624300]

==============================================================================

Section Cross References

    startup_stm32f103xe.o(RESET) refers to startup_stm32f103xe.o(STACK) for __initial_sp
    startup_stm32f103xe.o(RESET) refers to startup_stm32f103xe.o(.text) for Reset_Handler
    startup_stm32f103xe.o(RESET) refers to stm32f1xx_it.o(.text.NMI_Handler) for NMI_Handler
    startup_stm32f103xe.o(RESET) refers to stm32f1xx_it.o(.text.HardFault_Handler) for HardFault_Handler
    startup_stm32f103xe.o(RESET) refers to stm32f1xx_it.o(.text.MemManage_Handler) for MemManage_Handler
    startup_stm32f103xe.o(RESET) refers to stm32f1xx_it.o(.text.BusFault_Handler) for BusFault_Handler
    startup_stm32f103xe.o(RESET) refers to stm32f1xx_it.o(.text.UsageFault_Handler) for UsageFault_Handler
    startup_stm32f103xe.o(RESET) refers to stm32f1xx_it.o(.text.SVC_Handler) for SVC_Handler
    startup_stm32f103xe.o(RESET) refers to stm32f1xx_it.o(.text.DebugMon_Handler) for DebugMon_Handler
    startup_stm32f103xe.o(RESET) refers to stm32f1xx_it.o(.text.PendSV_Handler) for PendSV_Handler
    startup_stm32f103xe.o(RESET) refers to stm32f1xx_it.o(.text.SysTick_Handler) for SysTick_Handler
    startup_stm32f103xe.o(RESET) refers to stm32f1xx_it.o(.text.TIM2_IRQHandler) for TIM2_IRQHandler
    startup_stm32f103xe.o(RESET) refers to stm32f1xx_it.o(.text.USART1_IRQHandler) for USART1_IRQHandler
    startup_stm32f103xe.o(RESET) refers to stm32f1xx_it.o(.text.USART2_IRQHandler) for USART2_IRQHandler
    startup_stm32f103xe.o(RESET) refers to stm32f1xx_it.o(.text.USART3_IRQHandler) for USART3_IRQHandler
    startup_stm32f103xe.o(.text) refers to system_stm32f1xx.o(.text.SystemInit) for SystemInit
    startup_stm32f103xe.o(.text) refers to entry.o(.ARM.Collect$$$$00000000) for __main
    main.o(.text.main) refers to stm32f1xx_hal.o(.text.HAL_Init) for HAL_Init
    main.o(.text.main) refers to main.o(.text.SystemClock_Config) for SystemClock_Config
    main.o(.text.main) refers to gpio.o(.text.MX_GPIO_Init) for MX_GPIO_Init
    main.o(.text.main) refers to spi.o(.text.MX_SPI1_Init) for MX_SPI1_Init
    main.o(.text.main) refers to tim.o(.text.MX_TIM3_Init) for MX_TIM3_Init
    main.o(.text.main) refers to usart.o(.text.MX_USART1_UART_Init) for MX_USART1_UART_Init
    main.o(.text.main) refers to usart.o(.text.MX_USART2_UART_Init) for MX_USART2_UART_Init
    main.o(.text.main) refers to usart.o(.text.MX_USART3_UART_Init) for MX_USART3_UART_Init
    main.o(.text.main) refers to tim.o(.text.MX_TIM5_Init) for MX_TIM5_Init
    main.o(.text.main) refers to tim.o(.text.MX_TIM1_Init) for MX_TIM1_Init
    main.o(.text.main) refers to tim.o(.text.MX_TIM2_Init) for MX_TIM2_Init
    main.o(.text.main) refers to user_main.o(.text.User_main) for User_main
    main.o(.ARM.exidx.text.main) refers to main.o(.text.main) for [Anonymous Symbol]
    main.o(.text.SystemClock_Config) refers to stm32f1xx_hal_rcc.o(.text.HAL_RCC_OscConfig) for HAL_RCC_OscConfig
    main.o(.text.SystemClock_Config) refers to stm32f1xx_hal_rcc.o(.text.HAL_RCC_ClockConfig) for HAL_RCC_ClockConfig
    main.o(.ARM.exidx.text.SystemClock_Config) refers to main.o(.text.SystemClock_Config) for [Anonymous Symbol]
    main.o(.ARM.exidx.text.Error_Handler) refers to main.o(.text.Error_Handler) for [Anonymous Symbol]
    gpio.o(.text.MX_GPIO_Init) refers to stm32f1xx_hal_gpio.o(.text.HAL_GPIO_WritePin) for HAL_GPIO_WritePin
    gpio.o(.text.MX_GPIO_Init) refers to stm32f1xx_hal_gpio.o(.text.HAL_GPIO_Init) for HAL_GPIO_Init
    gpio.o(.ARM.exidx.text.MX_GPIO_Init) refers to gpio.o(.text.MX_GPIO_Init) for [Anonymous Symbol]
    spi.o(.text.MX_SPI1_Init) refers to stm32f1xx_hal_spi.o(.text.HAL_SPI_Init) for HAL_SPI_Init
    spi.o(.text.MX_SPI1_Init) refers to main.o(.text.Error_Handler) for Error_Handler
    spi.o(.text.MX_SPI1_Init) refers to spi.o(.bss.hspi1) for hspi1
    spi.o(.ARM.exidx.text.MX_SPI1_Init) refers to spi.o(.text.MX_SPI1_Init) for [Anonymous Symbol]
    spi.o(.text.HAL_SPI_MspInit) refers to stm32f1xx_hal_gpio.o(.text.HAL_GPIO_Init) for HAL_GPIO_Init
    spi.o(.ARM.exidx.text.HAL_SPI_MspInit) refers to spi.o(.text.HAL_SPI_MspInit) for [Anonymous Symbol]
    spi.o(.text.HAL_SPI_MspDeInit) refers to stm32f1xx_hal_gpio.o(.text.HAL_GPIO_DeInit) for HAL_GPIO_DeInit
    spi.o(.ARM.exidx.text.HAL_SPI_MspDeInit) refers to spi.o(.text.HAL_SPI_MspDeInit) for [Anonymous Symbol]
    tim.o(.text.MX_TIM1_Init) refers to memseta.o(.text) for __aeabi_memclr4
    tim.o(.text.MX_TIM1_Init) refers to stm32f1xx_hal_tim.o(.text.HAL_TIM_Base_Init) for HAL_TIM_Base_Init
    tim.o(.text.MX_TIM1_Init) refers to main.o(.text.Error_Handler) for Error_Handler
    tim.o(.text.MX_TIM1_Init) refers to stm32f1xx_hal_tim.o(.text.HAL_TIM_ConfigClockSource) for HAL_TIM_ConfigClockSource
    tim.o(.text.MX_TIM1_Init) refers to stm32f1xx_hal_tim.o(.text.HAL_TIM_PWM_Init) for HAL_TIM_PWM_Init
[...]
    [Anonymous Symbol]                       0x08000fdc   Section        0  user_check.o(.text.DealBasic3)
    __arm_cp.3_0                             0x080011d0   Number         4  user_check.o(.text.DealBasic3)
    __arm_cp.3_1                             0x080011d4   Number         4  user_check.o(.text.DealBasic3)
    __arm_cp.3_2                             0x080011d8   Number         4  user_check.o(.text.DealBasic3)
    __arm_cp.3_3                             0x080011dc   Number         4  user_check.o(.text.DealBasic3)
    __arm_cp.3_4                             0x080011e0   Number         4  user_check.o(.text.DealBasic3)
    __arm_cp.3_5                             0x080011e4   Number         4  user_check.o(.text.DealBasic3)
    __arm_cp.3_6                             0x080011e8   Number         4  user_check.o(.text.DealBasic3)
    __arm_cp.3_7                             0x080011ec   Number         4  user_check.o(.text.DealBasic3)
    [Anonymous Symbol]                       0x080011f0   Section        0  stm32f1xx_it.o(.text.DebugMon_Handler)
    [Anonymous Symbol]                       0x080011f4   Section        0  user_check.o(.text.DigitDialIn)
    [Anonymous Symbol]                       0x08001294   Section        0  user_check.o(.text.DistantFire)
    __arm_cp.7_0                             0x080012f4   Number         4  user_check.o(.text.DistantFire)
    __arm_cp.7_1                             0x080012f8   Number         4  user_check.o(.text.DistantFire)
    __arm_cp.7_2                             0x080012fc   Number         4  user_check.o(.text.DistantFire)
    __arm_cp.7_3                             0x08001300   Number         4  user_check.o(.text.DistantFire)
    __arm_cp.7_4                             0x08001304   Number         4  user_check.o(.text.DistantFire)
    [Anonymous Symbol]                       0x08001308   Section        0  main.o(.text.Error_Handler)
    [Anonymous Symbol]                       0x0800130c   Section        0  gaussgun.o(.text.GaussGun_Fire)
    __arm_cp.0_0                             0x08001358   Number         4  gaussgun.o(.text.GaussGun_Fire)
    __arm_cp.0_1                             0x0800135c   Number         4  gaussgun.o(.text.GaussGun_Fire)
    [Anonymous Symbol]                       0x08001360   Section        0  user_uart.o(.text.Get_CoordinateXResult)
    __arm_cp.2_0                             0x08001368   Number         4  user_uart.o(.text.Get_CoordinateXResult)
    [Anonymous Symbol]                       0x0800136c   Section        0  stm32f1xx_hal_dma.o(.text.HAL_DMA_Abort_IT)
    __arm_cp.6_0                             0x08001434   Number         4  stm32f1xx_hal_dma.o(.text.HAL_DMA_Abort_IT)
    __arm_cp.6_1                             0x08001438   Number         4  stm32f1xx_hal_dma.o(.text.HAL_DMA_Abort_IT)
    __arm_cp.6_2                             0x0800143c   Number         4  stm32f1xx_hal_dma.o(.text.HAL_DMA_Abort_IT)
    __arm_cp.6_3                             0x08001440   Number         4  stm32f1xx_hal_dma.o(.text.HAL_DMA_Abort_IT)
    __arm_cp.6_4                             0x08001444   Number         4  stm32f1xx_hal_dma.o(.text.HAL_DMA_Abort_IT)
    __arm_cp.6_5                             0x08001448   Number         4  stm32f1xx_hal_dma.o(.text.HAL_DMA_Abort_IT)
    __arm_cp.6_6                             0x0800144c   Number         4  stm32f1xx_hal_dma.o(.text.HAL_DMA_Abort_IT)
    __arm_cp.6_7                             0x08001450   Number         4  stm32f1xx_hal_dma.o(.text.HAL_DMA_Abort_IT)
    __arm_cp.6_8                             0x08001454   Number         4  stm32f1xx_hal_dma.o(.text.HAL_DMA_Abort_IT)
    __arm_cp.6_9                             0x08001458   Number         4  stm32f1xx_hal_dma.o(.text.HAL_DMA_Abort_IT)
    __arm_cp.6_10                            0x0800145c   Number         4  stm32f1xx_hal_dma.o(.text.HAL_DMA_Abort_IT)
    [Anonymous Symbol]                       0x08001460   Section        0  stm32f1xx_hal.o(.text.HAL_Delay)
    [Anonymous Symbol]                       0x08001480   Section        0  stm32f1xx_hal_gpio.o(.text.HAL_GPIO_Init)
    __arm_cp.0_0                             0x080015fc   Number         4  stm32f1xx_hal_gpio.o(.text.HAL_GPIO_Init)
    __arm_cp.0_1                             0x08001600   Number         4  stm32f1xx_hal_gpio.o(.text.HAL_GPIO_Init)
    __arm_cp.0_2                             0x08001604   Number         4  stm32f1xx_hal_gpio.o(.text.HAL_GPIO_Init)
    __arm_cp.0_3                             0x08001608   Number         4  stm32f1xx_hal_gpio.o(.text.HAL_GPIO_Init)
    __arm_cp.0_5                             0x0800160c   Number         4  stm32f1xx_hal_gpio.o(.text.HAL_GPIO_Init)
    __arm_cp.0_6                             0x08001610   Number         4  stm32f1xx_hal_gpio.o(.text.HAL_GPIO_Init)
    __arm_cp.0_7                             0x08001614   Number         4  stm32f1xx_hal_gpio.o(.text.HAL_GPIO_Init)
    __arm_cp.0_8                             0x08001618   Number         4  stm32f1xx_hal_gpio.o(.text.HAL_GPIO_Init)
    __arm_cp.0_9                             0x0800161c   Number         4  stm32f1xx_hal_gpio.o(.text.HAL_GPIO_Init)
    __arm_cp.0_10                            0x08001620   Number         4  stm32f1xx_hal_gpio.o(.text.HAL_GPIO_Init)
    __arm_cp.0_11                            0x08001624   Number         4  stm32f1xx_hal_gpio.o(.text.HAL_GPIO_Init)
    [Anonymous Symbol]                       0x08001628   Section        0  stm32f1xx_hal_gpio.o(.text.HAL_GPIO_WritePin)
    [Anonymous Symbol]                       0x08001634   Section        0  stm32f1xx_hal.o(.text.HAL_GetTick)
    [Anonymous Symbol]                       0x0800163c   Section        0  stm32f1xx_hal.o(.text.HAL_IncTick)
    __arm_cp.5_1                             0x0800164c   Number         4  stm32f1xx_hal.o(.text.HAL_IncTick)
    [Anonymous Symbol]                       0x08001650   Section        0  stm32f1xx_hal.o(.text.HAL_Init)
    [Anonymous Symbol]                       0x08001670   Section        0  stm32f1xx_hal.o(.text.HAL_InitTick)
    __arm_cp.1_0                             0x080016a8   Number         4  stm32f1xx_hal.o(.text.HAL_InitTick)
    [Anonymous Symbol]                       0x080016ac   Section        0  stm32f1xx_hal_msp.o(.text.HAL_MspInit)
    __arm_cp.0_0                             0x080016e4   Number         4  stm32f1xx_hal_msp.o(.text.HAL_MspInit)
    __arm_cp.0_1                             0x080016e8   Number         4  stm32f1xx_hal_msp.o(.text.HAL_MspInit)
    [Anonymous Symbol]                       0x080016ec   Section        0  stm32f1xx_hal_cortex.o(.text.HAL_NVIC_EnableIRQ)
    __arm_cp.3_0                             0x08001704   Number         4  stm32f1xx_hal_cortex.o(.text.HAL_NVIC_EnableIRQ)
    [Anonymous Symbol]                       0x08001708   Section        0  stm32f1xx_hal_cortex.o(.text.HAL_NVIC_SetPriority)
    [Anonymous Symbol]                       0x08001744   Section        0  stm32f1xx_hal_cortex.o(.text.HAL_NVIC_SetPriorityGrouping)
    __arm_cp.0_0                             0x0800175c   Number         4  stm32f1xx_hal_cortex.o(.text.HAL_NVIC_SetPriorityGrouping)
    __arm_cp.0_1                             0x08001760   Number         4  stm32f1xx_hal_cortex.o(.text.HAL_NVIC_SetPriorityGrouping)
    [Anonymous Symbol]                       0x08001764   Section        0  stm32f1xx_hal_rcc.o(.text.HAL_RCC_ClockConfig)
    __arm_cp.2_0                             0x08001894   Number         4  stm32f1xx_hal_rcc.o(.text.HAL_RCC_ClockConfig)
    __arm_cp.2_2                             0x08001898   Number         4  stm32f1xx_hal_rcc.o(.text.HAL_RCC_ClockConfig)
    __arm_cp.2_4                             0x0800189c   Number         4  stm32f1xx_hal_rcc.o(.text.HAL_RCC_ClockConfig)
    [Anonymous Symbol]                       0x080018a0   Section        0  stm32f1xx_hal_rcc.o(.text.HAL_RCC_GetPCLK1Freq)
    [Anonymous Symbol]                       0x080018b4   Section        0  stm32f1xx_hal_rcc.o(.text.HAL_RCC_GetPCLK2Freq)
    __arm_cp.9_0                             0x080018c8   Number         4  stm32f1xx_hal_rcc.o(.text.HAL_RCC_GetPCLK2Freq)
    __arm_cp.9_2                             0x080018cc   Number         4  stm32f1xx_hal_rcc.o(.text.HAL_RCC_GetPCLK2Freq)
    [Anonymous Symbol]                       0x080018d0   Section        0  stm32f1xx_hal_rcc.o(.text.HAL_RCC_GetSysClockFreq)
    __arm_cp.3_0                             0x08001908   Number         4  stm32f1xx_hal_rcc.o(.text.HAL_RCC_GetSysClockFreq)
    __arm_cp.3_1                             0x0800190c   Number         4  stm32f1xx_hal_rcc.o(.text.HAL_RCC_GetSysClockFreq)
    __arm_cp.3_4                             0x08001924   Number         4  stm32f1xx_hal_rcc.o(.text.HAL_RCC_GetSysClockFreq)
    [Anonymous Symbol]                       0x08001928   Section        0  stm32f1xx_hal_rcc.o(.text.HAL_RCC_OscConfig)
    __arm_cp.1_0                             0x08001c3c   Number         4  stm32f1xx_hal_rcc.o(.text.HAL_RCC_OscConfig)
    __arm_cp.1_1                             0x08001c40   Number         4  stm32f1xx_hal_rcc.o(.text.HAL_RCC_OscConfig)
    __arm_cp.1_2                             0x08001c44   Number         4  stm32f1xx_hal_rcc.o(.text.HAL_RCC_OscConfig)
    __arm_cp.1_3                             0x08001c48   Number         4  stm32f1xx_hal_rcc.o(.text.HAL_RCC_OscConfig)
    [Anonymous Symbol]                       0x08001c4c   Section        0  stm32f1xx_hal_spi.o(.text.HAL_SPI_Init)
    [Anonymous Symbol]                       0x08001cc8   Section        0  spi.o(.text.HAL_SPI_MspInit)
    __arm_cp.1_0                             0x08001d20   Number         4  spi.o(.text.HAL_SPI_MspInit)
    __arm_cp.1_1                             0x08001d24   Number         4  spi.o(.text.HAL_SPI_MspInit)
    [Anonymous Symbol]                       0x08001d28   Section        0  stm32f1xx_hal_spi.o(.text.HAL_SPI_Transmit)
    [Anonymous Symbol]                       0x08001e8c   Section        0  stm32f1xx_hal_cortex.o(.text.HAL_SYSTICK_Config)
    __arm_cp.7_0                             0x08001eac   Number         4  stm32f1xx_hal_cortex.o(.text.HAL_SYSTICK_Config)
    __arm_cp.7_1                             0x08001eb0   Number         4  stm32f1xx_hal_cortex.o(.text.HAL_SYSTICK_Config)
    [Anonymous Symbol]                       0x08001eb4   Section        0  stm32f1xx_hal_tim_ex.o(.text.HAL_TIMEx_BreakCallback)
    [Anonymous Symbol]                       0x08001eb6   Section        0  stm32f1xx_hal_tim_ex.o(.text.HAL_TIMEx_CommutCallback)
    [Anonymous Symbol]                       0x08001eb8   Section        0  stm32f1xx_hal_tim_ex.o(.text.HAL_TIMEx_ConfigBreakDeadTime)
    [Anonymous Symbol]                       0x08001f08   Section        0  stm32f1xx_hal_tim_ex.o(.text.HAL_TIMEx_MasterConfigSynchronization)
    [Anonymous Symbol]                       0x08001f4a   Section        0  stm32f1xx_hal_tim.o(.text.HAL_TIM_Base_Init)
    [Anonymous Symbol]                       0x08001f80   Section        0  tim.o(.text.HAL_TIM_Base_MspInit)
    __arm_cp.5_0                             0x08002008   Number         4  tim.o(.text.HAL_TIM_Base_MspInit)
    __arm_cp.5_1                             0x0800200c   Number         4  tim.o(.text.HAL_TIM_Base_MspInit)
    __arm_cp.5_2                             0x08002010   Number         4  tim.o(.text.HAL_TIM_Base_MspInit)
    __arm_cp.5_3                             0x08002014   Number         4  tim.o(.text.HAL_TIM_Base_MspInit)
    [Anonymous Symbol]                       0x08002018   Section        0  stm32f1xx_hal_tim.o(.text.HAL_TIM_Base_Start)
    [Anonymous Symbol]                       0x0800203c   Section        0  stm32f1xx_hal_tim.o(.text.HAL_TIM_Base_Start_IT)
    [Anonymous Symbol]                       0x0800205c   Section        0  stm32f1xx_hal_tim.o(.text.HAL_TIM_Base_Stop)
    [Anonymous Symbol]                       0x0800208a   Section        0  stm32f1xx_hal_tim.o(.text.HAL_TIM_Base_Stop_IT)
    [Anonymous Symbol]                       0x080020b4   Section        0  stm32f1xx_hal_tim.o(.text.HAL_TIM_ConfigClockSource)
    [Anonymous Symbol]                       0x080021c4   Section        0  stm32f1xx_hal_tim.o(.text.HAL_TIM_IC_CaptureCallback)
    [Anonymous Symbol]                       0x080021c6   Section        0  stm32f1xx_hal_tim.o(.text.HAL_TIM_IRQHandler)
    [Anonymous Symbol]                       0x08002330   Section        0  tim.o(.text.HAL_TIM_MspPostInit)
    __arm_cp.1_1                             0x080023ac   Number         4  tim.o(.text.HAL_TIM_MspPostInit)
    __arm_cp.1_2                             0x080023b0   Number         4  tim.o(.text.HAL_TIM_MspPostInit)
    __arm_cp.1_3                             0x080023b4   Number         4  tim.o(.text.HAL_TIM_MspPostInit)
    __arm_cp.1_4                             0x080023b8   Number         4  tim.o(.text.HAL_TIM_MspPostInit)
    [Anonymous Symbol]                       0x080023bc   Section        0  stm32f1xx_hal_tim.o(.text.HAL_TIM_OC_DelayElapsedCallback)
    [Anonymous Symbol]                       0x080023c0   Section        0  stm32f1xx_hal_tim.o(.text.HAL_TIM_PWM_ConfigChannel)
    [Anonymous Symbol]                       0x0800245e   Section        0  stm32f1xx_hal_tim.o(.text.HAL_TIM_PWM_Init)
    [Anonymous Symbol]                       0x08002492   Section        0  stm32f1xx_hal_tim.o(.text.HAL_TIM_PWM_MspInit)
    [Anonymous Symbol]                       0x08002494   Section        0  stm32f1xx_hal_tim.o(.text.HAL_TIM_PWM_PulseFinishedCallback)
    [Anonymous Symbol]                       0x08002498   Section        0  stm32f1xx_hal_tim.o(.text.HAL_TIM_PWM_Start)
    [Anonymous Symbol]                       0x080024d0   Section        0  stm32f1xx_hal_tim.o(.text.HAL_TIM_PWM_Stop)
    __arm_cp.32_0                            0x0800252c   Number         4  stm32f1xx_hal_tim.o(.text.HAL_TIM_PWM_Stop)
    __arm_cp.32_1                            0x08002530   Number         4  stm32f1xx_hal_tim.o(.text.HAL_TIM_PWM_Stop)
    [Anonymous Symbol]                       0x08002534   Section        0  timer.o(.text.HAL_TIM_PeriodElapsedCallback)
    __arm_cp.0_0                             0x08002578   Number         4  timer.o(.text.HAL_TIM_PeriodElapsedCallback)
    __arm_cp.0_1                             0x0800257c   Number         4  timer.o(.text.HAL_TIM_PeriodElapsedCallback)
    __arm_cp.0_2                             0x08002580   Number         4  timer.o(.text.HAL_TIM_PeriodElapsedCallback)
    __arm_cp.0_3                             0x08002584   Number         4  timer.o(.text.HAL_TIM_PeriodElapsedCallback)
    [Anonymous Symbol]                       0x08002588   Section        0  stm32f1xx_hal_tim.o(.text.HAL_TIM_TriggerCallback)
    [Anonymous Symbol]                       0x0800258a   Section        0  stm32f1xx_hal_uart.o(.text.HAL_UART_ErrorCallback)
    [Anonymous Symbol]                       0x0800258c   Section        0  stm32f1xx_hal_uart.o(.text.HAL_UART_IRQHandler)
    __arm_cp.37_0                            0x080026f0   Number         4  stm32f1xx_hal_uart.o(.text.HAL_UART_IRQHandler)
    [Anonymous Symbol]                       0x080026f4   Section        0  stm32f1xx_hal_uart.o(.text.HAL_UART_Init)
    [Anonymous Symbol]                       0x08002750   Section        0  usart.o(.text.HAL_UART_MspInit)
    __arm_cp.3_1                             0x080028a0   Number         4  usart.o(.text.HAL_UART_MspInit)
    __arm_cp.3_2                             0x080028a4   Number         4  usart.o(.text.HAL_UART_MspInit)
    __arm_cp.3_3                             0x080028a8   Number         4  usart.o(.text.HAL_UART_MspInit)
    __arm_cp.3_4                             0x080028ac   Number         4  usart.o(.text.HAL_UART_MspInit)
    [Anonymous Symbol]                       0x080028b0   Section        0  stm32f1xx_hal_uart.o(.text.HAL_UART_Receive_IT)
    [Anonymous Symbol]                       0x080028fc   Section        0  user_callback.o(.text.HAL_UART_RxCpltCallback)
    __arm_cp.0_0                             0x08002930   Number         4  user_callback.o(.text.HAL_UART_RxCpltCallback)
    [Anonymous Symbol]                       0x08002934   Section        0  stm32f1xx_hal_uart.o(.text.HAL_UART_Transmit)
    [Anonymous Symbol]                       0x080029e2   Section        0  stm32f1xx_hal_uart.o(.text.HAL_UART_TxCpltCallback)
    [Anonymous Symbol]                       0x080029e4   Section        0  stm32f1xx_it.o(.text.HardFault_Handler)
    [Anonymous Symbol]                       0x080029e8   Section        0  keypad.o(.text.Key_scan)
    __arm_cp.0_0                             0x08002b80   Number         4  keypad.o(.text.Key_scan)
    [Anonymous Symbol]                       0x08002b84   Section        0  lcd.o(.text.LCD_Clear)
    [Anonymous Symbol]                       0x08002bac   Section        0  lcd.o(.text.LCD_Display8_8Number)
    __arm_cp.10_0                            0x08002bd4   Number         4  lcd.o(.text.LCD_Display8_8Number)
    [Anonymous Symbol]                       0x08002bd8   Section        0  lcd.o(.text.LCD_Display_Negative)
    [Anonymous Symbol]                       0x08002bf4   Section        0  lcd.o(.text.LCD_Display_Positive)
    __arm_cp.11_0                            0x08002c10   Number         4  lcd.o(.text.LCD_Display_Positive)
    [Anonymous Symbol]                       0x08002c14   Section        0  lcd.o(.text.LCD_Init)
    __arm_cp.8_2                             0x08002c9c   Number         4  lcd.o(.text.LCD_Init)
    __arm_cp.8_3                             0x08002ca0   Number         4  lcd.o(.text.LCD_Init)
    [Anonymous Symbol]                       0x08002ca4   Section        0  lcd.o(.text.LCD_SetColumnAddress)
    [Anonymous Symbol]                       0x08002cbc   Section        0  lcd.o(.text.LCD_SetPageAddress)
    [Anonymous Symbol]                       0x08002cc8   Section        0  lcd.o(.text.LCD_SetPointerPositon)
    [Anonymous Symbol]                       0x08002cdc   Section        0  lcd.o(.text.LCD_UpdateAllPixel)
    [Anonymous Symbol]                       0x08002cfc   Section        0  lcd.o(.text.LCD_WriteCommand)
    [Anonymous Symbol]                       0x08002d30   Section        0  lcd.o(.text.LCD_WriteDdata)
    __arm_cp.1_1                             0x08002d64   Number         4  lcd.o(.text.LCD_WriteDdata)
    [Anonymous Symbol]                       0x08002d68   Section        0  lcd.o(.text.LCD_WriteLine)
    [Anonymous Symbol]                       0x08002d8c   Section        0  mricrostepdriver.o(.text.Locate_RunStep)
    __arm_cp.2_0                             0x08002dcc   Number         4  mricrostepdriver.o(.text.Locate_RunStep)
    __arm_cp.2_1                             0x08002dd0   Number         4  mricrostepdriver.o(.text.Locate_RunStep)
    __arm_cp.2_2                             0x08002dd4   Number         4  mricrostepdriver.o(.text.Locate_RunStep)
    [Anonymous Symbol]                       0x08002dd8   Section        0  gpio.o(.text.MX_GPIO_Init)
    __arm_cp.0_0                             0x08002f08   Number         4  gpio.o(.text.MX_GPIO_Init)
    __arm_cp.0_1                             0x08002f0c   Number         4  gpio.o(.text.MX_GPIO_Init)
    __arm_cp.0_2                             0x08002f10   Number         4  gpio.o(.text.MX_GPIO_Init)
    __arm_cp.0_3                             0x08002f14   Number         4  gpio.o(.text.MX_GPIO_Init)
    [Anonymous Symbol]                       0x08002f18   Section        0  spi.o(.text.MX_SPI1_Init)
    __arm_cp.0_0                             0x08002f5c   Number         4  spi.o(.text.MX_SPI1_Init)
    __arm_cp.0_1                             0x08002f60   Number         4  spi.o(.text.MX_SPI1_Init)
    [Anonymous Symbol]                       0x08002f64   Section        0  tim.o(.text.MX_TIM1_Init)
    __arm_cp.0_0                             0x08003030   Number         4  tim.o(.text.MX_TIM1_Init)
    __arm_cp.0_1                             0x08003034   Number         4  tim.o(.text.MX_TIM1_Init)
    [Anonymous Symbol]                       0x08003038   Section        0  tim.o(.text.MX_TIM2_Init)
    [Anonymous Symbol]                       0x080030cc   Section        0  tim.o(.text.MX_TIM3_Init)
    __arm_cp.3_0                             0x0800312c   Number         4  tim.o(.text.MX_TIM3_Init)
    [Anonymous Symbol]                       0x08003130   Section        0  tim.o(.text.MX_TIM5_Init)
    __arm_cp.4_0                             0x08003190   Number         4  tim.o(.text.MX_TIM5_Init)
    [Anonymous Symbol]                       0x08003194   Section        0  usart.o(.text.MX_USART1_UART_Init)
    __arm_cp.0_0                             0x080031c4   Number         4  usart.o(.text.MX_USART1_UART_Init)
    __arm_cp.0_1                             0x080031c8   Number         4  usart.o(.text.MX_USART1_UART_Init)
    [Anonymous Symbol]                       0x080031cc   Section        0  usart.o(.text.MX_USART2_UART_Init)
    __arm_cp.1_0                             0x080031fc   Number         4  usart.o(.text.MX_USART2_UART_Init)
    __arm_cp.1_1                             0x08003200   Number         4  usart.o(.text.MX_USART2_UART_Init)
    [Anonymous Symbol]                       0x08003204   Section        0  usart.o(.text.MX_USART3_UART_Init)
    __arm_cp.2_0                             0x08003234   Number         4  usart.o(.text.MX_USART3_UART_Init)
    __arm_cp.2_1                             0x08003238   Number         4  usart.o(.text.MX_USART3_UART_Init)
    [Anonymous Symbol]                       0x0800323c   Section        0  stm32f1xx_it.o(.text.MemManage_Handler)
    [Anonymous Symbol]                       0x0800323e   Section        0  stm32f1xx_it.o(.text.NMI_Handler)
    [Anonymous Symbol]                       0x08003240   Section        0  stm32f1xx_it.o(.text.PendSV_Handler)
    SPI_EndRxTxTransaction                   0x08003243   Thumb Code    34  stm32f1xx_hal_spi.o(.text.SPI_EndRxTxTransaction)
    [Anonymous Symbol]                       0x08003242   Section        0  stm32f1xx_hal_spi.o(.text.SPI_EndRxTxTransaction)
    SPI_WaitFlagStateUntilTimeout            0x08003265   Thumb Code   128  stm32f1xx_hal_spi.o(.text.SPI_WaitFlagStateUntilTimeout)
    [Anonymous Symbol]                       0x08003264   Section        0  stm32f1xx_hal_spi.o(.text.SPI_WaitFlagStateUntilTimeout)
    [Anonymous Symbol]                       0x080032e4   Section        0  stm32f1xx_it.o(.text.SVC_Handler)
    [Anonymous Symbol]                       0x080032e6   Section        0  stm32f1xx_it.o(.text.SysTick_Handler)
    [Anonymous Symbol]                       0x080032ea   Section        0  main.o(.text.SystemClock_Config)
    [Anonymous Symbol]                       0x08003334   Section        0  system_stm32f1xx.o(.text.SystemInit)
    __arm_cp.0_0                             0x08003370   Number         4  system_stm32f1xx.o(.text.SystemInit)
    __arm_cp.0_1                             0x08003374   Number         4  system_stm32f1xx.o(.text.SystemInit)
    __arm_cp.0_2                             0x08003378   Number         4  system_stm32f1xx.o(.text.SystemInit)
    __arm_cp.0_3                             0x0800337c   Number         4  system_stm32f1xx.o(.text.SystemInit)
    [Anonymous Symbol]                       0x08003380   Section        0  stm32f1xx_it.o(.text.TIM2_IRQHandler)
    [Anonymous Symbol]                       0x08003388   Section        0  mricrostepdriver.o(.text.TIM2_Startup)
    __arm_cp.0_0                             0x08003408   Number         4  mricrostepdriver.o(.text.TIM2_Startup)
    __arm_cp.0_1                             0x0800340c   Number         4  mricrostepdriver.o(.text.TIM2_Startup)
    __arm_cp.0_2                             0x08003410   Number         4  mricrostepdriver.o(.text.TIM2_Startup)
    __arm_cp.0_3                             0x08003414   Number         4  mricrostepdriver.o(.text.TIM2_Startup)
    [Anonymous Symbol]                       0x08003418   Section        0  stm32f1xx_hal_tim.o(.text.TIM_Base_SetConfig)
    __arm_cp.2_0                             0x08003478   Number         4  stm32f1xx_hal_tim.o(.text.TIM_Base_SetConfig)
    __arm_cp.2_1                             0x0800347c   Number         4  stm32f1xx_hal_tim.o(.text.TIM_Base_SetConfig)
    __arm_cp.2_2                             0x08003480   Number         4  stm32f1xx_hal_tim.o(.text.TIM_Base_SetConfig)
    [Anonymous Symbol]                       0x08003484   Section        0  stm32f1xx_hal_tim.o(.text.TIM_CCxChannelCmd)
    TIM_OC1_SetConfig                        0x080034a5   Thumb Code   100  stm32f1xx_hal_tim.o(.text.TIM_OC1_SetConfig)
    [Anonymous Symbol]                       0x080034a4   Section        0  stm32f1xx_hal_tim.o(.text.TIM_OC1_SetConfig)
    [Anonymous Symbol]                       0x08003500   Section        0  stm32f1xx_hal_tim.o(.text.TIM_OC2_SetConfig)
    TIM_OC3_SetConfig                        0x08003565   Thumb Code   108  stm32f1xx_hal_tim.o(.text.TIM_OC3_SetConfig)
    [Anonymous Symbol]                       0x08003564   Section        0  stm32f1xx_hal_tim.o(.text.TIM_OC3_SetConfig)
    TIM_OC4_SetConfig                        0x080035c9   Thumb Code    84  stm32f1xx_hal_tim.o(.text.TIM_OC4_SetConfig)
    [Anonymous Symbol]                       0x080035c8   Section        0  stm32f1xx_hal_tim.o(.text.TIM_OC4_SetConfig)
    __arm_cp.77_0                            0x08003614   Number         4  stm32f1xx_hal_tim.o(.text.TIM_OC4_SetConfig)
    __arm_cp.77_1                            0x08003618   Number         4  stm32f1xx_hal_tim.o(.text.TIM_OC4_SetConfig)
    TIM_TI1_ConfigInputStage                 0x0800361d   Thumb Code    34  stm32f1xx_hal_tim.o(.text.TIM_TI1_ConfigInputStage)
    [Anonymous Symbol]                       0x0800361c   Section        0  stm32f1xx_hal_tim.o(.text.TIM_TI1_ConfigInputStage)
    TIM_TI2_ConfigInputStage                 0x0800363f   Thumb Code    34  stm32f1xx_hal_tim.o(.text.TIM_TI2_ConfigInputStage)
    [Anonymous Symbol]                       0x0800363e   Section        0  stm32f1xx_hal_tim.o(.text.TIM_TI2_ConfigInputStage)
    UART_DMAAbortOnError                     0x08003661   Thumb Code    12  stm32f1xx_hal_uart.o(.text.UART_DMAAbortOnError)
    [Anonymous Symbol]                       0x08003660   Section        0  stm32f1xx_hal_uart.o(.text.UART_DMAAbortOnError)
    UART_EndRxTransfer                       0x0800366d   Thumb Code    26  stm32f1xx_hal_uart.o(.text.UART_EndRxTransfer)
    [Anonymous Symbol]                       0x0800366c   Section        0  stm32f1xx_hal_uart.o(.text.UART_EndRxTransfer)
    UART_Receive_IT                          0x08003687   Thumb Code   120  stm32f1xx_hal_uart.o(.text.UART_Receive_IT)
    [Anonymous Symbol]                       0x08003686   Section        0  stm32f1xx_hal_uart.o(.text.UART_Receive_IT)
    UART_SetConfig                           0x08003701   Thumb Code   132  stm32f1xx_hal_uart.o(.text.UART_SetConfig)
    [Anonymous Symbol]                       0x08003700   Section        0  stm32f1xx_hal_uart.o(.text.UART_SetConfig)
    __arm_cp.2_0                             0x08003780   Number         4  stm32f1xx_hal_uart.o(.text.UART_SetConfig)
    UART_WaitOnFlagUntilTimeout              0x08003785   Thumb Code    88  stm32f1xx_hal_uart.o(.text.UART_WaitOnFlagUntilTimeout)
    [Anonymous Symbol]                       0x08003784   Section        0  stm32f1xx_hal_uart.o(.text.UART_WaitOnFlagUntilTimeout)
    [Anonymous Symbol]                       0x080037dc   Section        0  stm32f1xx_it.o(.text.USART1_IRQHandler)
    [Anonymous Symbol]                       0x080037e4   Section        0  stm32f1xx_it.o(.text.USART2_IRQHandler)
    [Anonymous Symbol]                       0x080037ec   Section        0  stm32f1xx_it.o(.text.USART3_IRQHandler)
    [Anonymous Symbol]                       0x080037f4   Section        0  stm32f1xx_it.o(.text.UsageFault_Handler)
    [Anonymous Symbol]                       0x080037f8   Section        0  user_uart.o(.text.User_DebugUart_Init)
    [Anonymous Symbol]                       0x08003804   Section        0  user_uart.o(.text.User_DistantUart_Init)
    __arm_cp.6_0                             0x0800382c   Number         4  user_uart.o(.text.User_DistantUart_Init)
    [Anonymous Symbol]                       0x08003838   Section        0  user_uart.o(.text.User_GetErrorUart_Init)
    [Anonymous Symbol]                       0x08003848   Section        0  user_main.o(.text.User_main)
    __arm_cp.0_0                             0x08003878   Number         4  user_main.o(.text.User_main)
    __arm_cp.0_1                             0x0800387c   Number         4  user_main.o(.text.User_main)
    [Anonymous Symbol]                       0x08003880   Section        0  user_uart.o(.text._GetCommandUartCallBack)
    __arm_cp.8_1                             0x08003894   Number         4  user_uart.o(.text._GetCommandUartCallBack)
    [Anonymous Symbol]                       0x08003898   Section        0  user_uart.o(.text._GetDistantUartCallBack)
    __arm_cp.9_1                             0x08003904   Number         4  user_uart.o(.text._GetDistantUartCallBack)
    __arm_cp.9_2                             0x08003908   Number         4  user_uart.o(.text._GetDistantUartCallBack)
    [Anonymous Symbol]                       0x0800390c   Section        0  user_uart.o(.text._GetErrorUartCallBack)
    __arm_cp.7_0                             0x080039c4   Number         4  user_uart.o(.text._GetErrorUartCallBack)
    __arm_cp.7_1                             0x080039c8   Number         4  user_uart.o(.text._GetErrorUartCallBack)
    __NVIC_SetPriority                       0x080039cd   Thumb Code    36  stm32f1xx_hal_cortex.o(.text.__NVIC_SetPriority)
    [Anonymous Symbol]                       0x080039cc   Section        0  stm32f1xx_hal_cortex.o(.text.__NVIC_SetPriority)
    __arm_cp.2_0                             0x080039e8   Number         4  stm32f1xx_hal_cortex.o(.text.__NVIC_SetPriority)
    __arm_cp.2_1                             0x080039ec   Number         4  stm32f1xx_hal_cortex.o(.text.__NVIC_SetPriority)
    [Anonymous Symbol]                       0x080039f0   Section        0  main.o(.text.main)
    i.__aeabi_errno_addr                     0x08003a24   Section        0  errno.o(i.__aeabi_errno_addr)
    i.__read_errno                           0x08003a2c   Section        0  errno.o(i.__read_errno)
    i.__scatterload_copy                     0x08003a38   Section       14  handlers.o(i.__scatterload_copy)
    i.__scatterload_null                     0x08003a46   Section        2  handlers.o(i.__scatterload_null)
    i.__scatterload_zeroinit                 0x08003a48   Section       14  handlers.o(i.__scatterload_zeroinit)
    i.__set_errno                            0x08003a58   Section        0  errno.o(i.__set_errno)
    i._is_digit                              0x08003a64   Section        0  scanf_fp.o(i._is_digit)
    i.atof                                   0x08003a72   Section        0  atof.o(i.atof)
    .constdata                               0x08003a9e   Section      129  ctype_o.o(.constdata)
    table                                    0x08003b20   Data           4  ctype_o.o(.constdata)
    .constdata                               0x08003b20   Section        4  ctype_o.o(.constdata)
    _errno                                   0x20000000   Data           4  errno.o(.data)
    .data                                    0x20000000   Section        4  errno.o(.data)
    [Anonymous Symbol]                       0x20000004   Section        0  stm32f1xx_hal.o(.data..L_MergedGlobals)
    [Anonymous Symbol]                       0x20000010   Section        0  user_uart.o(.bss..L_MergedGlobals)
    CommandUpdateStatus                      0x20000011   Data           1  user_uart.o(.bss..L_MergedGlobals)
    _GetCommandRXBuffer                      0x20000012   Data           1  user_uart.o(.bss..L_MergedGlobals)
    _GetDistantRxVal                         0x20000013   Data           1  user_uart.o(.bss..L_MergedGlobals)
    _GetDistantUartCallBack.RxCount          0x20000014   Data           1  user_uart.o(.bss..L_MergedGlobals)
    _GetDistantRxBuffer                      0x20000028   Data          12  user_uart.o(.bss..L_MergedGlobals)
    [Anonymous Symbol]                       0x20000034   Section        0  timer.o(.bss..L_MergedGlobals)
    [Anonymous Symbol]                       0x2000003c   Section        0  mricrostepdriver.o(.bss..L_MergedGlobals)
    STACK                                    0x20000268   Section     1024  startup_stm32f103xe.o(STACK)

    Global Symbols

    Symbol Name                              Value     Ov Type        Size  Object(Section)

    BuildAttributes$$THM_ISAv4$P$D$K$B$S$PE$A:L22UL41UL21$X:L11$S22US41US21$IEEE1$IW$~IW$USESV6$~STKCKD$USESV7$~SHL$OTIME$ROPI$IEEEJ$EBA8$MICROLIB$REQ8$PRES8$EABIv2 0x00000000   Number         0  anon$$obj.o ABSOLUTE
    __cpp_initialize__aeabi_                  - Undefined Weak Reference
    __cxa_finalize                            - Undefined Weak Reference
    __decompress                              - Undefined Weak Reference
    _clock_init                               - Undefined Weak Reference
    _microlib_exit                            - Undefined Weak Reference
    __Vectors_Size                           0x00000130   Number         0  startup_stm32f103xe.o ABSOLUTE
    __Vectors                                0x08000000   Data           4  startup_stm32f103xe.o(RESET)
    __Vectors_End                            0x08000130   Data           0  startup_stm32f103xe.o(RESET)
    __main                                   0x08000131   Thumb Code     0  entry.o(.ARM.Collect$$$$00000000)
    _main_stk                                0x08000131   Thumb Code     0  entry2.o(.ARM.Collect$$$$00000001)
    _main_scatterload                        0x08000135   Thumb Code     0  entry5.o(.ARM.Collect$$$$00000004)
    __main_after_scatterload                 0x08000139   Thumb Code     0  entry5.o(.ARM.Collect$$$$00000004)
    _main_clock                              0x08000139   Thumb Code     0  entry7b.o(.ARM.Collect$$$$00000008)
    _main_cpp_init                           0x08000139   Thumb Code     0  entry8b.o(.ARM.Collect$$$$0000000A)
    _main_init                               0x08000139   Thumb Code     0  entry9a.o(.ARM.Collect$$$$0000000B)
    __rt_final_cpp                           0x08000141   Thumb Code     0  entry10a.o(.ARM.Collect$$$$0000000D)
    __rt_final_exit                          0x08000141   Thumb Code     0  entry11a.o(.ARM.Collect$$$$0000000F)
    Reset_Handler                            0x08000145   Thumb Code     8  startup_stm32f103xe.o(.text)
    ADC1_2_IRQHandler                        0x0800015f   Thumb Code     0  startup_stm32f103xe.o(.text)
    ADC3_IRQHandler                          0x0800015f   Thumb Code     0  startup_stm32f103xe.o(.text)
    CAN1_RX1_IRQHandler                      0x0800015f   Thumb Code     0  startup_stm32f103xe.o(.text)
    CAN1_SCE_IRQHandler                      0x0800015f   Thumb Code     0  startup_stm32f103xe.o(.text)
    DMA1_Channel1_IRQHandler                 0x0800015f   Thumb Code     0  startup_stm32f103xe.o(.text)
    DMA1_Channel2_IRQHandler                 0x0800015f   Thumb Code     0  startup_stm32f103xe.o(.text)
    DMA1_Channel3_IRQHandler                 0x0800015f   Thumb Code     0  startup_stm32f103xe.o(.text)
    DMA1_Channel4_IRQHandler                 0x0800015f   Thumb Code     0  startup_stm32f103xe.o(.text)
    DMA1_Channel5_IRQHandler                 0x0800015f   Thumb Code     0  startup_stm32f103xe.o(.text)
    DMA1_Channel6_IRQHandler                 0x0800015f   Thumb Code     0  startup_stm32f103xe.o(.text)
    DMA1_Channel7_IRQHandler                 0x0800015f   Thumb Code     0  startup_stm32f103xe.o(.text)
    DMA2_Channel1_IRQHandler                 0x0800015f   Thumb Code     0  startup_stm32f103xe.o(.text)
    DMA2_Channel2_IRQHandler                 0x0800015f   Thumb Code     0  startup_stm32f103xe.o(.text)
    DMA2_Channel3_IRQHandler                 0x0800015f   Thumb Code     0  startup_stm32f103xe.o(.text)
    DMA2_Channel4_5_IRQHandler               0x0800015f   Thumb Code     0  startup_stm32f103xe.o(.text)
    EXTI0_IRQHandler                         0x0800015f   Thumb Code     0  startup_stm32f103xe.o(.text)
    EXTI15_10_IRQHandler                     0x0800015f   Thumb Code     0  startup_stm32f103xe.o(.text)
    EXTI1_IRQHandler                         0x0800015f   Thumb Code     0  startup_stm32f103xe.o(.text)
    EXTI2_IRQHandler                         0x0800015f   Thumb Code     0  startup_stm32f103xe.o(.text)
    EXTI3_IRQHandler                         0x0800015f   Thumb Code     0  startup_stm32f103xe.o(.text)
    EXTI4_IRQHandler                         0x0800015f   Thumb Code     0  startup_stm32f103xe.o(.text)
    EXTI9_5_IRQHandler                       0x0800015f   Thumb Code     0  startup_stm32f103xe.o(.text)
    FLASH_IRQHandler                         0x0800015f   Thumb Code     0  startup_stm32f103xe.o(.text)
    FSMC_IRQHandler                          0x0800015f   Thumb Code     0  startup_stm32f103xe.o(.text)
    I2C1_ER_IRQHandler                       0x0800015f   Thumb Code     0  startup_stm32f103xe.o(.text)
    I2C1_EV_IRQHandler                       0x0800015f   Thumb Code     0  startup_stm32f103xe.o(.text)
    I2C2_ER_IRQHandler                       0x0800015f   Thumb Code     0  startup_stm32f103xe.o(.text)
    I2C2_EV_IRQHandler                       0x0800015f   Thumb Code     0  startup_stm32f103xe.o(.text)
    PVD_IRQHandler                           0x0800015f   Thumb Code     0  startup_stm32f103xe.o(.text)
    RCC_IRQHandler                           0x0800015f   Thumb Code     0  startup_stm32f103xe.o(.text)
    RTC_Alarm_IRQHandler                     0x0800015f   Thumb Code     0  startup_stm32f103xe.o(.text)
    RTC_IRQHandler                           0x0800015f   Thumb Code     0  startup_stm32f103xe.o(.text)
    SDIO_IRQHandler                          0x0800015f   Thumb Code     0  startup_stm32f103xe.o(.text)
    SPI1_IRQHandler                          0x0800015f   Thumb Code     0  startup_stm32f103xe.o(.text)
    SPI2_IRQHandler                          0x0800015f   Thumb Code     0  startup_stm32f103xe.o(.text)
    SPI3_IRQHandler                          0x0800015f   Thumb Code     0  startup_stm32f103xe.o(.text)
    TAMPER_IRQHandler                        0x0800015f   Thumb Code     0  startup_stm32f103xe.o(.text)
    TIM1_BRK_IRQHandler                      0x0800015f   Thumb Code     0  startup_stm32f103xe.o(.text)
    TIM1_CC_IRQHandler                       0x0800015f   Thumb Code     0  startup_stm32f103xe.o(.text)
    TIM1_TRG_COM_IRQHandler                  0x0800015f   Thumb Code     0  startup_stm32f103xe.o(.text)
    TIM1_UP_IRQHandler                       0x0800015f   Thumb Code     0  startup_stm32f103xe.o(.text)
    TIM3_IRQHandler                          0x0800015f   Thumb Code     0  startup_stm32f103xe.o(.text)
    TIM4_IRQHandler                          0x0800015f   Thumb Code     0  startup_stm32f103xe.o(.text)
    TIM5_IRQHandler                          0x0800015f   Thumb Code     0  startup_stm32f103xe.o(.text)
    TIM6_IRQHandler                          0x0800015f   Thumb Code     0  startup_stm32f103xe.o(.text)
    TIM7_IRQHandler                          0x0800015f   Thumb Code     0  startup_stm32f103xe.o(.text)
    TIM8_BRK_IRQHandler                      0x0800015f   Thumb Code     0  startup_stm32f103xe.o(.text)
    TIM8_CC_IRQHandler                       0x0800015f   Thumb Code     0  startup_stm32f103xe.o(.text)
    TIM8_TRG_COM_IRQHandler                  0x0800015f   Thumb Code     0  startup_stm32f103xe.o(.text)
    TIM8_UP_IRQHandler                       0x0800015f   Thumb Code     0  startup_stm32f103xe.o(.text)
    UART4_IRQHandler                         0x0800015f   Thumb Code     0  startup_stm32f103xe.o(.text)
    UART5_IRQHandler                         0x0800015f   Thumb Code     0  startup_stm32f103xe.o(.text)
    USBWakeUp_IRQHandler                     0x0800015f   Thumb Code     0  startup_stm32f103xe.o(.text)
    USB_HP_CAN1_TX_IRQHandler                0x0800015f   Thumb Code     0  startup_stm32f103xe.o(.text)
    USB_LP_CAN1_RX0_IRQHandler               0x0800015f   Thumb Code     0  startup_stm32f103xe.o(.text)
    WWDG_IRQHandler                          0x0800015f   Thumb Code     0  startup_stm32f103xe.o(.text)
    __aeabi_llsr                             0x08000169   Thumb Code    32  llushr.o(.text)
    _ll_ushift_r                             0x08000169   Thumb Code     0  llushr.o(.text)
    __aeabi_memset                           0x08000189   Thumb Code    14  memseta.o(.text)
    __aeabi_memset4                          0x08000189   Thumb Code     0  memseta.o(.text)
    __aeabi_memset8                          0x08000189   Thumb Code     0  memseta.o(.text)
    __aeabi_memclr                           0x08000197   Thumb Code     4  memseta.o(.text)
    __aeabi_memclr4                          0x08000197   Thumb Code     0  memseta.o(.text)
    __aeabi_memclr8                          0x08000197   Thumb Code     0  memseta.o(.text)
    _memset$wrapper                          0x0800019b   Thumb Code    18  memseta.o(.text)
    atoi                                     0x080001ad   Thumb Code    26  atoi.o(.text)
    __aeabi_fmul                             0x080001c7   Thumb Code   100  fmul.o(.text)
    __aeabi_dadd                             0x0800022b   Thumb Code   322  dadd.o(.text)
    __aeabi_dsub                             0x0800036d   Thumb Code     6  dadd.o(.text)
    __aeabi_drsub                            0x08000373   Thumb Code     6  dadd.o(.text)
    __aeabi_dmul                             0x08000379   Thumb Code   228  dmul.o(.text)
    __aeabi_i2d                              0x0800045d   Thumb Code    34  dflti.o(.text)
    __aeabi_ui2d                             0x0800047f   Thumb Code    26  dfltui.o(.text)
    __aeabi_f2uiz                            0x08000499   Thumb Code    40  ffixui.o(.text)
    __aeabi_d2uiz                            0x080004c1   Thumb Code    50  dfixui.o(.text)
    __aeabi_f2d                              0x080004f3   Thumb Code    38  f2d.o(.text)
    __aeabi_d2f                              0x08000519   Thumb Code    56  d2f.o(.text)
    __aeabi_llsl                             0x08000551   Thumb Code    30  llshl.o(.text)
    _ll_shift_l                              0x08000551   Thumb Code     0  llshl.o(.text)
    __aeabi_lasr                             0x0800056f   Thumb Code    36  llsshr.o(.text)
    _ll_sshift_r                             0x0800056f   Thumb Code     0  llsshr.o(.text)
    __strtod_int                             0x080005d3   Thumb Code    94  strtod.o(.text)
    strtol                                   0x0800063d   Thumb Code   112  strtol.o(.text)
    __I$use$fp                               0x080006ad   Thumb Code     0  iusefp.o(.text)
    _float_round                             0x080006ad   Thumb Code    18  fepilogue.o(.text)
    _float_epilogue                          0x080006bf   Thumb Code    92  fepilogue.o(.text)
    _double_round                            0x0800071b   Thumb Code    30  depilogue.o(.text)
    _double_epilogue                         0x08000739   Thumb Code   156  depilogue.o(.text)
    __scatterload                            0x080007d5   Thumb Code    28  init.o(.text)
    __scatterload_rt2                        0x080007d5   Thumb Code     0  init.o(.text)
    __rt_ctype_table                         0x080007f9   Thumb Code     4  ctype_o.o(.text)
    isspace                                  0x08000801   Thumb Code    18  isspace_o.o(.text)
    _scanf_real                              0x0800093d   Thumb Code     0  scanf_fp.o(.text)
    _scanf_really_real                       0x0800093d   Thumb Code   556  scanf_fp.o(.text)
    _sgetc                                   0x08000b75   Thumb Code    30  _sgetc.o(.text)
    _sbackspace                              0x08000b93   Thumb Code    34  _sgetc.o(.text)
    _strtoul                                 0x08000bb5   Thumb Code   158  _strtoul.o(.text)
    _chval                                   0x08000c53   Thumb Code    28  _chval.o(.text)
    __aeabi_ddiv                             0x08000c6f   Thumb Code   222  ddiv.o(.text)
    __aeabi_ul2d                             0x08000d4d   Thumb Code    24  dfltul.o(.text)
    AutoTurnFire                             0x08000d65   Thumb Code   168  user_check.o(.text.AutoTurnFire)
    BusFault_Handler                         0x08000e05   Thumb Code     2  stm32f1xx_it.o(.text.BusFault_Handler)
    Check                                    0x08000e09   Thumb Code    88  user_check.o(.text.Check)
    DealAdvance1                             0x08000e61   Thumb Code    88  user_check.o(.text.DealAdvance1)
    DealBasic1                               0x08000eb5   Thumb Code    84  user_check.o(.text.DealBasic1)
    DealBasic2                               0x08000f05   Thumb Code   228  user_check.o(.text.DealBasic2)
    DealBasic3                               0x08000fdd   Thumb Code   532  user_check.o(.text.DealBasic3)
    DebugMon_Handler                         0x080011f1   Thumb Code     2  stm32f1xx_it.o(.text.DebugMon_Handler)
    DigitDialIn                              0x080011f5   Thumb Code   158  user_check.o(.text.DigitDialIn)
    DistantFire                              0x08001295   Thumb Code   116  user_check.o(.text.DistantFire)
    Error_Handler                            0x08001309   Thumb Code     2  main.o(.text.Error_Handler)
    GaussGun_Fire                            0x0800130d   Thumb Code    84  gaussgun.o(.text.GaussGun_Fire)
    Get_CoordinateXResult                    0x08001361   Thumb Code    12  user_uart.o(.text.Get_CoordinateXResult)
    HAL_DMA_Abort_IT                         0x0800136d   Thumb Code   244  stm32f1xx_hal_dma.o(.text.HAL_DMA_Abort_IT)
    HAL_Delay                                0x08001461   Thumb Code    36  stm32f1xx_hal.o(.text.HAL_Delay)
    HAL_GPIO_Init                            0x08001481   Thumb Code   428  stm32f1xx_hal_gpio.o(.text.HAL_GPIO_Init)
    HAL_GPIO_WritePin                        0x08001629   Thumb Code    10  stm32f1xx_hal_gpio.o(.text.HAL_GPIO_WritePin)
    HAL_GetTick                              0x08001635   Thumb Code    12  stm32f1xx_hal.o(.text.HAL_GetTick)
    HAL_IncTick                              0x0800163d   Thumb Code    24  stm32f1xx_hal.o(.text.HAL_IncTick)
    HAL_Init                                 0x08001651   Thumb Code    36  stm32f1xx_hal.o(.text.HAL_Init)
    HAL_InitTick                             0x08001671   Thumb Code    64  stm32f1xx_hal.o(.text.HAL_InitTick)
    HAL_MspInit                              0x080016ad   Thumb Code    64  stm32f1xx_hal_msp.o(.text.HAL_MspInit)
    HAL_NVIC_EnableIRQ                       0x080016ed   Thumb Code    28  stm32f1xx_hal_cortex.o(.text.HAL_NVIC_EnableIRQ)
    HAL_NVIC_SetPriority                     0x08001709   Thumb Code    64  stm32f1xx_hal_cortex.o(.text.HAL_NVIC_SetPriority)
    HAL_NVIC_SetPriorityGrouping             0x08001745   Thumb Code    32  stm32f1xx_hal_cortex.o(.text.HAL_NVIC_SetPriorityGrouping)
    HAL_RCC_ClockConfig                      0x08001765   Thumb Code   324  stm32f1xx_hal_rcc.o(.text.HAL_RCC_ClockConfig)
    HAL_RCC_GetPCLK1Freq                     0x080018a1   Thumb Code    32  stm32f1xx_hal_rcc.o(.text.HAL_RCC_GetPCLK1Freq)
    HAL_RCC_GetPCLK2Freq                     0x080018b5   Thumb Code    32  stm32f1xx_hal_rcc.o(.text.HAL_RCC_GetPCLK2Freq)
    HAL_RCC_GetSysClockFreq                  0x080018d1   Thumb Code    88  stm32f1xx_hal_rcc.o(.text.HAL_RCC_GetSysClockFreq)
    HAL_RCC_OscConfig                        0x08001929   Thumb Code   804  stm32f1xx_hal_rcc.o(.text.HAL_RCC_OscConfig)
    HAL_SPI_Init                             0x08001c4d   Thumb Code   122  stm32f1xx_hal_spi.o(.text.HAL_SPI_Init)
    HAL_SPI_MspInit                          0x08001cc9   Thumb Code    96  spi.o(.text.HAL_SPI_MspInit)
    HAL_SPI_Transmit                         0x08001d29   Thumb Code   354  stm32f1xx_hal_spi.o(.text.HAL_SPI_Transmit)
    HAL_SYSTICK_Config                       0x08001e8d   Thumb Code    40  stm32f1xx_hal_cortex.o(.text.HAL_SYSTICK_Config)
    HAL_TIMEx_BreakCallback                  0x08001eb5   Thumb Code     2  stm32f1xx_hal_tim_ex.o(.text.HAL_TIMEx_BreakCallback)
    HAL_TIMEx_CommutCallback                 0x08001eb7   Thumb Code     2  stm32f1xx_hal_tim_ex.o(.text.HAL_TIMEx_CommutCallback)
    HAL_TIMEx_ConfigBreakDeadTime            0x08001eb9   Thumb Code    80  stm32f1xx_hal_tim_ex.o(.text.HAL_TIMEx_ConfigBreakDeadTime)
    HAL_TIMEx_MasterConfigSynchronization    0x08001f09   Thumb Code    66  stm32f1xx_hal_tim_ex.o(.text.HAL_TIMEx_MasterConfigSynchronization)
    HAL_TIM_Base_Init                        0x08001f4b   Thumb Code    52  stm32f1xx_hal_tim.o(.text.HAL_TIM_Base_Init)
    HAL_TIM_Base_MspInit                     0x08001f81   Thumb Code   152  tim.o(.text.HAL_TIM_Base_MspInit)
    HAL_TIM_Base_Start                       0x08002019   Thumb Code    36  stm32f1xx_hal_tim.o(.text.HAL_TIM_Base_Start)
    HAL_TIM_Base_Start_IT                    0x0800203d   Thumb Code    32  stm32f1xx_hal_tim.o(.text.HAL_TIM_Base_Start_IT)
    HAL_TIM_Base_Stop                        0x0800205d   Thumb Code    46  stm32f1xx_hal_tim.o(.text.HAL_TIM_Base_Stop)
    HAL_TIM_Base_Stop_IT                     0x0800208b   Thumb Code    42  stm32f1xx_hal_tim.o(.text.HAL_TIM_Base_Stop_IT)
    HAL_TIM_ConfigClockSource                0x080020b5   Thumb Code   272  stm32f1xx_hal_tim.o(.text.HAL_TIM_ConfigClockSource)
    HAL_TIM_IC_CaptureCallback               0x080021c5   Thumb Code     2  stm32f1xx_hal_tim.o(.text.HAL_TIM_IC_CaptureCallback)
    HAL_TIM_IRQHandler                       0x080021c7   Thumb Code   362  stm32f1xx_hal_tim.o(.text.HAL_TIM_IRQHandler)
    HAL_TIM_MspPostInit                      0x08002331   Thumb Code   144  tim.o(.text.HAL_TIM_MspPostInit)
    HAL_TIM_OC_DelayElapsedCallback          0x080023bd   Thumb Code     2  stm32f1xx_hal_tim.o(.text.HAL_TIM_OC_DelayElapsedCallback)
    HAL_TIM_PWM_ConfigChannel                0x080023c1   Thumb Code   158  stm32f1xx_hal_tim.o(.text.HAL_TIM_PWM_ConfigChannel)
    HAL_TIM_PWM_Init                         0x0800245f   Thumb Code    52  stm32f1xx_hal_tim.o(.text.HAL_TIM_PWM_Init)
    HAL_TIM_PWM_MspInit                      0x08002493   Thumb Code     2  stm32f1xx_hal_tim.o(.text.HAL_TIM_PWM_MspInit)
    HAL_TIM_PWM_PulseFinishedCallback        0x08002495   Thumb Code     2  stm32f1xx_hal_tim.o(.text.HAL_TIM_PWM_PulseFinishedCallback)
    HAL_TIM_PWM_Start                        0x08002499   Thumb Code    64  stm32f1xx_hal_tim.o(.text.HAL_TIM_PWM_Start)
    HAL_TIM_PWM_Stop                         0x080024d1   Thumb Code   100  stm32f1xx_hal_tim.o(.text.HAL_TIM_PWM_Stop)
    HAL_TIM_PeriodElapsedCallback            0x08002535   Thumb Code    84  timer.o(.text.HAL_TIM_PeriodElapsedCallback)
    HAL_TIM_TriggerCallback                  0x08002589   Thumb Code     2  stm32f1xx_hal_tim.o(.text.HAL_TIM_TriggerCallback)
    HAL_UART_ErrorCallback                   0x0800258b   Thumb Code     2  stm32f1xx_hal_uart.o(.text.HAL_UART_ErrorCallback)
    HAL_UART_IRQHandler                      0x0800258d   Thumb Code   360  stm32f1xx_hal_uart.o(.text.HAL_UART_IRQHandler)
    HAL_UART_Init                            0x080026f5   Thumb Code    92  stm32f1xx_hal_uart.o(.text.HAL_UART_Init)
    HAL_UART_MspInit                         0x08002751   Thumb Code   356  usart.o(.text.HAL_UART_MspInit)
    HAL_UART_Receive_IT                      0x080028b1   Thumb Code    76  stm32f1xx_hal_uart.o(.text.HAL_UART_Receive_IT)
    HAL_UART_RxCpltCallback                  0x080028fd   Thumb Code    56  user_callback.o(.text.HAL_UART_RxCpltCallback)
    HAL_UART_Transmit                        0x08002935   Thumb Code   174  stm32f1xx_hal_uart.o(.text.HAL_UART_Transmit)
    HAL_UART_TxCpltCallback                  0x080029e3   Thumb Code     2  stm32f1xx_hal_uart.o(.text.HAL_UART_TxCpltCallback)
    HardFault_Handler                        0x080029e5   Thumb Code     2  stm32f1xx_it.o(.text.HardFault_Handler)
    Key_scan                                 0x080029e9   Thumb Code   416  keypad.o(.text.Key_scan)
    LCD_Clear                                0x08002b85   Thumb Code    38  lcd.o(.text.LCD_Clear)
    LCD_Display8_8Number                     0x08002bad   Thumb Code    48  lcd.o(.text.LCD_Display8_8Number)
    LCD_Display_Negative                     0x08002bd9   Thumb Code    32  lcd.o(.text.LCD_Display_Negative)
    LCD_Display_Positive                     0x08002bf5   Thumb Code    32  lcd.o(.text.LCD_Display_Positive)
    LCD_Init                                 0x08002c15   Thumb Code   152  lcd.o(.text.LCD_Init)
    LCD_SetColumnAddress                     0x08002ca5   Thumb Code    24  lcd.o(.text.LCD_SetColumnAddress)
    LCD_SetPageAddress                       0x08002cbd   Thumb Code    12  lcd.o(.text.LCD_SetPageAddress)
    LCD_SetPointerPositon                    0x08002cc9   Thumb Code    20  lcd.o(.text.LCD_SetPointerPositon)
    LCD_UpdateAllPixel                       0x08002cdd   Thumb Code    32  lcd.o(.text.LCD_UpdateAllPixel)
    LCD_WriteCommand                         0x08002cfd   Thumb Code    64  lcd.o(.text.LCD_WriteCommand)
    LCD_WriteDdata                           0x08002d31   Thumb Code    64  lcd.o(.text.LCD_WriteDdata)
    LCD_WriteLine                            0x08002d69   Thumb Code    36  lcd.o(.text.LCD_WriteLine)
    Locate_RunStep                           0x08002d8d   Thumb Code    76  mricrostepdriver.o(.text.Locate_RunStep)
    MX_GPIO_Init                             0x08002dd9   Thumb Code   320  gpio.o(.text.MX_GPIO_Init)
    MX_SPI1_Init                             0x08002f19   Thumb Code    76  spi.o(.text.MX_SPI1_Init)
    MX_TIM1_Init                             0x08002f65   Thumb Code   212  tim.o(.text.MX_TIM1_Init)
    MX_TIM2_Init                             0x08003039   Thumb Code   152  tim.o(.text.MX_TIM2_Init)
    MX_TIM3_Init                             0x080030cd   Thumb Code   104  tim.o(.text.MX_TIM3_Init)
    MX_TIM5_Init                             0x08003131   Thumb Code   104  tim.o(.text.MX_TIM5_Init)
    MX_USART1_UART_Init                      0x08003195   Thumb Code    56  usart.o(.text.MX_USART1_UART_Init)
    MX_USART2_UART_Init                      0x080031cd   Thumb Code    56  usart.o(.text.MX_USART2_UART_Init)
    MX_USART3_UART_Init                      0x08003205   Thumb Code    56  usart.o(.text.MX_USART3_UART_Init)
    MemManage_Handler                        0x0800323d   Thumb Code     2  stm32f1xx_it.o(.text.MemManage_Handler)
    NMI_Handler                              0x0800323f   Thumb Code     2  stm32f1xx_it.o(.text.NMI_Handler)
    PendSV_Handler                           0x08003241   Thumb Code     2  stm32f1xx_it.o(.text.PendSV_Handler)
    SVC_Handler                              0x080032e5   Thumb Code     2  stm32f1xx_it.o(.text.SVC_Handler)
    SysTick_Handler                          0x080032e7   Thumb Code     4  stm32f1xx_it.o(.text.SysTick_Handler)
    SystemClock_Config                       0x080032eb   Thumb Code    74  main.o(.text.SystemClock_Config)
    SystemInit                               0x08003335   Thumb Code    76  system_stm32f1xx.o(.text.SystemInit)
    TIM2_IRQHandler                          0x08003381   Thumb Code    12  stm32f1xx_it.o(.text.TIM2_IRQHandler)
    TIM2_Startup                             0x08003389   Thumb Code   144  mricrostepdriver.o(.text.TIM2_Startup)
    TIM_Base_SetConfig                       0x08003419   Thumb Code   116  stm32f1xx_hal_tim.o(.text.TIM_Base_SetConfig)
    TIM_CCxChannelCmd                        0x08003485   Thumb Code    30  stm32f1xx_hal_tim.o(.text.TIM_CCxChannelCmd)
    TIM_OC2_SetConfig                        0x08003501   Thumb Code   108  stm32f1xx_hal_tim.o(.text.TIM_OC2_SetConfig)
    USART1_IRQHandler                        0x080037dd   Thumb Code    12  stm32f1xx_it.o(.text.USART1_IRQHandler)
    USART2_IRQHandler                        0x080037e5   Thumb Code    12  stm32f1xx_it.o(.text.USART2_IRQHandler)
    USART3_IRQHandler                        0x080037ed   Thumb Code    12  stm32f1xx_it.o(.text.USART3_IRQHandler)
    UsageFault_Handler                       0x080037f5   Thumb Code     2  stm32f1xx_it.o(.text.UsageFault_Handler)
    User_DebugUart_Init                      0x080037f9   Thumb Code    20  user_uart.o(.text.User_DebugUart_Init)
    User_DistantUart_Init                    0x08003805   Thumb Code    56  user_uart.o(.text.User_DistantUart_Init)
    User_GetErrorUart_Init                   0x08003839   Thumb Code    24  user_uart.o(.text.User_GetErrorUart_Init)
    User_main                                0x08003849   Thumb Code    56  user_main.o(.text.User_main)
    _GetCommandUartCallBack                  0x08003881   Thumb Code    28  user_uart.o(.text._GetCommandUartCallBack)
    _GetDistantUartCallBack                  0x08003899   Thumb Code   120  user_uart.o(.text._GetDistantUartCallBack)
    _GetErrorUartCallBack                    0x0800390d   Thumb Code   192  user_uart.o(.text._GetErrorUartCallBack)
    main                                     0x080039f1   Thumb Code    50  main.o(.text.main)
    __aeabi_errno_addr                       0x08003a25   Thumb Code     4  errno.o(i.__aeabi_errno_addr)
    __rt_errno_addr                          0x08003a25   Thumb Code     0  errno.o(i.__aeabi_errno_addr)
    __read_errno                             0x08003a2d   Thumb Code     6  errno.o(i.__read_errno)
    __scatterload_copy                       0x08003a39   Thumb Code    14  handlers.o(i.__scatterload_copy)
    __scatterload_null                       0x08003a47   Thumb Code     2  handlers.o(i.__scatterload_null)
    __scatterload_zeroinit                   0x08003a49   Thumb Code    14  handlers.o(i.__scatterload_zeroinit)
    __set_errno                              0x08003a59   Thumb Code     6  errno.o(i.__set_errno)
    _is_digit                                0x08003a65   Thumb Code    14  scanf_fp.o(i._is_digit)
    atof                                     0x08003a73   Thumb Code    44  atof.o(i.atof)
    __ctype_table                            0x08003a9e   Data         129  ctype_o.o(.constdata)
    AHBPrescTable                            0x08003b24   Data          16  system_stm32f1xx.o(.rodata.AHBPrescTable)
    APBPrescTable                            0x08003b34   Data           8  system_stm32f1xx.o(.rodata.APBPrescTable)
    Advance1Table                            0x08003b3c   Data          92  lcd.o(.rodata.Advance1Table)
    Basic1FireTable                          0x08003b98   Data          84  lcd.o(.rodata.Basic1FireTable)
    Basic1Table                              0x08003bec   Data          48  lcd.o(.rodata.Basic1Table)
    Basic2DistantDisplay                     0x08003c1c   Data          40  lcd.o(.rodata.Basic2DistantDisplay)
    Basic2PleaseInputTable                   0x08003c44   Data         120  lcd.o(.rodata.Basic2PleaseInputTable)
    Basic2Table                              0x08003cbc   Data          60  lcd.o(.rodata.Basic2Table)
    Basic3InputAngleTable                    0x08003cf8   Data          80  lcd.o(.rodata.Basic3InputAngleTable)
    Basic3InputDistantTable                  0x08003d48   Data          88  lcd.o(.rodata.Basic3InputDistantTable)
    Basic3Table                              0x08003da0   Data          92  lcd.o(.rodata.Basic3Table)
    LCDtable_NVIDIA                          0x08003dfc   Data        1536  lcd.o(.rodata.LCDtable_NVIDIA)
    ModeSetTable                             0x080043fc   Data          80  lcd.o(.rodata.ModeSetTable)
    NumberTable8_8                           0x0800444c   Data          40  lcd.o(.rodata.NumberTable8_8)
    Region$$Table$$Base                      0x08004474   Number         0  anon$$obj.o(Region$$Table)
    Region$$Table$$Limit                     0x08004494   Number         0  anon$$obj.o(Region$$Table)
    uwTickFreq                               0x20000004   Data           1  stm32f1xx_hal.o(.data..L_MergedGlobals)
    uwTickPrio                               0x20000008   Data           4  stm32f1xx_hal.o(.data..L_MergedGlobals)
    SystemCoreClock                          0x2000000c   Data           4  system_stm32f1xx.o(.data.SystemCoreClock)
    _DebugCommand                            0x20000010   Data           1  user_uart.o(.bss..L_MergedGlobals)
    Coordinate1_One                          0x20000016   Data           2  user_uart.o(.bss..L_MergedGlobals)
    Coordinate1_Two                          0x20000018   Data           2  user_uart.o(.bss..L_MergedGlobals)
    _GetDistantResults                       0x2000001c   Data           4  user_uart.o(.bss..L_MergedGlobals)
    _GetErrorRXBuffer                        0x20000020   Data           7  user_uart.o(.bss..L_MergedGlobals)
    PWM_Count                                0x20000034   Data           4  timer.o(.bss..L_MergedGlobals)
    stop                                     0x20000038   Data           4  timer.o(.bss..L_MergedGlobals)
    flag                                     0x2000003c   Data           4  mricrostepdriver.o(.bss..L_MergedGlobals)
    mode                                     0x20000040   Data           4  mricrostepdriver.o(.bss..L_MergedGlobals)
    PWM_Count_Set                            0x20000044   Data           4  mricrostepdriver.o(.bss..L_MergedGlobals)
    hspi1                                    0x20000048   Data          88  spi.o(.bss.hspi1)
    htim1                                    0x200000a0   Data          64  tim.o(.bss.htim1)
    htim2                                    0x200000e0   Data          64  tim.o(.bss.htim2)
    htim3                                    0x20000120   Data          64  tim.o(.bss.htim3)
    htim5                                    0x20000160   Data          64  tim.o(.bss.htim5)
    huart1                                   0x200001a0   Data          64  usart.o(.bss.huart1)
    huart2                                   0x200001e0   Data          64  usart.o(.bss.huart2)
    huart3                                   0x20000220   Data          64  usart.o(.bss.huart3)
    stop_flag                                0x20000260   Data           4  user_main.o(.bss.stop_flag)
    uwTick                                   0x20000264   Data           4  stm32f1xx_hal.o(.bss.uwTick)
    __initial_sp                             0x20000668   Data           0  startup_stm32f103xe.o(STACK)



==============================================================================

Memory Map of the image

  Image Entry point : 0x08000131

  Load Region LR_IROM1 (Base: 0x08000000, Size: 0x000044a8, Max: 0x00040000, ABSOLUTE)

    Execution Region ER_IROM1 (Exec base: 0x08000000, Load base: 0x08000000, Size: 0x00004494, Max: 0x00040000, ABSOLUTE)

    Exec Addr    Load Addr    Size         Type   Attr      Idx    E Section Name        Object

    0x08000000   0x08000000   0x00000130   Data   RO            3    RESET               startup_stm32f103xe.o
    0x08000130   0x08000130   0x00000000   Code   RO         1302  * .ARM.Collect$$$$00000000  mc_w.l(entry.o)
    0x08000130   0x08000130   0x00000004   Code   RO         1341    .ARM.Collect$$$$00000001  mc_w.l(entry2.o)
    0x08000134   0x08000134   0x00000004   Code   RO         1344    .ARM.Collect$$$$00000004  mc_w.l(entry5.o)
    0x08000138   0x08000138   0x00000000   Code   RO         1346    .ARM.Collect$$$$00000008  mc_w.l(entry7b.o)
    0x08000138   0x08000138   0x00000000   Code   RO         1348    .ARM.Collect$$$$0000000A  mc_w.l(entry8b.o)
    0x08000138   0x08000138   0x00000008   Code   RO         1349    .ARM.Collect$$$$0000000B  mc_w.l(entry9a.o)
    0x08000140   0x08000140   0x00000000   Code   RO         1351    .ARM.Collect$$$$0000000D  mc_w.l(entry10a.o)
    0x08000140   0x08000140   0x00000000   Code   RO         1353    .ARM.Collect$$$$0000000F  mc_w.l(entry11a.o)
    0x08000140   0x08000140   0x00000004   Code   RO         1342    .ARM.Collect$$$$00002712  mc_w.l(entry2.o)
    0x08000144   0x08000144   0x00000024   Code   RO            4    .text               startup_stm32f103xe.o
    0x08000168   0x08000168   0x00000020   Code   RO         1305    .text               mc_w.l(llushr.o)
    0x08000188   0x08000188   0x00000024   Code   RO         1307    .text               mc_w.l(memseta.o)
    0x080001ac   0x080001ac   0x0000001a   Code   RO         1309    .text               mc_w.l(atoi.o)
    0x080001c6   0x080001c6   0x00000064   Code   RO         1313    .text               mf_w.l(fmul.o)
    0x0800022a   0x0800022a   0x0000014e   Code   RO         1315    .text               mf_w.l(dadd.o)
    0x08000378   0x08000378   0x000000e4   Code   RO         1317    .text               mf_w.l(dmul.o)
    0x0800045c   0x0800045c   0x00000022   Code   RO         1327    .text               mf_w.l(dflti.o)
    0x0800047e   0x0800047e   0x0000001a   Code   RO         1329    .text               mf_w.l(dfltui.o)
    0x08000498   0x08000498   0x00000028   Code   RO         1333    .text               mf_w.l(ffixui.o)
    0x080004c0   0x080004c0   0x00000032   Code   RO         1335    .text               mf_w.l(dfixui.o)
    0x080004f2   0x080004f2   0x00000026   Code   RO         1337    .text               mf_w.l(f2d.o)
    0x08000518   0x08000518   0x00000038   Code   RO         1339    .text               mf_w.l(d2f.o)
    0x08000550   0x08000550   0x0000001e   Code   RO         1355    .text               mc_w.l(llshl.o)
    0x0800056e   0x0800056e   0x00000024   Code   RO         1357    .text               mc_w.l(llsshr.o)
    0x08000592   0x08000592   0x00000002   PAD
    0x08000594   0x08000594   0x000000a8   Code   RO         1366    .text               mc_w.l(strtod.o)
    0x0800063c   0x0800063c   0x00000070   Code   RO         1368    .text               mc_w.l(strtol.o)
    0x080006ac   0x080006ac   0x00000000   Code   RO         1370    .text               mc_w.l(iusefp.o)
    0x080006ac   0x080006ac   0x0000006e   Code   RO         1371    .text               mf_w.l(fepilogue.o)
    0x0800071a   0x0800071a   0x000000ba   Code   RO         1373    .text               mf_w.l(depilogue.o)
    0x080007d4   0x080007d4   0x00000024   Code   RO         1375    .text               mc_w.l(init.o)
    0x080007f8   0x080007f8   0x00000008   Code   RO         1379    .text               mc_w.l(ctype_o.o)
    0x08000800   0x08000800   0x00000012   Code   RO         1401    .text               mc_w.l(isspace_o.o)
    0x08000812   0x08000812   0x00000002   PAD
    0x08000814   0x08000814   0x00000360   Code   RO         1407    .text               mc_w.l(scanf_fp.o)
    0x08000b74   0x08000b74   0x00000040   Code   RO         1411    .text               mc_w.l(_sgetc.o)
    0x08000bb4   0x08000bb4   0x0000009e   Code   RO         1413    .text               mc_w.l(_strtoul.o)
    0x08000c52   0x08000c52   0x0000001c   Code   RO         1418    .text               mc_w.l(_chval.o)
    0x08000c6e   0x08000c6e   0x000000de   Code   RO         1420    .text               mf_w.l(ddiv.o)
    0x08000d4c   0x08000d4c   0x00000018   Code   RO         1422    .text               mf_w.l(dfltul.o)
    0x08000d64   0x08000d64   0x000000a0   Code   RO         1255    .text.AutoTurnFire  user_check.o
    0x08000e04   0x08000e04   0x00000002   Code   RO          109    .text.BusFault_Handler  stm32f1xx_it.o
    0x08000e06   0x08000e06   0x00000002   PAD
    0x08000e08   0x08000e08   0x00000058   Code   RO         1239    .text.Check         user_check.o
    0x08000e60   0x08000e60   0x00000054   Code   RO         1247    .text.DealAdvance1  user_check.o
    0x08000eb4   0x08000eb4   0x00000050   Code   RO         1241    .text.DealBasic1    user_check.o
    0x08000f04   0x08000f04   0x000000d8   Code   RO         1243    .text.DealBasic2    user_check.o
    0x08000fdc   0x08000fdc   0x00000214   Code   RO         1245    .text.DealBasic3    user_check.o
    0x080011f0   0x080011f0   0x00000002   Code   RO          115    .text.DebugMon_Handler  stm32f1xx_it.o
    0x080011f2   0x080011f2   0x00000002   PAD
    0x080011f4   0x080011f4   0x0000009e   Code   RO         1251    .text.DigitDialIn   user_check.o
    0x08001292   0x08001292   0x00000002   PAD
    0x08001294   0x08001294   0x00000074   Code   RO         1253    .text.DistantFire   user_check.o
    0x08001308   0x08001308   0x00000002   Code   RO           15    .text.Error_Handler  main.o
    0x0800130a   0x0800130a   0x00000002   PAD
    0x0800130c   0x0800130c   0x00000054   Code   RO         1229    .text.GaussGun_Fire  gaussgun.o
    0x08001360   0x08001360   0x0000000c   Code   RO         1143    .text.Get_CoordinateXResult  user_uart.o
    0x0800136c   0x0800136c   0x000000f4   Code   RO          862    .text.HAL_DMA_Abort_IT  stm32f1xx_hal_dma.o
    0x08001460   0x08001460   0x00000020   Code   RO          732    .text.HAL_Delay     stm32f1xx_hal.o
    0x08001480   0x08001480   0x000001a8   Code   RO          825    .text.HAL_GPIO_Init  stm32f1xx_hal_gpio.o
    0x08001628   0x08001628   0x0000000a   Code   RO          831    .text.HAL_GPIO_WritePin  stm32f1xx_hal_gpio.o
    0x08001632   0x08001632   0x00000002   PAD
    0x08001634   0x08001634   0x00000008   Code   RO          724    .text.HAL_GetTick   stm32f1xx_hal.o
    0x0800163c   0x0800163c   0x00000014   Code   RO          722    .text.HAL_IncTick   stm32f1xx_hal.o
    0x08001650   0x08001650   0x00000020   Code   RO          712    .text.HAL_Init      stm32f1xx_hal.o
    0x08001670   0x08001670   0x0000003c   Code   RO          714    .text.HAL_InitTick  stm32f1xx_hal.o
    0x080016ac   0x080016ac   0x00000040   Code   RO          137    .text.HAL_MspInit   stm32f1xx_hal_msp.o
    0x080016ec   0x080016ec   0x0000001c   Code   RO          891    .text.HAL_NVIC_EnableIRQ  stm32f1xx_hal_cortex.o
    0x08001708   0x08001708   0x0000003c   Code   RO          887    .text.HAL_NVIC_SetPriority  stm32f1xx_hal_cortex.o
    0x08001744   0x08001744   0x00000020   Code   RO          885    .text.HAL_NVIC_SetPriorityGrouping  stm32f1xx_hal_cortex.o
    0x08001764   0x08001764   0x0000013c   Code   RO          777    .text.HAL_RCC_ClockConfig  stm32f1xx_hal_rcc.o
    0x080018a0   0x080018a0   0x00000014   Code   RO          789    .text.HAL_RCC_GetPCLK1Freq  stm32f1xx_hal_rcc.o
    0x080018b4   0x080018b4   0x0000001c   Code   RO          791    .text.HAL_RCC_GetPCLK2Freq  stm32f1xx_hal_rcc.o
    0x080018d0   0x080018d0   0x00000058   Code   RO          779    .text.HAL_RCC_GetSysClockFreq  stm32f1xx_hal_rcc.o
    0x08001928   0x08001928   0x00000324   Code   RO          775    .text.HAL_RCC_OscConfig  stm32f1xx_hal_rcc.o
    0x08001c4c   0x08001c4c   0x0000007a   Code   RO          162    .text.HAL_SPI_Init  stm32f1xx_hal_spi.o
    0x08001cc6   0x08001cc6   0x00000002   PAD
    0x08001cc8   0x08001cc8   0x00000060   Code   RO           40    .text.HAL_SPI_MspInit  spi.o
    0x08001d28   0x08001d28   0x00000162   Code   RO          170    .text.HAL_SPI_Transmit  stm32f1xx_hal_spi.o
    0x08001e8a   0x08001e8a   0x00000002   PAD
    0x08001e8c   0x08001e8c   0x00000028   Code   RO          899    .text.HAL_SYSTICK_Config  stm32f1xx_hal_cortex.o
    0x08001eb4   0x08001eb4   0x00000002   Code   RO          586    .text.HAL_TIMEx_BreakCallback  stm32f1xx_hal_tim_ex.o
    0x08001eb6   0x08001eb6   0x00000002   Code   RO          582    .text.HAL_TIMEx_CommutCallback  stm32f1xx_hal_tim_ex.o
    0x08001eb8   0x08001eb8   0x00000050   Code   RO          578    .text.HAL_TIMEx_ConfigBreakDeadTime  stm32f1xx_hal_tim_ex.o
    0x08001f08   0x08001f08   0x00000042   Code   RO          576    .text.HAL_TIMEx_MasterConfigSynchronization  stm32f1xx_hal_tim_ex.o
    0x08001f4a   0x08001f4a   0x00000034   Code   RO          281    .text.HAL_TIM_Base_Init  stm32f1xx_hal_tim.o
    0x08001f7e   0x08001f7e   0x00000002   PAD
    0x08001f80   0x08001f80   0x00000098   Code   RO           64    .text.HAL_TIM_Base_MspInit  tim.o
    0x08002018   0x08002018   0x00000024   Code   RO          291    .text.HAL_TIM_Base_Start  stm32f1xx_hal_tim.o
    0x0800203c   0x0800203c   0x00000020   Code   RO          295    .text.HAL_TIM_Base_Start_IT  stm32f1xx_hal_tim.o
    0x0800205c   0x0800205c   0x0000002e   Code   RO          293    .text.HAL_TIM_Base_Stop  stm32f1xx_hal_tim.o
    0x0800208a   0x0800208a   0x0000002a   Code   RO          297    .text.HAL_TIM_Base_Stop_IT  stm32f1xx_hal_tim.o
    0x080020b4   0x080020b4   0x00000110   Code   RO          465    .text.HAL_TIM_ConfigClockSource  stm32f1xx_hal_tim.o
    0x080021c4   0x080021c4   0x00000002   Code   RO          417    .text.HAL_TIM_IC_CaptureCallback  stm32f1xx_hal_tim.o
    0x080021c6   0x080021c6   0x0000016a   Code   RO          415    .text.HAL_TIM_IRQHandler  stm32f1xx_hal_tim.o
    0x08002330   0x08002330   0x0000008c   Code   RO           56    .text.HAL_TIM_MspPostInit  tim.o
    0x080023bc   0x080023bc   0x00000002   Code   RO          419    .text.HAL_TIM_OC_DelayElapsedCallback  stm32f1xx_hal_tim.o
    0x080023be   0x080023be   0x00000002   PAD
    0x080023c0   0x080023c0   0x0000009e   Code   RO          443    .text.HAL_TIM_PWM_ConfigChannel  stm32f1xx_hal_tim.o
    0x0800245e   0x0800245e   0x00000034   Code   RO          335    .text.HAL_TIM_PWM_Init  stm32f1xx_hal_tim.o
    0x08002492   0x08002492   0x00000002   Code   RO          337    .text.HAL_TIM_PWM_MspInit  stm32f1xx_hal_tim.o
    0x08002494   0x08002494   0x00000002   Code   RO          421    .text.HAL_TIM_PWM_PulseFinishedCallback  stm32f1xx_hal_tim.o
    0x08002496   0x08002496   0x00000002   PAD
    0x08002498   0x08002498   0x00000038   Code   RO          343    .text.HAL_TIM_PWM_Start  stm32f1xx_hal_tim.o
    0x080024d0   0x080024d0   0x00000064   Code   RO          345    .text.HAL_TIM_PWM_Stop  stm32f1xx_hal_tim.o
    0x08002534   0x08002534   0x00000054   Code   RO         1266    .text.HAL_TIM_PeriodElapsedCallback  timer.o
    0x08002588   0x08002588   0x00000002   Code   RO          425    .text.HAL_TIM_TriggerCallback  stm32f1xx_hal_tim.o
    0x0800258a   0x0800258a   0x00000002   Code   RO          679    .text.HAL_UART_ErrorCallback  stm32f1xx_hal_uart.o
    0x0800258c   0x0800258c   0x00000168   Code   RO          673    .text.HAL_UART_IRQHandler  stm32f1xx_hal_uart.o
    0x080026f4   0x080026f4   0x0000005c   Code   RO          599    .text.HAL_UART_Init  stm32f1xx_hal_uart.o
    0x08002750   0x08002750   0x00000160   Code   RO           87    .text.HAL_UART_MspInit  usart.o
    0x080028b0   0x080028b0   0x0000004c   Code   RO          623    .text.HAL_UART_Receive_IT  stm32f1xx_hal_uart.o
    0x080028fc   0x080028fc   0x00000038   Code   RO         1209    .text.HAL_UART_RxCpltCallback  user_callback.o
    0x08002934   0x08002934   0x000000ae   Code   RO          615    .text.HAL_UART_Transmit  stm32f1xx_hal_uart.o
    0x080029e2   0x080029e2   0x00000002   Code   RO          681    .text.HAL_UART_TxCpltCallback  stm32f1xx_hal_uart.o
    0x080029e4   0x080029e4   0x00000002   Code   RO          105    .text.HardFault_Handler  stm32f1xx_it.o
    0x080029e6   0x080029e6   0x00000002   PAD
    0x080029e8   0x080029e8   0x0000019c   Code   RO         1219    .text.Key_scan      keypad.o
    0x08002b84   0x08002b84   0x00000026   Code   RO         1108    .text.LCD_Clear     lcd.o
    0x08002baa   0x08002baa   0x00000002   PAD
    0x08002bac   0x08002bac   0x0000002c   Code   RO         1110    .text.LCD_Display8_8Number  lcd.o
    0x08002bd8   0x08002bd8   0x0000001c   Code   RO         1114    .text.LCD_Display_Negative  lcd.o
    0x08002bf4   0x08002bf4   0x00000020   Code   RO         1112    .text.LCD_Display_Positive  lcd.o
    0x08002c14   0x08002c14   0x00000090   Code   RO         1106    .text.LCD_Init      lcd.o
    0x08002ca4   0x08002ca4   0x00000018   Code   RO         1100    .text.LCD_SetColumnAddress  lcd.o
    0x08002cbc   0x08002cbc   0x0000000c   Code   RO         1102    .text.LCD_SetPageAddress  lcd.o
    0x08002cc8   0x08002cc8   0x00000014   Code   RO         1096    .text.LCD_SetPointerPositon  lcd.o
    0x08002cdc   0x08002cdc   0x00000020   Code   RO         1104    .text.LCD_UpdateAllPixel  lcd.o
    0x08002cfc   0x08002cfc   0x00000034   Code   RO         1090    .text.LCD_WriteCommand  lcd.o
    0x08002d30   0x08002d30   0x00000038   Code   RO         1092    .text.LCD_WriteDdata  lcd.o
    0x08002d68   0x08002d68   0x00000024   Code   RO         1094    .text.LCD_WriteLine  lcd.o
    0x08002d8c   0x08002d8c   0x0000004c   Code   RO         1281    .text.Locate_RunStep  mricrostepdriver.o
    0x08002dd8   0x08002dd8   0x00000140   Code   RO           27    .text.MX_GPIO_Init  gpio.o
    0x08002f18   0x08002f18   0x0000004c   Code   RO           38    .text.MX_SPI1_Init  spi.o
    0x08002f64   0x08002f64   0x000000d4   Code   RO           54    .text.MX_TIM1_Init  tim.o
    0x08003038   0x08003038   0x00000094   Code   RO           58    .text.MX_TIM2_Init  tim.o
    0x080030cc   0x080030cc   0x00000064   Code   RO           60    .text.MX_TIM3_Init  tim.o
    0x08003130   0x08003130   0x00000064   Code   RO           62    .text.MX_TIM5_Init  tim.o
    0x08003194   0x08003194   0x00000038   Code   RO           81    .text.MX_USART1_UART_Init  usart.o
    0x080031cc   0x080031cc   0x00000038   Code   RO           83    .text.MX_USART2_UART_Init  usart.o
    0x08003204   0x08003204   0x00000038   Code   RO           85    .text.MX_USART3_UART_Init  usart.o
    0x0800323c   0x0800323c   0x00000002   Code   RO          107    .text.MemManage_Handler  stm32f1xx_it.o
    0x0800323e   0x0800323e   0x00000002   Code   RO          103    .text.NMI_Handler   stm32f1xx_it.o
    0x08003240   0x08003240   0x00000002   Code   RO          117    .text.PendSV_Handler  stm32f1xx_it.o
    0x08003242   0x08003242   0x00000022   Code   RO          172    .text.SPI_EndRxTxTransaction  stm32f1xx_hal_spi.o
    0x08003264   0x08003264   0x00000080   Code   RO          270    .text.SPI_WaitFlagStateUntilTimeout  stm32f1xx_hal_spi.o
    0x080032e4   0x080032e4   0x00000002   Code   RO          113    .text.SVC_Handler   stm32f1xx_it.o
    0x080032e6   0x080032e6   0x00000004   Code   RO          119    .text.SysTick_Handler  stm32f1xx_it.o
    0x080032ea   0x080032ea   0x0000004a   Code   RO           13    .text.SystemClock_Config  main.o
    0x08003334   0x08003334   0x0000004c   Code   RO         1063    .text.SystemInit    system_stm32f1xx.o
    0x08003380   0x08003380   0x00000008   Code   RO          121    .text.TIM2_IRQHandler  stm32f1xx_it.o
    0x08003388   0x08003388   0x00000090   Code   RO         1277    .text.TIM2_Startup  mricrostepdriver.o
    0x08003418   0x08003418   0x0000006c   Code   RO          285    .text.TIM_Base_SetConfig  stm32f1xx_hal_tim.o
    0x08003484   0x08003484   0x0000001e   Code   RO          319    .text.TIM_CCxChannelCmd  stm32f1xx_hal_tim.o
    0x080034a2   0x080034a2   0x00000002   PAD
    0x080034a4   0x080034a4   0x0000005c   Code   RO          429    .text.TIM_OC1_SetConfig  stm32f1xx_hal_tim.o
    0x08003500   0x08003500   0x00000064   Code   RO          431    .text.TIM_OC2_SetConfig  stm32f1xx_hal_tim.o
    0x08003564   0x08003564   0x00000064   Code   RO          433    .text.TIM_OC3_SetConfig  stm32f1xx_hal_tim.o
    0x080035c8   0x080035c8   0x00000054   Code   RO          435    .text.TIM_OC4_SetConfig  stm32f1xx_hal_tim.o
    0x0800361c   0x0800361c   0x00000022   Code   RO          467    .text.TIM_TI1_ConfigInputStage  stm32f1xx_hal_tim.o
    0x0800363e   0x0800363e   0x00000022   Code   RO          469    .text.TIM_TI2_ConfigInputStage  stm32f1xx_hal_tim.o
    0x08003660   0x08003660   0x0000000c   Code   RO          677    .text.UART_DMAAbortOnError  stm32f1xx_hal_uart.o
    0x0800366c   0x0800366c   0x0000001a   Code   RO          645    .text.UART_EndRxTransfer  stm32f1xx_hal_uart.o
    0x08003686   0x08003686   0x00000078   Code   RO          675    .text.UART_Receive_IT  stm32f1xx_hal_uart.o
    0x080036fe   0x080036fe   0x00000002   PAD
    0x08003700   0x08003700   0x00000084   Code   RO          603    .text.UART_SetConfig  stm32f1xx_hal_uart.o
    0x08003784   0x08003784   0x00000058   Code   RO          617    .text.UART_WaitOnFlagUntilTimeout  stm32f1xx_hal_uart.o
    0x080037dc   0x080037dc   0x00000008   Code   RO          123    .text.USART1_IRQHandler  stm32f1xx_it.o
    0x080037e4   0x080037e4   0x00000008   Code   RO          125    .text.USART2_IRQHandler  stm32f1xx_it.o
    0x080037ec   0x080037ec   0x00000008   Code   RO          127    .text.USART3_IRQHandler  stm32f1xx_it.o
    0x080037f4   0x080037f4   0x00000002   Code   RO          111    .text.UsageFault_Handler  stm32f1xx_it.o
    0x080037f6   0x080037f6   0x00000002   PAD
    0x080037f8   0x080037f8   0x0000000c   Code   RO         1149    .text.User_DebugUart_Init  user_uart.o
    0x08003804   0x08003804   0x00000034   Code   RO         1151    .text.User_DistantUart_Init  user_uart.o
    0x08003838   0x08003838   0x00000010   Code   RO         1147    .text.User_GetErrorUart_Init  user_uart.o
    0x08003848   0x08003848   0x00000038   Code   RO         1079    .text.User_main     user_main.o
    0x08003880   0x08003880   0x00000018   Code   RO         1155    .text._GetCommandUartCallBack  user_uart.o
    0x08003898   0x08003898   0x00000074   Code   RO         1157    .text._GetDistantUartCallBack  user_uart.o
    0x0800390c   0x0800390c   0x000000c0   Code   RO         1153    .text._GetErrorUartCallBack  user_uart.o
    0x080039cc   0x080039cc   0x00000024   Code   RO          889    .text.__NVIC_SetPriority  stm32f1xx_hal_cortex.o
    0x080039f0   0x080039f0   0x00000032   Code   RO           11    .text.main          main.o
    0x08003a22   0x08003a22   0x00000002   PAD
    0x08003a24   0x08003a24   0x00000008   Code   RO         1359    i.__aeabi_errno_addr  mc_w.l(errno.o)
    0x08003a2c   0x08003a2c   0x0000000c   Code   RO         1360    i.__read_errno      mc_w.l(errno.o)
    0x08003a38   0x08003a38   0x0000000e   Code   RO         1426    i.__scatterload_copy  mc_w.l(handlers.o)
    0x08003a46   0x08003a46   0x00000002   Code   RO         1427    i.__scatterload_null  mc_w.l(handlers.o)
    0x08003a48   0x08003a48   0x0000000e   Code   RO         1428    i.__scatterload_zeroinit  mc_w.l(handlers.o)
    0x08003a56   0x08003a56   0x00000002   PAD
    0x08003a58   0x08003a58   0x0000000c   Code   RO         1361    i.__set_errno       mc_w.l(errno.o)
    0x08003a64   0x08003a64   0x0000000e   Code   RO         1409    i._is_digit         mc_w.l(scanf_fp.o)
    0x08003a72   0x08003a72   0x0000002c   Code   RO         1299    i.atof              m_ws.l(atof.o)
    0x08003a9e   0x08003a9e   0x00000081   Data   RO         1380    .constdata          mc_w.l(ctype_o.o)
    0x08003b1f   0x08003b1f   0x00000001   PAD
    0x08003b20   0x08003b20   0x00000004   Data   RO         1381    .constdata          mc_w.l(ctype_o.o)
    0x08003b24   0x08003b24   0x00000010   Data   RO         1068    .rodata.AHBPrescTable  system_stm32f1xx.o
    0x08003b34   0x08003b34   0x00000008   Data   RO         1069    .rodata.APBPrescTable  system_stm32f1xx.o
    0x08003b3c   0x08003b3c   0x0000005c   Data   RO         1127    .rodata.Advance1Table  lcd.o
    0x08003b98   0x08003b98   0x00000054   Data   RO         1120    .rodata.Basic1FireTable  lcd.o
    0x08003bec   0x08003bec   0x00000030   Data   RO         1119    .rodata.Basic1Table  lcd.o
    0x08003c1c   0x08003c1c   0x00000028   Data   RO         1123    .rodata.Basic2DistantDisplay  lcd.o
    0x08003c44   0x08003c44   0x00000078   Data   RO         1122    .rodata.Basic2PleaseInputTable  lcd.o
    0x08003cbc   0x08003cbc   0x0000003c   Data   RO         1121    .rodata.Basic2Table  lcd.o
    0x08003cf8   0x08003cf8   0x00000050   Data   RO         1125    .rodata.Basic3InputAngleTable  lcd.o
    0x08003d48   0x08003d48   0x00000058   Data   RO         1126    .rodata.Basic3InputDistantTable  lcd.o
    0x08003da0   0x08003da0   0x0000005c   Data   RO         1124    .rodata.Basic3Table  lcd.o
    0x08003dfc   0x08003dfc   0x00000600   Data   RO         1116    .rodata.LCDtable_NVIDIA  lcd.o
    0x080043fc   0x080043fc   0x00000050   Data   RO         1129    .rodata.ModeSetTable  lcd.o
    0x0800444c   0x0800444c   0x00000028   Data   RO         1118    .rodata.NumberTable8_8  lcd.o
    0x08004474   0x08004474   0x00000020   Data   RO         1425    Region$$Table       anon$$obj.o


    Execution Region RW_IRAM1 (Exec base: 0x20000000, Load base: 0x08004498, Size: 0x00000668, Max: 0x0000c000, ABSOLUTE)

    Exec Addr    Load Addr    Size         Type   Attr      Idx    E Section Name        Object

    0x20000000   0x08004498   0x00000004   Data   RW         1362    .data               mc_w.l(errno.o)
    0x20000004   0x0800449c   0x00000008   Data   RW          763    .data..L_MergedGlobals  stm32f1xx_hal.o
    0x2000000c   0x080044a4   0x00000004   Data   RW         1067    .data.SystemCoreClock  system_stm32f1xx.o
    0x20000010        -       0x00000024   Zero   RW         1165    .bss..L_MergedGlobals  user_uart.o
    0x20000034        -       0x00000008   Zero   RW         1268    .bss..L_MergedGlobals  timer.o
    0x2000003c        -       0x0000000c   Zero   RW         1289    .bss..L_MergedGlobals  mricrostepdriver.o
    0x20000048        -       0x00000058   Zero   RW           44    .bss.hspi1          spi.o
    0x200000a0        -       0x00000040   Zero   RW           68    .bss.htim1          tim.o
    0x200000e0        -       0x00000040   Zero   RW           69    .bss.htim2          tim.o
    0x20000120        -       0x00000040   Zero   RW           70    .bss.htim3          tim.o
    0x20000160        -       0x00000040   Zero   RW           71    .bss.htim5          tim.o
    0x200001a0        -       0x00000040   Zero   RW           91    .bss.huart1         usart.o
    0x200001e0        -       0x00000040   Zero   RW           92    .bss.huart2         usart.o
    0x20000220        -       0x00000040   Zero   RW           93    .bss.huart3         usart.o
    0x20000260        -       0x00000004   Zero   RW         1082    .bss.stop_flag      user_main.o
    0x20000264        -       0x00000004   Zero   RW          762    .bss.uwTick         stm32f1xx_hal.o
    0x20000268        -       0x00000400   Zero   RW            1    STACK               startup_stm32f103xe.o


==============================================================================

Image component sizes


      Code (inc. data)   RO Data    RW Data    ZI Data      Debug   Object Name

        84          8          0          0          0       1072   gaussgun.o
       320         16          0          0          0       1701   gpio.o
       412         36          0          0          0       1494   keypad.o
       518         20       2360          0          0       4167   lcd.o
       126          0          0          0          0       1671   main.o
       220         28          0          0         12       2244   mricrostepdriver.o
       172         16          0          0         88       4115   spi.o
        36          8        304          0       1024        796   startup_stm32f103xe.o
       152          8          0          8          4       6098   stm32f1xx_hal.o
       196         28          0          0          0       8190   stm32f1xx_hal_cortex.o
       244         44          0          0          0       6913   stm32f1xx_hal_dma.o
       434         48          0          0          0       4284   stm32f1xx_hal_gpio.o
        64          8          0          0          0       1194   stm32f1xx_hal_msp.o
      1256         68          0          0          0       6911   stm32f1xx_hal_rcc.o
       638          0          0          0          0      18806   stm32f1xx_hal_spi.o
      1800         32          0          0          0      35415   stm32f1xx_hal_tim.o
       150          0          0          0          0      13444   stm32f1xx_hal_tim_ex.o
      1084          8          0          0          0      15654   stm32f1xx_hal_uart.o
        52          0          0          0          0       1359   stm32f1xx_it.o
        76         16         24          4          0       2091   system_stm32f1xx.o
       852         48          0          0        256       8183   tim.o
        84         16          0          0          8       3184   timer.o
       520         40          0          0        192       6011   usart.o
        56          4          0          0          0       2924   user_callback.o
      1434        118          0          0          0       2644   user_check.o
        56          8          0          0          4        621   user_main.o
       424         36          0          0         36       3330   user_uart.o

    ----------------------------------------------------------------------
     11492        662       2720         12       1624     164516   Object Totals
         0          0         32          0          0          0   (incl. Generated)
        32          0          0          0          0          0   (incl. Padding)

    ----------------------------------------------------------------------

      Code (inc. data)   RO Data    RW Data    ZI Data      Debug   Library Member Name

        44          0          0          0          0         84   atof.o
        28          0          0          0          0         68   _chval.o
        64          0          0          0          0         84   _sgetc.o
       158          0          0          0          0         92   _strtoul.o
        26          0          0          0          0         80   atoi.o
         8          4        133          0          0         68   ctype_o.o
         0          0          0          0          0          0   entry.o
         0          0          0          0          0          0   entry10a.o
         0          0          0          0          0          0   entry11a.o
         8          4          0          0          0          0   entry2.o
         4          0          0          0          0          0   entry5.o
         0          0          0          0          0          0   entry7b.o
         0          0          0          0          0          0   entry8b.o
         8          4          0          0          0          0   entry9a.o
        32         16          0          4          0        204   errno.o
        30          0          0          0          0          0   handlers.o
        36          8          0          0          0         68   init.o
        18          0          0          0          0         76   isspace_o.o
         0          0          0          0          0          0   iusefp.o
        30          0          0          0          0         68   llshl.o
        36          0          0          0          0         68   llsshr.o
        32          0          0          0          0         68   llushr.o
        36          0          0          0          0        108   memseta.o
       878         12          0          0          0        216   scanf_fp.o
       168         12          0          0          0        124   strtod.o
       112          0          0          0          0         88   strtol.o
        56          0          0          0          0         88   d2f.o
       334          0          0          0          0        148   dadd.o
       222          0          0          0          0        100   ddiv.o
       186          0          0          0          0        176   depilogue.o
        50          0          0          0          0         76   dfixui.o
        34          0          0          0          0         76   dflti.o
        26          0          0          0          0         76   dfltui.o
        24          0          0          0          0         76   dfltul.o
       228          0          0          0          0         96   dmul.o
        38          0          0          0          0         68   f2d.o
       110          0          0          0          0        168   fepilogue.o
        40          0          0          0          0         68   ffixui.o
       100          0          0          0          0         76   fmul.o

    ----------------------------------------------------------------------
      3210         60        134          4          0       2856   Library Totals
         6          0          1          0          0          0   (incl. Padding)

    ----------------------------------------------------------------------

      Code (inc. data)   RO Data    RW Data    ZI Data      Debug   Library Name

        44          0          0          0          0         84   m_ws.l
      1712         60        133          4          0       1480   mc_w.l
      1448          0          0          0          0       1292   mf_w.l

    ----------------------------------------------------------------------
      3210         60        134          4          0       2856   Library Totals

    ----------------------------------------------------------------------

==============================================================================


      Code (inc. data)   RO Data    RW Data    ZI Data      Debug   

     14702        722       2854         16       1624     165668   Grand Totals
     14702        722       2854         16       1624     165668   ELF Image Totals
     14702        722       2854         16          0          0   ROM Totals

==============================================================================

    Total RO  Size (Code + RO Data)                17556 (  17.14kB)
    Total RW  Size (RW Data + ZI Data)              1640 (   1.60kB)
    Total ROM Size (Code + RO Data + RW Data)      17572 (  17.16kB)

==============================================================================

