<html>
<body>
<pre>
<h1>µVision Build Log</h1>
<h2>Tool Versions:</h2>
IDE-Version: ¦ÌVision V5.28.0.0
Copyright (C) 2019 ARM Ltd and ARM Germany GmbH. All rights reserved.
License Information: light pan, zucc, LIC=TIVNN-Y0VT9-Y8WFK-ZJFEP-PL120-FNCNM
 
Tool Versions:
Toolchain:       MDK-ARM Plus  Version: 5.28.0.0
Toolchain Path:  C:\Keil_v5\ARM\ARMCLANG\Bin
C Compiler:      ArmClang.exe V6.12
Assembler:       Armasm.exe V6.12
Linker/Locator:  ArmLink.exe V6.12
Library Manager: ArmAr.exe V6.12
Hex Converter:   FromElf.exe V6.12
CPU DLL:         SARMCM3.DLL V5.28.0.0
Dialog DLL:      DCM.DLL V1.17.3.0
Target DLL:      CMSIS_AGDI.dll V1.31.18.0
Dialog DLL:      TCM.DLL V1.36.2.0
 
<h2>Project:</h2>
C:\Users\pan39\Desktop\Singlechip\Debug4061_Gauss_F1\GaussGunF1\MDK-ARM\GaussGunF1.uvprojx
Project File Date:  10/22/2019

<h2>Output:</h2>
*** Using Compiler 'V6.12', folder: 'C:\Keil_v5\ARM\ARMCLANG\Bin'
Build target 'GaussGunF1'
../User/C/User_Check.c(44): warning: passing 'char [19]' to parameter of type 'uint8_t *' (aka 'unsigned char *') converts between pointers to integer types with different sign [-Wpointer-sign]
        LCD_ShowString(0,0,192,12,12,"Please select mode");
                                     ^~~~~~~~~~~~~~~~~~~~
../User/H\LCD.h(50): note: passing argument to parameter 'p' here
void LCD_ShowString(u16 x,u16 y,u16 width,u16 height,u8 size,u8 *p);
                                                                 ^
../User/C/User_Check.c(99): warning: passing 'char [15]' to parameter of type 'uint8_t *' (aka 'unsigned char *') converts between pointers to integer types with different sign [-Wpointer-sign]
        LCD_ShowString(0,0,168,12,12,"Base 2 Distant");
                                     ^~~~~~~~~~~~~~~~
../User/H\LCD.h(50): note: passing argument to parameter 'p' here
void LCD_ShowString(u16 x,u16 y,u16 width,u16 height,u8 size,u8 *p);
                                                                 ^
../User/C/User_Check.c(100): warning: passing 'char [31]' to parameter of type 'uint8_t *' (aka 'unsigned char *') converts between pointers to integer types with different sign [-Wpointer-sign]
        LCD_ShowString(0,20,168,24,12,"Please ready for distant input");
                                      ^~~~~~~~~~~~~~~~~~~~~~~~~~~~~~~~
../User/H\LCD.h(50): note: passing argument to parameter 'p' here
void LCD_ShowString(u16 x,u16 y,u16 width,u16 height,u8 size,u8 *p);
                                                                 ^
../User/C/User_Check.c(131): warning: passing 'char [11]' to parameter of type 'uint8_t *' (aka 'unsigned char *') converts between pointers to integer types with different sign [-Wpointer-sign]
        LCD_ShowString(0,0,168,12,24,"Car Speed ");
                                     ^~~~~~~~~~~~
../User/H\LCD.h(50): note: passing argument to parameter 'p' here
void LCD_ShowString(u16 x,u16 y,u16 width,u16 height,u8 size,u8 *p);
                                                                 ^
../User/C/User_Check.c(133): warning: passing 'char [14]' to parameter of type 'uint8_t *' (aka 'unsigned char *') converts between pointers to integer types with different sign [-Wpointer-sign]
        LCD_ShowString(0,24,168,12,24,"Car Momentum ");
                                      ^~~~~~~~~~~~~~~
../User/H\LCD.h(50): note: passing argument to parameter 'p' here
void LCD_ShowString(u16 x,u16 y,u16 width,u16 height,u8 size,u8 *p);
                                                                 ^
5 warnings generated.
compiling User_Check.c...
linking...
Program Size: Code=17984 RO-data=8256 RW-data=16 ZI-data=3288  
FromELF: creating hex file...
"GaussGunF1\GaussGunF1.axf" - 0 Error(s), 5 Warning(s).

<h2>Software Packages used:</h2>

Package Vendor: ARM
                http://www.keil.com/pack/ARM.CMSIS.5.6.0.pack
                ARM.CMSIS.5.6.0
                CMSIS (Cortex Microcontroller Software Interface Standard)
   * Component: CORE Version: 5.3.0

Package Vendor: Keil
                http://www.keil.com/pack/Keil.STM32F1xx_DFP.2.3.0.pack
                Keil.STM32F1xx_DFP.2.3.0
                STMicroelectronics STM32F1 Series Device Support, Drivers and Examples

<h2>Collection of Component include folders:</h2>
  .\RTE\_GaussGunF1
  C:\Users\pan39\AppData\Local\Arm\Packs\ARM\CMSIS\5.6.0\CMSIS\Core\Include
  C:\Users\pan39\AppData\Local\Arm\Packs\Keil\STM32F1xx_DFP\2.3.0\Device\Include

<h2>Collection of Component Files used:</h2>

   * Component: ARM::CMSIS:CORE:5.3.0
Build Time Elapsed:  00:00:00
</pre>
</body>
</html>
