Component: ARM Compiler 6.12 Tool: armlink [5d624300]

==============================================================================

Section Cross References

    startup_stm32f103xe.o(RESET) refers to startup_stm32f103xe.o(STACK) for __initial_sp
    startup_stm32f103xe.o(RESET) refers to startup_stm32f103xe.o(.text) for Reset_Handler
    startup_stm32f103xe.o(RESET) refers to stm32f1xx_it.o(.text.NMI_Handler) for NMI_Handler
    startup_stm32f103xe.o(RESET) refers to stm32f1xx_it.o(.text.HardFault_Handler) for HardFault_Handler
    startup_stm32f103xe.o(RESET) refers to stm32f1xx_it.o(.text.MemManage_Handler) for MemManage_Handler
    startup_stm32f103xe.o(RESET) refers to stm32f1xx_it.o(.text.BusFault_Handler) for BusFault_Handler
    startup_stm32f103xe.o(RESET) refers to stm32f1xx_it.o(.text.UsageFault_Handler) for UsageFault_Handler
    startup_stm32f103xe.o(RESET) refers to stm32f1xx_it.o(.text.SVC_Handler) for SVC_Handler
    startup_stm32f103xe.o(RESET) refers to stm32f1xx_it.o(.text.DebugMon_Handler) for DebugMon_Handler
    startup_stm32f103xe.o(RESET) refers to stm32f1xx_it.o(.text.PendSV_Handler) for PendSV_Handler
    startup_stm32f103xe.o(RESET) refers to stm32f1xx_it.o(.text.SysTick_Handler) for SysTick_Handler
    startup_stm32f103xe.o(RESET) refers to stm32f1xx_it.o(.text.USART1_IRQHandler) for USART1_IRQHandler
    startup_stm32f103xe.o(RESET) refers to stm32f1xx_it.o(.text.USART2_IRQHandler) for USART2_IRQHandler
    startup_stm32f103xe.o(RESET) refers to stm32f1xx_it.o(.text.USART3_IRQHandler) for USART3_IRQHandler
    startup_stm32f103xe.o(.text) refers to system_stm32f1xx.o(.text.SystemInit) for SystemInit
    startup_stm32f103xe.o(.text) refers to entry.o(.ARM.Collect$$$$00000000) for __main
    main.o(.text.main) refers to stm32f1xx_hal.o(.text.HAL_Init) for HAL_Init
    main.o(.text.main) refers to main.o(.text.SystemClock_Config) for SystemClock_Config
    main.o(.text.main) refers to gpio.o(.text.MX_GPIO_Init) for MX_GPIO_Init
    main.o(.text.main) refers to spi.o(.text.MX_SPI1_Init) for MX_SPI1_Init
    main.o(.text.main) refers to tim.o(.text.MX_TIM3_Init) for MX_TIM3_Init
    main.o(.text.main) refers to usart.o(.text.MX_USART1_UART_Init) for MX_USART1_UART_Init
    main.o(.text.main) refers to usart.o(.text.MX_USART2_UART_Init) for MX_USART2_UART_Init
    main.o(.text.main) refers to usart.o(.text.MX_USART3_UART_Init) for MX_USART3_UART_Init
    main.o(.text.main) refers to tim.o(.text.MX_TIM5_Init) for MX_TIM5_Init
    main.o(.text.main) refers to tim.o(.text.MX_TIM1_Init) for MX_TIM1_Init
    main.o(.text.main) refers to user_main.o(.text.User_main) for User_main
    main.o(.ARM.exidx.text.main) refers to main.o(.text.main) for [Anonymous Symbol]
    main.o(.text.SystemClock_Config) refers to stm32f1xx_hal_rcc.o(.text.HAL_RCC_OscConfig) for HAL_RCC_OscConfig
    main.o(.text.SystemClock_Config) refers to stm32f1xx_hal_rcc.o(.text.HAL_RCC_ClockConfig) for HAL_RCC_ClockConfig
    main.o(.ARM.exidx.text.SystemClock_Config) refers to main.o(.text.SystemClock_Config) for [Anonymous Symbol]
    main.o(.ARM.exidx.text.Error_Handler) refers to main.o(.text.Error_Handler) for [Anonymous Symbol]
    gpio.o(.text.MX_GPIO_Init) refers to stm32f1xx_hal_gpio.o(.text.HAL_GPIO_WritePin) for HAL_GPIO_WritePin
    gpio.o(.text.MX_GPIO_Init) refers to stm32f1xx_hal_gpio.o(.text.HAL_GPIO_Init) for HAL_GPIO_Init
    gpio.o(.ARM.exidx.text.MX_GPIO_Init) refers to gpio.o(.text.MX_GPIO_Init) for [Anonymous Symbol]
    spi.o(.text.MX_SPI1_Init) refers to stm32f1xx_hal_spi.o(.text.HAL_SPI_Init) for HAL_SPI_Init
    spi.o(.text.MX_SPI1_Init) refers to main.o(.text.Error_Handler) for Error_Handler
    spi.o(.text.MX_SPI1_Init) refers to spi.o(.bss.hspi1) for hspi1
    spi.o(.ARM.exidx.text.MX_SPI1_Init) refers to spi.o(.text.MX_SPI1_Init) for [Anonymous Symbol]
    spi.o(.text.HAL_SPI_MspInit) refers to stm32f1xx_hal_gpio.o(.text.HAL_GPIO_Init) for HAL_GPIO_Init
    spi.o(.ARM.exidx.text.HAL_SPI_MspInit) refers to spi.o(.text.HAL_SPI_MspInit) for [Anonymous Symbol]
    spi.o(.text.HAL_SPI_MspDeInit) refers to stm32f1xx_hal_gpio.o(.text.HAL_GPIO_DeInit) for HAL_GPIO_DeInit
    spi.o(.ARM.exidx.text.HAL_SPI_MspDeInit) refers to spi.o(.text.HAL_SPI_MspDeInit) for [Anonymous Symbol]
    tim.o(.text.MX_TIM1_Init) refers to memseta.o(.text) for __aeabi_memclr4
    tim.o(.text.MX_TIM1_Init) refers to stm32f1xx_hal_tim.o(.text.HAL_TIM_Base_Init) for HAL_TIM_Base_Init
    tim.o(.text.MX_TIM1_Init) refers to main.o(.text.Error_Handler) for Error_Handler
    tim.o(.text.MX_TIM1_Init) refers to stm32f1xx_hal_tim.o(.text.HAL_TIM_ConfigClockSource) for HAL_TIM_ConfigClockSource
    tim.o(.text.MX_TIM1_Init) refers to stm32f1xx_hal_tim.o(.text.HAL_TIM_PWM_Init) for HAL_TIM_PWM_Init
    tim.o(.text.MX_TIM1_Init) refers to stm32f1xx_hal_tim.o(.text.HAL_TIM_OC_Init) for HAL_TIM_OC_Init
[...]
    Removing user_uart.o(.text.fputc), (32 bytes).
    Removing user_uart.o(.ARM.exidx.text.fputc), (8 bytes).
    Removing user_uart.o(.text.__io_putchar), (28 bytes).
    Removing user_uart.o(.ARM.exidx.text.__io_putchar), (8 bytes).
    Removing user_pwm.o(.text), (0 bytes).
    Removing user_pwm.o(.text.ChannelOne_SetPositon), (92 bytes).
    Removing user_pwm.o(.ARM.exidx.text.ChannelOne_SetPositon), (8 bytes).
    Removing user_pwm.o(.text.ChannelTwo_SetPositon), (92 bytes).
    Removing user_pwm.o(.ARM.exidx.text.ChannelTwo_SetPositon), (8 bytes).
    Removing user_pid.o(.text), (0 bytes).
    Removing user_pid.o(.text.GetErrorX), (8 bytes).
    Removing user_pid.o(.ARM.exidx.text.GetErrorX), (8 bytes).
    Removing user_pid.o(.text.PIDOut), (136 bytes).
    Removing user_pid.o(.ARM.exidx.text.PIDOut), (8 bytes).
    Removing user_pid.o(.bss.sx), (4 bytes).
    Removing user_pid.o(.bss.sy), (4 bytes).
    Removing user_pid.o(.bss.value), (4 bytes).
    Removing user_pid.o(.bss.i), (4 bytes).
    Removing user_pid.o(.bss.previous_errorY), (4 bytes).
    Removing user_pid.o(.bss..L_MergedGlobals), (16 bytes).
    Removing user_callback.o(.text), (0 bytes).
    Removing user_callback.o(.ARM.exidx.text.HAL_UART_RxCpltCallback), (8 bytes).
    Removing fadd.o(.text), (176 bytes).
    Removing fmul.o(.text), (100 bytes).
    Removing dadd.o(.text), (334 bytes).
    Removing fcmpge.o(.text), (28 bytes).
    Removing fcmpgt.o(.text), (28 bytes).
    Removing fflti.o(.text), (18 bytes).
    Removing ffixui.o(.text), (40 bytes).
    Removing f2d.o(.text), (38 bytes).
    Removing dfixul.o(.text), (48 bytes).
    Removing cdrcmple.o(.text), (48 bytes).

847 unused section(s) (total 29960 bytes) removed from the image.

==============================================================================

Image Symbol Table

    Local Symbols

    Symbol Name                              Value     Ov Type        Size  Object(Section)

    ../clib/microlib/ctype/ctype.c           0x00000000   Number         0  isspace_c.o ABSOLUTE
    ../clib/microlib/ctype/ctype.c           0x00000000   Number         0  ctype_o.o ABSOLUTE
    ../clib/microlib/ctype/ctype.c           0x00000000   Number         0  isalnum_o.o ABSOLUTE
    ../clib/microlib/ctype/ctype.c           0x00000000   Number         0  isalpha_o.o ABSOLUTE
    ../clib/microlib/ctype/ctype.c           0x00000000   Number         0  isblank_o.o ABSOLUTE
    ../clib/microlib/ctype/ctype.c           0x00000000   Number         0  iscntrl_o.o ABSOLUTE
    ../clib/microlib/ctype/ctype.c           0x00000000   Number         0  isdigit_o.o ABSOLUTE
    ../clib/microlib/ctype/ctype.c           0x00000000   Number         0  isgraph_o.o ABSOLUTE
    ../clib/microlib/ctype/ctype.c           0x00000000   Number         0  islower_o.o ABSOLUTE
    ../clib/microlib/ctype/ctype.c           0x00000000   Number         0  isprint_o.o ABSOLUTE
    ../clib/microlib/ctype/ctype.c           0x00000000   Number         0  ispunct_o.o ABSOLUTE
    ../clib/microlib/ctype/ctype.c           0x00000000   Number         0  isspace_o.o ABSOLUTE
    ../clib/microlib/ctype/ctype.c           0x00000000   Number         0  isupper_o.o ABSOLUTE
    ../clib/microlib/ctype/ctype.c           0x00000000   Number         0  isxdigit_o.o ABSOLUTE
    ../clib/microlib/ctype/ctype.c           0x00000000   Number         0  ctype_c.o ABSOLUTE
    ../clib/microlib/division.c              0x00000000   Number         0  uidiv.o ABSOLUTE
    ../clib/microlib/division.c              0x00000000   Number         0  uldiv.o ABSOLUTE
    ../clib/microlib/errno.c                 0x00000000   Number         0  errno.o ABSOLUTE
    ../clib/microlib/init/entry.s            0x00000000   Number         0  entry.o ABSOLUTE
    ../clib/microlib/init/entry.s            0x00000000   Number         0  entry2.o ABSOLUTE
    ../clib/microlib/init/entry.s            0x00000000   Number         0  entry5.o ABSOLUTE
    ../clib/microlib/init/entry.s            0x00000000   Number         0  entry7a.o ABSOLUTE
    ../clib/microlib/init/entry.s            0x00000000   Number         0  entry7b.o ABSOLUTE
    ../clib/microlib/init/entry.s            0x00000000   Number         0  entry8a.o ABSOLUTE
    ../clib/microlib/init/entry.s            0x00000000   Number         0  entry8b.o ABSOLUTE
    ../clib/microlib/init/entry.s            0x00000000   Number         0  entry9a.o ABSOLUTE
    ../clib/microlib/init/entry.s            0x00000000   Number         0  entry9b.o ABSOLUTE
    ../clib/microlib/init/entry.s            0x00000000   Number         0  entry10a.o ABSOLUTE
    ../clib/microlib/init/entry.s            0x00000000   Number         0  entry10b.o ABSOLUTE
    ../clib/microlib/init/entry.s            0x00000000   Number         0  entry11a.o ABSOLUTE
    ../clib/microlib/init/entry.s            0x00000000   Number         0  entry11b.o ABSOLUTE
    ../clib/microlib/longlong.c              0x00000000   Number         0  llushr.o ABSOLUTE
    ../clib/microlib/longlong.c              0x00000000   Number         0  llshl.o ABSOLUTE
    ../clib/microlib/longlong.c              0x00000000   Number         0  llsshr.o ABSOLUTE
    ../clib/microlib/printf/printf.c         0x00000000   Number         0  printfb.o ABSOLUTE
    ../clib/microlib/printf/printf.c         0x00000000   Number         0  printf0.o ABSOLUTE
    ../clib/microlib/printf/printf.c         0x00000000   Number         0  printf1.o ABSOLUTE
    ../clib/microlib/printf/printf.c         0x00000000   Number         0  printf2.o ABSOLUTE
    ../clib/microlib/printf/printf.c         0x00000000   Number         0  printf3.o ABSOLUTE
    ../clib/microlib/printf/printf.c         0x00000000   Number         0  printf4.o ABSOLUTE
    ../clib/microlib/printf/printf.c         0x00000000   Number         0  printf5.o ABSOLUTE
    ../clib/microlib/printf/printf.c         0x00000000   Number         0  printf6.o ABSOLUTE
    ../clib/microlib/printf/printf.c         0x00000000   Number         0  printf7.o ABSOLUTE
    ../clib/microlib/printf/printf.c         0x00000000   Number         0  printf8.o ABSOLUTE
    ../clib/microlib/printf/printf.c         0x00000000   Number         0  printfa.o ABSOLUTE
    ../clib/microlib/printf/stubs.s          0x00000000   Number         0  stubs.o ABSOLUTE
    ../clib/microlib/stdio/streams.c         0x00000000   Number         0  stdout.o ABSOLUTE
    ../clib/microlib/string/memset.c         0x00000000   Number         0  memseta.o ABSOLUTE
    ../clib/microlib/stubs.s                 0x00000000   Number         0  iusefp.o ABSOLUTE
    ../clib/scanf.c                          0x00000000   Number         0  atoi.o ABSOLUTE
    ../clib/scanf.c                          0x00000000   Number         0  strtod.o ABSOLUTE
    ../clib/scanf.c                          0x00000000   Number         0  strtol.o ABSOLUTE
    ../clib/scanf.c                          0x00000000   Number         0  scanf_fp.o ABSOLUTE
    ../clib/scanf.c                          0x00000000   Number         0  _sgetc.o ABSOLUTE
    ../clib/scanf.c                          0x00000000   Number         0  _strtoul.o ABSOLUTE
    ../clib/scanf.c                          0x00000000   Number         0  _chval.o ABSOLUTE
    ../fplib/microlib/d2f.c                  0x00000000   Number         0  d2f.o ABSOLUTE
    ../fplib/microlib/f2d.c                  0x00000000   Number         0  f2d.o ABSOLUTE
    ../fplib/microlib/fpadd.c                0x00000000   Number         0  fadd.o ABSOLUTE
    ../fplib/microlib/fpadd.c                0x00000000   Number         0  dadd.o ABSOLUTE
    ../fplib/microlib/fpcmp.c                0x00000000   Number         0  fcmpge.o ABSOLUTE
    ../fplib/microlib/fpcmp.c                0x00000000   Number         0  fcmpgt.o ABSOLUTE
    ../fplib/microlib/fpdiv.c                0x00000000   Number         0  ddiv.o ABSOLUTE
    ../fplib/microlib/fpepilogue.c           0x00000000   Number         0  fepilogue.o ABSOLUTE
    ../fplib/microlib/fpepilogue.c           0x00000000   Number         0  depilogue.o ABSOLUTE
    ../fplib/microlib/fpfix.c                0x00000000   Number         0  ffixui.o ABSOLUTE
    ../fplib/microlib/fpfix.c                0x00000000   Number         0  dfixul.o ABSOLUTE
    ../fplib/microlib/fpflt.c                0x00000000   Number         0  fflti.o ABSOLUTE
    ../fplib/microlib/fpflt.c                0x00000000   Number         0  dfltul.o ABSOLUTE
    ../fplib/microlib/fpmul.c                0x00000000   Number         0  fmul.o ABSOLUTE
    ../fplib/microlib/fpmul.c                0x00000000   Number         0  dmul.o ABSOLUTE
    ../mathlib/atof.c                        0x00000000   Number         0  atof.o ABSOLUTE
    LCD.c                                    0x00000000   Number         0  lcd.o ABSOLUTE
    User_CallBack.c                          0x00000000   Number         0  user_callback.o ABSOLUTE
    User_PID.c                               0x00000000   Number         0  user_pid.o ABSOLUTE
    User_PWM.c                               0x00000000   Number         0  user_pwm.o ABSOLUTE
    User_Uart.c                              0x00000000   Number         0  user_uart.o ABSOLUTE
    User_main.c                              0x00000000   Number         0  user_main.o ABSOLUTE
    cdrcmple.s                               0x00000000   Number         0  cdrcmple.o ABSOLUTE
    dc.s                                     0x00000000   Number         0  dc.o ABSOLUTE
    gpio.c                                   0x00000000   Number         0  gpio.o ABSOLUTE
    handlers.s                               0x00000000   Number         0  handlers.o ABSOLUTE
    init.s                                   0x00000000   Number         0  init.o ABSOLUTE
    main.c                                   0x00000000   Number         0  main.o ABSOLUTE
    spi.c                                    0x00000000   Number         0  spi.o ABSOLUTE
    startup_stm32f103xe.s                    0x00000000   Number         0  startup_stm32f103xe.o ABSOLUTE
    stm32f1xx_hal.c                          0x00000000   Number         0  stm32f1xx_hal.o ABSOLUTE
    stm32f1xx_hal_cortex.c                   0x00000000   Number         0  stm32f1xx_hal_cortex.o ABSOLUTE
    stm32f1xx_hal_dma.c                      0x00000000   Number         0  stm32f1xx_hal_dma.o ABSOLUTE
    stm32f1xx_hal_exti.c                     0x00000000   Number         0  stm32f1xx_hal_exti.o ABSOLUTE
    stm32f1xx_hal_flash.c                    0x00000000   Number         0  stm32f1xx_hal_flash.o ABSOLUTE
    stm32f1xx_hal_flash_ex.c                 0x00000000   Number         0  stm32f1xx_hal_flash_ex.o ABSOLUTE
    stm32f1xx_hal_gpio.c                     0x00000000   Number         0  stm32f1xx_hal_gpio.o ABSOLUTE
    stm32f1xx_hal_gpio_ex.c                  0x00000000   Number         0  stm32f1xx_hal_gpio_ex.o ABSOLUTE
    stm32f1xx_hal_msp.c                      0x00000000   Number         0  stm32f1xx_hal_msp.o ABSOLUTE
    stm32f1xx_hal_pwr.c                      0x00000000   Number         0  stm32f1xx_hal_pwr.o ABSOLUTE
    stm32f1xx_hal_rcc.c                      0x00000000   Number         0  stm32f1xx_hal_rcc.o ABSOLUTE
    stm32f1xx_hal_rcc_ex.c                   0x00000000   Number         0  stm32f1xx_hal_rcc_ex.o ABSOLUTE
    stm32f1xx_hal_spi.c                      0x00000000   Number         0  stm32f1xx_hal_spi.o ABSOLUTE
    stm32f1xx_hal_tim.c                      0x00000000   Number         0  stm32f1xx_hal_tim.o ABSOLUTE
    stm32f1xx_hal_tim_ex.c                   0x00000000   Number         0  stm32f1xx_hal_tim_ex.o ABSOLUTE
    stm32f1xx_hal_uart.c                     0x00000000   Number         0  stm32f1xx_hal_uart.o ABSOLUTE
    stm32f1xx_it.c                           0x00000000   Number         0  stm32f1xx_it.o ABSOLUTE
    system_stm32f1xx.c                       0x00000000   Number         0  system_stm32f1xx.o ABSOLUTE
    tim.c                                    0x00000000   Number         0  tim.o ABSOLUTE
    usart.c                                  0x00000000   Number         0  usart.o ABSOLUTE
    RESET                                    0x08000000   Section      304  startup_stm32f103xe.o(RESET)
    .ARM.Collect$$$$00000000                 0x08000130   Section        0  entry.o(.ARM.Collect$$$$00000000)
    .ARM.Collect$$$$00000001                 0x08000130   Section        4  entry2.o(.ARM.Collect$$$$00000001)
    .ARM.Collect$$$$00000004                 0x08000134   Section        4  entry5.o(.ARM.Collect$$$$00000004)
    .ARM.Collect$$$$00000008                 0x08000138   Section        0  entry7b.o(.ARM.Collect$$$$00000008)
    .ARM.Collect$$$$0000000A                 0x08000138   Section        0  entry8b.o(.ARM.Collect$$$$0000000A)
    .ARM.Collect$$$$0000000B                 0x08000138   Section        8  entry9a.o(.ARM.Collect$$$$0000000B)
    __lit__00000000                          0x08000140   Data           4  entry2.o(.ARM.Collect$$$$00002712)
    .ARM.Collect$$$$0000000D                 0x08000140   Section        0  entry10a.o(.ARM.Collect$$$$0000000D)
    .ARM.Collect$$$$0000000F                 0x08000140   Section        0  entry11a.o(.ARM.Collect$$$$0000000F)
    .ARM.Collect$$$$00002712                 0x08000140   Section        4  entry2.o(.ARM.Collect$$$$00002712)
    .text                                    0x08000144   Section       36  startup_stm32f103xe.o(.text)
    .text                                    0x08000168   Section        0  llushr.o(.text)
    .text                                    0x08000188   Section        0  memseta.o(.text)
    .text                                    0x080001ac   Section        0  atoi.o(.text)
    .text                                    0x080001c6   Section        0  dmul.o(.text)
    .text                                    0x080002aa   Section        0  d2f.o(.text)
    .text                                    0x080002e2   Section        0  llshl.o(.text)
    _local_sscanf                            0x08000301   Thumb Code    62  strtod.o(.text)
    .text                                    0x08000300   Section        0  strtod.o(.text)
    .text                                    0x080003a8   Section        0  strtol.o(.text)
    .text                                    0x08000418   Section        0  iusefp.o(.text)
    .text                                    0x08000418   Section        0  fepilogue.o(.text)
    .text                                    0x08000486   Section        0  depilogue.o(.text)
    .text                                    0x08000540   Section        0  ddiv.o(.text)
    .text                                    0x08000620   Section       36  init.o(.text)
    .text                                    0x08000644   Section        0  ctype_o.o(.text)
    .text                                    0x0800064c   Section        0  isspace_o.o(.text)
    _fp_value                                0x08000661   Thumb Code   296  scanf_fp.o(.text)
    .text                                    0x08000660   Section        0  scanf_fp.o(.text)
    .text                                    0x080009c0   Section        0  _sgetc.o(.text)
    .text                                    0x08000a00   Section        0  _strtoul.o(.text)
    .text                                    0x08000a9e   Section        0  _chval.o(.text)
    .text                                    0x08000aba   Section        0  dfltul.o(.text)
    [Anonymous Symbol]                       0x08000ad2   Section        0  stm32f1xx_it.o(.text.BusFault_Handler)
    [Anonymous Symbol]                       0x08000ad4   Section        0  stm32f1xx_it.o(.text.DebugMon_Handler)
    [Anonymous Symbol]                       0x08000ad6   Section        0  main.o(.text.Error_Handler)
    [Anonymous Symbol]                       0x08000ad8   Section        0  stm32f1xx_hal_dma.o(.text.HAL_DMA_Abort_IT)
    __arm_cp.6_0                             0x08000ba0   Number         4  stm32f1xx_hal_dma.o(.text.HAL_DMA_Abort_IT)
    __arm_cp.6_1                             0x08000ba4   Number         4  stm32f1xx_hal_dma.o(.text.HAL_DMA_Abort_IT)
    __arm_cp.6_2                             0x08000ba8   Number         4  stm32f1xx_hal_dma.o(.text.HAL_DMA_Abort_IT)
    __arm_cp.6_3                             0x08000bac   Number         4  stm32f1xx_hal_dma.o(.text.HAL_DMA_Abort_IT)
    __arm_cp.6_4                             0x08000bb0   Number         4  stm32f1xx_hal_dma.o(.text.HAL_DMA_Abort_IT)
    __arm_cp.6_5                             0x08000bb4   Number         4  stm32f1xx_hal_dma.o(.text.HAL_DMA_Abort_IT)
    __arm_cp.6_6                             0x08000bb8   Number         4  stm32f1xx_hal_dma.o(.text.HAL_DMA_Abort_IT)
    __arm_cp.6_7                             0x08000bbc   Number         4  stm32f1xx_hal_dma.o(.text.HAL_DMA_Abort_IT)
    __arm_cp.6_8                             0x08000bc0   Number         4  stm32f1xx_hal_dma.o(.text.HAL_DMA_Abort_IT)
    __arm_cp.6_9                             0x08000bc4   Number         4  stm32f1xx_hal_dma.o(.text.HAL_DMA_Abort_IT)
    __arm_cp.6_10                            0x08000bc8   Number         4  stm32f1xx_hal_dma.o(.text.HAL_DMA_Abort_IT)
    [Anonymous Symbol]                       0x08000bcc   Section        0  stm32f1xx_hal.o(.text.HAL_Delay)
    [Anonymous Symbol]                       0x08000bec   Section        0  stm32f1xx_hal_gpio.o(.text.HAL_GPIO_Init)
    __arm_cp.0_0                             0x08000d68   Number         4  stm32f1xx_hal_gpio.o(.text.HAL_GPIO_Init)
    __arm_cp.0_1                             0x08000d6c   Number         4  stm32f1xx_hal_gpio.o(.text.HAL_GPIO_Init)
    __arm_cp.0_2                             0x08000d70   Number         4  stm32f1xx_hal_gpio.o(.text.HAL_GPIO_Init)
    __arm_cp.0_3                             0x08000d74   Number         4  stm32f1xx_hal_gpio.o(.text.HAL_GPIO_Init)
    __arm_cp.0_5                             0x08000d78   Number         4  stm32f1xx_hal_gpio.o(.text.HAL_GPIO_Init)
    __arm_cp.0_6                             0x08000d7c   Number         4  stm32f1xx_hal_gpio.o(.text.HAL_GPIO_Init)
    __arm_cp.0_7                             0x08000d80   Number         4  stm32f1xx_hal_gpio.o(.text.HAL_GPIO_Init)
    __arm_cp.0_8                             0x08000d84   Number         4  stm32f1xx_hal_gpio.o(.text.HAL_GPIO_Init)
    __arm_cp.0_9                             0x08000d88   Number         4  stm32f1xx_hal_gpio.o(.text.HAL_GPIO_Init)
    __arm_cp.0_10                            0x08000d8c   Number         4  stm32f1xx_hal_gpio.o(.text.HAL_GPIO_Init)
    __arm_cp.0_11                            0x08000d90   Number         4  stm32f1xx_hal_gpio.o(.text.HAL_GPIO_Init)
    [Anonymous Symbol]                       0x08000d94   Section        0  stm32f1xx_hal_gpio.o(.text.HAL_GPIO_TogglePin)
    [Anonymous Symbol]                       0x08000da2   Section        0  stm32f1xx_hal_gpio.o(.text.HAL_GPIO_WritePin)
    [Anonymous Symbol]                       0x08000dac   Section        0  stm32f1xx_hal.o(.text.HAL_GetTick)
    [Anonymous Symbol]                       0x08000db4   Section        0  stm32f1xx_hal.o(.text.HAL_IncTick)
    __arm_cp.5_1                             0x08000dc4   Number         4  stm32f1xx_hal.o(.text.HAL_IncTick)
    [Anonymous Symbol]                       0x08000dc8   Section        0  stm32f1xx_hal.o(.text.HAL_Init)
    [Anonymous Symbol]                       0x08000de8   Section        0  stm32f1xx_hal.o(.text.HAL_InitTick)
    __arm_cp.1_0                             0x08000e20   Number         4  stm32f1xx_hal.o(.text.HAL_InitTick)
    [Anonymous Symbol]                       0x08000e24   Section        0  stm32f1xx_hal_msp.o(.text.HAL_MspInit)
    __arm_cp.0_0                             0x08000e5c   Number         4  stm32f1xx_hal_msp.o(.text.HAL_MspInit)
    __arm_cp.0_1                             0x08000e60   Number         4  stm32f1xx_hal_msp.o(.text.HAL_MspInit)
    [Anonymous Symbol]                       0x08000e64   Section        0  stm32f1xx_hal_cortex.o(.text.HAL_NVIC_EnableIRQ)
    __arm_cp.3_0                             0x08000e7c   Number         4  stm32f1xx_hal_cortex.o(.text.HAL_NVIC_EnableIRQ)
    [Anonymous Symbol]                       0x08000e80   Section        0  stm32f1xx_hal_cortex.o(.text.HAL_NVIC_SetPriority)
    [Anonymous Symbol]                       0x08000ebc   Section        0  stm32f1xx_hal_cortex.o(.text.HAL_NVIC_SetPriorityGrouping)
    __arm_cp.0_0                             0x08000ed4   Number         4  stm32f1xx_hal_cortex.o(.text.HAL_NVIC_SetPriorityGrouping)
    __arm_cp.0_1                             0x08000ed8   Number         4  stm32f1xx_hal_cortex.o(.text.HAL_NVIC_SetPriorityGrouping)
    [Anonymous Symbol]                       0x08000edc   Section        0  stm32f1xx_hal_rcc.o(.text.HAL_RCC_ClockConfig)
    __arm_cp.2_0                             0x0800100c   Number         4  stm32f1xx_hal_rcc.o(.text.HAL_RCC_ClockConfig)
    __arm_cp.2_2                             0x08001010   Number         4  stm32f1xx_hal_rcc.o(.text.HAL_RCC_ClockConfig)
    __arm_cp.2_4                             0x08001014   Number         4  stm32f1xx_hal_rcc.o(.text.HAL_RCC_ClockConfig)
    [Anonymous Symbol]                       0x08001018   Section        0  stm32f1xx_hal_rcc.o(.text.HAL_RCC_GetPCLK1Freq)
    [Anonymous Symbol]                       0x0800102c   Section        0  stm32f1xx_hal_rcc.o(.text.HAL_RCC_GetPCLK2Freq)
    __arm_cp.9_0                             0x08001040   Number         4  stm32f1xx_hal_rcc.o(.text.HAL_RCC_GetPCLK2Freq)
    __arm_cp.9_2                             0x08001044   Number         4  stm32f1xx_hal_rcc.o(.text.HAL_RCC_GetPCLK2Freq)
    [Anonymous Symbol]                       0x08001048   Section        0  stm32f1xx_hal_rcc.o(.text.HAL_RCC_GetSysClockFreq)
    __arm_cp.3_0                             0x08001080   Number         4  stm32f1xx_hal_rcc.o(.text.HAL_RCC_GetSysClockFreq)
    __arm_cp.3_1                             0x08001084   Number         4  stm32f1xx_hal_rcc.o(.text.HAL_RCC_GetSysClockFreq)
    __arm_cp.3_4                             0x0800109c   Number         4  stm32f1xx_hal_rcc.o(.text.HAL_RCC_GetSysClockFreq)
    [Anonymous Symbol]                       0x080010a0   Section        0  stm32f1xx_hal_rcc.o(.text.HAL_RCC_OscConfig)
    __arm_cp.1_0                             0x080013b4   Number         4  stm32f1xx_hal_rcc.o(.text.HAL_RCC_OscConfig)
    __arm_cp.1_1                             0x080013b8   Number         4  stm32f1xx_hal_rcc.o(.text.HAL_RCC_OscConfig)
    __arm_cp.1_2                             0x080013bc   Number         4  stm32f1xx_hal_rcc.o(.text.HAL_RCC_OscConfig)
    __arm_cp.1_3                             0x080013c0   Number         4  stm32f1xx_hal_rcc.o(.text.HAL_RCC_OscConfig)
    [Anonymous Symbol]                       0x080013c4   Section        0  stm32f1xx_hal_spi.o(.text.HAL_SPI_Init)
    [Anonymous Symbol]                       0x08001440   Section        0  spi.o(.text.HAL_SPI_MspInit)
    __arm_cp.1_0                             0x08001498   Number         4  spi.o(.text.HAL_SPI_MspInit)
    [Anonymous Symbol]                       0x0800149c   Section        0  stm32f1xx_hal_spi.o(.text.HAL_SPI_Transmit)
    [Anonymous Symbol]                       0x08001600   Section        0  stm32f1xx_hal_cortex.o(.text.HAL_SYSTICK_Config)
    __arm_cp.7_0                             0x08001620   Number         4  stm32f1xx_hal_cortex.o(.text.HAL_SYSTICK_Config)
    __arm_cp.7_1                             0x08001624   Number         4  stm32f1xx_hal_cortex.o(.text.HAL_SYSTICK_Config)
    [Anonymous Symbol]                       0x08001628   Section        0  stm32f1xx_hal_tim_ex.o(.text.HAL_TIMEx_ConfigBreakDeadTime)
    [Anonymous Symbol]                       0x08001678   Section        0  stm32f1xx_hal_tim_ex.o(.text.HAL_TIMEx_MasterConfigSynchronization)
    [Anonymous Symbol]                       0x080016ba   Section        0  stm32f1xx_hal_tim.o(.text.HAL_TIM_Base_Init)
    [Anonymous Symbol]                       0x080016f0   Section        0  tim.o(.text.HAL_TIM_Base_MspInit)
    __arm_cp.4_0                             0x0800174c   Number         4  tim.o(.text.HAL_TIM_Base_MspInit)
    __arm_cp.4_1                             0x08001750   Number         4  tim.o(.text.HAL_TIM_Base_MspInit)
    __arm_cp.4_3                             0x08001754   Number         4  tim.o(.text.HAL_TIM_Base_MspInit)
    [Anonymous Symbol]                       0x08001758   Section        0  stm32f1xx_hal_tim.o(.text.HAL_TIM_ConfigClockSource)
    [Anonymous Symbol]                       0x08001868   Section        0  tim.o(.text.HAL_TIM_MspPostInit)
    __arm_cp.1_0                             0x080018b8   Number         4  tim.o(.text.HAL_TIM_MspPostInit)
    __arm_cp.1_1                             0x080018bc   Number         4  tim.o(.text.HAL_TIM_MspPostInit)
    __arm_cp.1_2                             0x080018c0   Number         4  tim.o(.text.HAL_TIM_MspPostInit)
    __arm_cp.1_3                             0x080018c4   Number         4  tim.o(.text.HAL_TIM_MspPostInit)
    [Anonymous Symbol]                       0x080018c8   Section        0  stm32f1xx_hal_tim.o(.text.HAL_TIM_OC_ConfigChannel)
    [Anonymous Symbol]                       0x0800191c   Section        0  stm32f1xx_hal_tim.o(.text.HAL_TIM_OC_Init)
    [Anonymous Symbol]                       0x08001950   Section        0  stm32f1xx_hal_tim.o(.text.HAL_TIM_OC_MspInit)
    [Anonymous Symbol]                       0x08001954   Section        0  stm32f1xx_hal_tim.o(.text.HAL_TIM_PWM_ConfigChannel)
    [Anonymous Symbol]                       0x080019f2   Section        0  stm32f1xx_hal_tim.o(.text.HAL_TIM_PWM_Init)
    [Anonymous Symbol]                       0x08001a26   Section        0  stm32f1xx_hal_tim.o(.text.HAL_TIM_PWM_MspInit)
    [Anonymous Symbol]                       0x08001a28   Section        0  stm32f1xx_hal_tim.o(.text.HAL_TIM_PWM_Start)
    __arm_cp.31_0                            0x08001a60   Number         4  stm32f1xx_hal_tim.o(.text.HAL_TIM_PWM_Start)
    __arm_cp.31_1                            0x08001a64   Number         4  stm32f1xx_hal_tim.o(.text.HAL_TIM_PWM_Start)
    [Anonymous Symbol]                       0x08001a68   Section        0  stm32f1xx_hal_uart.o(.text.HAL_UART_ErrorCallback)
    [Anonymous Symbol]                       0x08001a6c   Section        0  stm32f1xx_hal_uart.o(.text.HAL_UART_IRQHandler)
    __arm_cp.37_0                            0x08001bd0   Number         4  stm32f1xx_hal_uart.o(.text.HAL_UART_IRQHandler)
    [Anonymous Symbol]                       0x08001bd4   Section        0  stm32f1xx_hal_uart.o(.text.HAL_UART_Init)
    [Anonymous Symbol]                       0x08001c30   Section        0  usart.o(.text.HAL_UART_MspInit)
    __arm_cp.3_1                             0x08001d80   Number         4  usart.o(.text.HAL_UART_MspInit)
    __arm_cp.3_2                             0x08001d84   Number         4  usart.o(.text.HAL_UART_MspInit)
    __arm_cp.3_3                             0x08001d88   Number         4  usart.o(.text.HAL_UART_MspInit)
    [Anonymous Symbol]                       0x08001d8c   Section        0  stm32f1xx_hal_uart.o(.text.HAL_UART_Receive_IT)
    [Anonymous Symbol]                       0x08001dd8   Section        0  user_callback.o(.text.HAL_UART_RxCpltCallback)
    __arm_cp.0_0                             0x08001e0c   Number         4  user_callback.o(.text.HAL_UART_RxCpltCallback)
    [Anonymous Symbol]                       0x08001e10   Section        0  stm32f1xx_hal_uart.o(.text.HAL_UART_Transmit)
    [Anonymous Symbol]                       0x08001ebe   Section        0  stm32f1xx_hal_uart.o(.text.HAL_UART_TxCpltCallback)
    [Anonymous Symbol]                       0x08001ec0   Section        0  stm32f1xx_it.o(.text.HardFault_Handler)
    [Anonymous Symbol]                       0x08001ec4   Section        0  lcd.o(.text.LCD_Init)
    __arm_cp.6_2                             0x08001f4c   Number         4  lcd.o(.text.LCD_Init)
    __arm_cp.6_3                             0x08001f50   Number         4  lcd.o(.text.LCD_Init)
    [Anonymous Symbol]                       0x08001f54   Section        0  lcd.o(.text.LCD_SetColumnAddress)
    [Anonymous Symbol]                       0x08001f6c   Section        0  lcd.o(.text.LCD_SetPageAddress)
    [Anonymous Symbol]                       0x08001f78   Section        0  lcd.o(.text.LCD_SetPointerPositon)
    [Anonymous Symbol]                       0x08001f8c   Section        0  lcd.o(.text.LCD_UpdateAllPixel)
    [Anonymous Symbol]                       0x08001fac   Section        0  lcd.o(.text.LCD_WriteCommand)
    [Anonymous Symbol]                       0x08001fe0   Section        0  lcd.o(.text.LCD_WriteDdata)
    __arm_cp.1_0                             0x08002014   Number         4  lcd.o(.text.LCD_WriteDdata)
    [Anonymous Symbol]                       0x08002018   Section        0  gpio.o(.text.MX_GPIO_Init)
    __arm_cp.0_0                             0x080020dc   Number         4  gpio.o(.text.MX_GPIO_Init)
    __arm_cp.0_1                             0x080020e0   Number         4  gpio.o(.text.MX_GPIO_Init)
    __arm_cp.0_2                             0x080020e4   Number         4  gpio.o(.text.MX_GPIO_Init)
    __arm_cp.0_3                             0x080020e8   Number         4  gpio.o(.text.MX_GPIO_Init)
    [Anonymous Symbol]                       0x080020ec   Section        0  spi.o(.text.MX_SPI1_Init)
    __arm_cp.0_0                             0x08002130   Number         4  spi.o(.text.MX_SPI1_Init)
    __arm_cp.0_1                             0x08002134   Number         4  spi.o(.text.MX_SPI1_Init)
    [Anonymous Symbol]                       0x08002138   Section        0  tim.o(.text.MX_TIM1_Init)
    __arm_cp.0_0                             0x08002224   Number         4  tim.o(.text.MX_TIM1_Init)
    [Anonymous Symbol]                       0x08002228   Section        0  tim.o(.text.MX_TIM3_Init)
    __arm_cp.2_0                             0x08002288   Number         4  tim.o(.text.MX_TIM3_Init)
    [Anonymous Symbol]                       0x0800228c   Section        0  tim.o(.text.MX_TIM5_Init)
    __arm_cp.3_0                             0x080022ec   Number         4  tim.o(.text.MX_TIM5_Init)
    [Anonymous Symbol]                       0x080022f0   Section        0  usart.o(.text.MX_USART1_UART_Init)
    __arm_cp.0_0                             0x08002320   Number         4  usart.o(.text.MX_USART1_UART_Init)
    __arm_cp.0_1                             0x08002324   Number         4  usart.o(.text.MX_USART1_UART_Init)
    [Anonymous Symbol]                       0x08002328   Section        0  usart.o(.text.MX_USART2_UART_Init)
    __arm_cp.1_0                             0x08002358   Number         4  usart.o(.text.MX_USART2_UART_Init)
    __arm_cp.1_1                             0x0800235c   Number         4  usart.o(.text.MX_USART2_UART_Init)
    [Anonymous Symbol]                       0x08002360   Section        0  usart.o(.text.MX_USART3_UART_Init)
    __arm_cp.2_0                             0x08002390   Number         4  usart.o(.text.MX_USART3_UART_Init)
    __arm_cp.2_1                             0x08002394   Number         4  usart.o(.text.MX_USART3_UART_Init)
    [Anonymous Symbol]                       0x08002398   Section        0  stm32f1xx_it.o(.text.MemManage_Handler)
    [Anonymous Symbol]                       0x0800239a   Section        0  stm32f1xx_it.o(.text.NMI_Handler)
    [Anonymous Symbol]                       0x0800239c   Section        0  stm32f1xx_it.o(.text.PendSV_Handler)
    SPI_EndRxTxTransaction                   0x0800239f   Thumb Code    34  stm32f1xx_hal_spi.o(.text.SPI_EndRxTxTransaction)
    [Anonymous Symbol]                       0x0800239e   Section        0  stm32f1xx_hal_spi.o(.text.SPI_EndRxTxTransaction)
    SPI_WaitFlagStateUntilTimeout            0x080023c1   Thumb Code   128  stm32f1xx_hal_spi.o(.text.SPI_WaitFlagStateUntilTimeout)
    [Anonymous Symbol]                       0x080023c0   Section        0  stm32f1xx_hal_spi.o(.text.SPI_WaitFlagStateUntilTimeout)
    [Anonymous Symbol]                       0x08002440   Section        0  stm32f1xx_it.o(.text.SVC_Handler)
    [Anonymous Symbol]                       0x08002442   Section        0  stm32f1xx_it.o(.text.SysTick_Handler)
    [Anonymous Symbol]                       0x08002446   Section        0  main.o(.text.SystemClock_Config)
    [Anonymous Symbol]                       0x08002490   Section        0  system_stm32f1xx.o(.text.SystemInit)
    __arm_cp.0_0                             0x080024cc   Number         4  system_stm32f1xx.o(.text.SystemInit)
    __arm_cp.0_1                             0x080024d0   Number         4  system_stm32f1xx.o(.text.SystemInit)
    __arm_cp.0_2                             0x080024d4   Number         4  system_stm32f1xx.o(.text.SystemInit)
    __arm_cp.0_3                             0x080024d8   Number         4  system_stm32f1xx.o(.text.SystemInit)
    [Anonymous Symbol]                       0x080024dc   Section        0  stm32f1xx_hal_tim.o(.text.TIM_Base_SetConfig)
    __arm_cp.2_0                             0x0800253c   Number         4  stm32f1xx_hal_tim.o(.text.TIM_Base_SetConfig)
    __arm_cp.2_1                             0x08002540   Number         4  stm32f1xx_hal_tim.o(.text.TIM_Base_SetConfig)
    __arm_cp.2_2                             0x08002544   Number         4  stm32f1xx_hal_tim.o(.text.TIM_Base_SetConfig)
    __arm_cp.2_4                             0x08002548   Number         4  stm32f1xx_hal_tim.o(.text.TIM_Base_SetConfig)
    [Anonymous Symbol]                       0x0800254c   Section        0  stm32f1xx_hal_tim.o(.text.TIM_CCxChannelCmd)
    TIM_OC1_SetConfig                        0x0800256d   Thumb Code   100  stm32f1xx_hal_tim.o(.text.TIM_OC1_SetConfig)
    [Anonymous Symbol]                       0x0800256c   Section        0  stm32f1xx_hal_tim.o(.text.TIM_OC1_SetConfig)
    [Anonymous Symbol]                       0x080025c8   Section        0  stm32f1xx_hal_tim.o(.text.TIM_OC2_SetConfig)
    TIM_OC3_SetConfig                        0x0800262d   Thumb Code   108  stm32f1xx_hal_tim.o(.text.TIM_OC3_SetConfig)
    [Anonymous Symbol]                       0x0800262c   Section        0  stm32f1xx_hal_tim.o(.text.TIM_OC3_SetConfig)
    TIM_OC4_SetConfig                        0x08002691   Thumb Code    84  stm32f1xx_hal_tim.o(.text.TIM_OC4_SetConfig)
    [Anonymous Symbol]                       0x08002690   Section        0  stm32f1xx_hal_tim.o(.text.TIM_OC4_SetConfig)
    __arm_cp.77_0                            0x080026dc   Number         4  stm32f1xx_hal_tim.o(.text.TIM_OC4_SetConfig)
    __arm_cp.77_1                            0x080026e0   Number         4  stm32f1xx_hal_tim.o(.text.TIM_OC4_SetConfig)
    TIM_TI1_ConfigInputStage                 0x080026e5   Thumb Code    34  stm32f1xx_hal_tim.o(.text.TIM_TI1_ConfigInputStage)
    [Anonymous Symbol]                       0x080026e4   Section        0  stm32f1xx_hal_tim.o(.text.TIM_TI1_ConfigInputStage)
    TIM_TI2_ConfigInputStage                 0x08002707   Thumb Code    34  stm32f1xx_hal_tim.o(.text.TIM_TI2_ConfigInputStage)
    [Anonymous Symbol]                       0x08002706   Section        0  stm32f1xx_hal_tim.o(.text.TIM_TI2_ConfigInputStage)
    UART_DMAAbortOnError                     0x08002729   Thumb Code    12  stm32f1xx_hal_uart.o(.text.UART_DMAAbortOnError)
    [Anonymous Symbol]                       0x08002728   Section        0  stm32f1xx_hal_uart.o(.text.UART_DMAAbortOnError)
    UART_EndRxTransfer                       0x08002735   Thumb Code    26  stm32f1xx_hal_uart.o(.text.UART_EndRxTransfer)
    [Anonymous Symbol]                       0x08002734   Section        0  stm32f1xx_hal_uart.o(.text.UART_EndRxTransfer)
    UART_Receive_IT                          0x0800274f   Thumb Code   120  stm32f1xx_hal_uart.o(.text.UART_Receive_IT)
    [Anonymous Symbol]                       0x0800274e   Section        0  stm32f1xx_hal_uart.o(.text.UART_Receive_IT)
    UART_SetConfig                           0x080027c9   Thumb Code   132  stm32f1xx_hal_uart.o(.text.UART_SetConfig)
    [Anonymous Symbol]                       0x080027c8   Section        0  stm32f1xx_hal_uart.o(.text.UART_SetConfig)
    __arm_cp.2_0                             0x08002848   Number         4  stm32f1xx_hal_uart.o(.text.UART_SetConfig)
    UART_WaitOnFlagUntilTimeout              0x0800284d   Thumb Code    88  stm32f1xx_hal_uart.o(.text.UART_WaitOnFlagUntilTimeout)
    [Anonymous Symbol]                       0x0800284c   Section        0  stm32f1xx_hal_uart.o(.text.UART_WaitOnFlagUntilTimeout)
    [Anonymous Symbol]                       0x080028a4   Section        0  stm32f1xx_it.o(.text.USART1_IRQHandler)
    [Anonymous Symbol]                       0x080028ac   Section        0  stm32f1xx_it.o(.text.USART2_IRQHandler)
    [Anonymous Symbol]                       0x080028b4   Section        0  stm32f1xx_it.o(.text.USART3_IRQHandler)
    [Anonymous Symbol]                       0x080028bc   Section        0  stm32f1xx_it.o(.text.UsageFault_Handler)
    [Anonymous Symbol]                       0x080028c0   Section        0  user_uart.o(.text.User_DebugUart_Init)
    [Anonymous Symbol]                       0x080028cc   Section        0  user_uart.o(.text.User_DistantUart_Init)
    __arm_cp.6_0                             0x080028f4   Number         4  user_uart.o(.text.User_DistantUart_Init)
    [Anonymous Symbol]                       0x08002900   Section        0  user_uart.o(.text.User_GetErrorUart_Init)
    [Anonymous Symbol]                       0x08002910   Section        0  user_main.o(.text.User_main)
    __arm_cp.0_0                             0x08002950   Number         4  user_main.o(.text.User_main)
    __arm_cp.0_1                             0x08002954   Number         4  user_main.o(.text.User_main)
    __arm_cp.0_2                             0x08002958   Number         4  user_main.o(.text.User_main)
    [Anonymous Symbol]                       0x0800295c   Section        0  user_uart.o(.text._GetCommandUartCallBack)
    __arm_cp.8_1                             0x08002970   Number         4  user_uart.o(.text._GetCommandUartCallBack)
    [Anonymous Symbol]                       0x08002974   Section        0  user_uart.o(.text._GetDistantUartCallBack)
    __arm_cp.9_1                             0x080029e0   Number         4  user_uart.o(.text._GetDistantUartCallBack)
    __arm_cp.9_2                             0x080029e4   Number         4  user_uart.o(.text._GetDistantUartCallBack)
    [Anonymous Symbol]                       0x080029e8   Section        0  user_uart.o(.text._GetErrorUartCallBack)
    __arm_cp.7_0                             0x08002aa0   Number         4  user_uart.o(.text._GetErrorUartCallBack)
    __arm_cp.7_1                             0x08002aa4   Number         4  user_uart.o(.text._GetErrorUartCallBack)
    __NVIC_SetPriority                       0x08002aa9   Thumb Code    36  stm32f1xx_hal_cortex.o(.text.__NVIC_SetPriority)
    [Anonymous Symbol]                       0x08002aa8   Section        0  stm32f1xx_hal_cortex.o(.text.__NVIC_SetPriority)
    __arm_cp.2_0                             0x08002ac4   Number         4  stm32f1xx_hal_cortex.o(.text.__NVIC_SetPriority)
    __arm_cp.2_1                             0x08002ac8   Number         4  stm32f1xx_hal_cortex.o(.text.__NVIC_SetPriority)
    [Anonymous Symbol]                       0x08002acc   Section        0  main.o(.text.main)
    i.__aeabi_errno_addr                     0x08002afc   Section        0  errno.o(i.__aeabi_errno_addr)
    i.__read_errno                           0x08002b04   Section        0  errno.o(i.__read_errno)
    i.__scatterload_copy                     0x08002b10   Section       14  handlers.o(i.__scatterload_copy)
    i.__scatterload_null                     0x08002b1e   Section        2  handlers.o(i.__scatterload_null)
    i.__scatterload_zeroinit                 0x08002b20   Section       14  handlers.o(i.__scatterload_zeroinit)
    i.__set_errno                            0x08002b30   Section        0  errno.o(i.__set_errno)
    i._is_digit                              0x08002b3c   Section        0  scanf_fp.o(i._is_digit)
    i.atof                                   0x08002b4a   Section        0  atof.o(i.atof)
    .constdata                               0x08002b76   Section      129  ctype_o.o(.constdata)
    table                                    0x08002bf8   Data           4  ctype_o.o(.constdata)
    .constdata                               0x08002bf8   Section        4  ctype_o.o(.constdata)
    _errno                                   0x20000000   Data           4  errno.o(.data)
    .data                                    0x20000000   Section        4  errno.o(.data)
    [Anonymous Symbol]                       0x20000004   Section        0  stm32f1xx_hal.o(.data..L_MergedGlobals)
    [Anonymous Symbol]                       0x20000010   Section        0  user_uart.o(.bss..L_MergedGlobals)
    CommandUpdateStatus                      0x20000011   Data           1  user_uart.o(.bss..L_MergedGlobals)
    _GetCommandRXBuffer                      0x20000012   Data           1  user_uart.o(.bss..L_MergedGlobals)
    _GetDistantRxVal                         0x20000013   Data           1  user_uart.o(.bss..L_MergedGlobals)
    _GetDistantUartCallBack.RxCount          0x20000014   Data           1  user_uart.o(.bss..L_MergedGlobals)
    Coordinate1_One                          0x20000016   Data           2  user_uart.o(.bss..L_MergedGlobals)
    Coordinate1_Two                          0x20000018   Data           2  user_uart.o(.bss..L_MergedGlobals)
    _GetErrorRXBuffer                        0x20000020   Data           7  user_uart.o(.bss..L_MergedGlobals)
    _GetDistantRxBuffer                      0x20000028   Data          12  user_uart.o(.bss..L_MergedGlobals)
    STACK                                    0x20000210   Section     1024  startup_stm32f103xe.o(STACK)

    Global Symbols

    Symbol Name                              Value     Ov Type        Size  Object(Section)

    BuildAttributes$$THM_ISAv4$P$D$K$B$S$PE$A:L22UL41UL21$X:L11$S22US41US21$IEEE1$IW$~IW$USESV6$~STKCKD$USESV7$~SHL$OTIME$ROPI$IEEEJ$EBA8$MICROLIB$REQ8$PRES8$EABIv2 0x00000000   Number         0  anon$$obj.o ABSOLUTE
    _printf_a                                0x00000000   Number         0  stubs.o ABSOLUTE
    _printf_c                                0x00000000   Number         0  stubs.o ABSOLUTE
    _printf_charcount                        0x00000000   Number         0  stubs.o ABSOLUTE
    _printf_d                                0x00000000   Number         0  stubs.o ABSOLUTE
    _printf_e                                0x00000000   Number         0  stubs.o ABSOLUTE
    _printf_f                                0x00000000   Number         0  stubs.o ABSOLUTE
    _printf_flags                            0x00000000   Number         0  stubs.o ABSOLUTE
    _printf_fp_dec                           0x00000000   Number         0  stubs.o ABSOLUTE
    _printf_fp_hex                           0x00000000   Number         0  stubs.o ABSOLUTE
    _printf_g                                0x00000000   Number         0  stubs.o ABSOLUTE
    _printf_i                                0x00000000   Number         0  stubs.o ABSOLUTE
    _printf_int_dec                          0x00000000   Number         0  stubs.o ABSOLUTE
    _printf_l                                0x00000000   Number         0  stubs.o ABSOLUTE
    _printf_lc                               0x00000000   Number         0  stubs.o ABSOLUTE
    _printf_ll                               0x00000000   Number         0  stubs.o ABSOLUTE
    _printf_lld                              0x00000000   Number         0  stubs.o ABSOLUTE
    _printf_lli                              0x00000000   Number         0  stubs.o ABSOLUTE
    _printf_llo                              0x00000000   Number         0  stubs.o ABSOLUTE
    _printf_llu                              0x00000000   Number         0  stubs.o ABSOLUTE
    _printf_llx                              0x00000000   Number         0  stubs.o ABSOLUTE
    _printf_longlong_dec                     0x00000000   Number         0  stubs.o ABSOLUTE
    _printf_longlong_hex                     0x00000000   Number         0  stubs.o ABSOLUTE
    _printf_longlong_oct                     0x00000000   Number         0  stubs.o ABSOLUTE
    _printf_ls                               0x00000000   Number         0  stubs.o ABSOLUTE
    _printf_mbtowc                           0x00000000   Number         0  stubs.o ABSOLUTE
    _printf_n                                0x00000000   Number         0  stubs.o ABSOLUTE
    _printf_o                                0x00000000   Number         0  stubs.o ABSOLUTE
    _printf_p                                0x00000000   Number         0  stubs.o ABSOLUTE
    _printf_percent                          0x00000000   Number         0  stubs.o ABSOLUTE
    _printf_pre_padding                      0x00000000   Number         0  stubs.o ABSOLUTE
    _printf_return_value                     0x00000000   Number         0  stubs.o ABSOLUTE
    _printf_s                                0x00000000   Number         0  stubs.o ABSOLUTE
    _printf_sizespec                         0x00000000   Number         0  stubs.o ABSOLUTE
    _printf_str                              0x00000000   Number         0  stubs.o ABSOLUTE
    _printf_truncate_signed                  0x00000000   Number         0  stubs.o ABSOLUTE
    _printf_truncate_unsigned                0x00000000   Number         0  stubs.o ABSOLUTE
    _printf_u                                0x00000000   Number         0  stubs.o ABSOLUTE
    _printf_wc                               0x00000000   Number         0  stubs.o ABSOLUTE
    _printf_wctomb                           0x00000000   Number         0  stubs.o ABSOLUTE
    _printf_widthprec                        0x00000000   Number         0  stubs.o ABSOLUTE
    _printf_x                                0x00000000   Number         0  stubs.o ABSOLUTE
    __cpp_initialize__aeabi_                  - Undefined Weak Reference
    __cxa_finalize                            - Undefined Weak Reference
    __decompress                              - Undefined Weak Reference
    _clock_init                               - Undefined Weak Reference
    _microlib_exit                            - Undefined Weak Reference
    __Vectors_Size                           0x00000130   Number         0  startup_stm32f103xe.o ABSOLUTE
    __Vectors                                0x08000000   Data           4  startup_stm32f103xe.o(RESET)
    __Vectors_End                            0x08000130   Data           0  startup_stm32f103xe.o(RESET)
    __main                                   0x08000131   Thumb Code     0  entry.o(.ARM.Collect$$$$00000000)
    _main_stk                                0x08000131   Thumb Code     0  entry2.o(.ARM.Collect$$$$00000001)
    _main_scatterload                        0x08000135   Thumb Code     0  entry5.o(.ARM.Collect$$$$00000004)
    __main_after_scatterload                 0x08000139   Thumb Code     0  entry5.o(.ARM.Collect$$$$00000004)
    _main_clock                              0x08000139   Thumb Code     0  entry7b.o(.ARM.Collect$$$$00000008)
    _main_cpp_init                           0x08000139   Thumb Code     0  entry8b.o(.ARM.Collect$$$$0000000A)
    _main_init                               0x08000139   Thumb Code     0  entry9a.o(.ARM.Collect$$$$0000000B)
    __rt_final_cpp                           0x08000141   Thumb Code     0  entry10a.o(.ARM.Collect$$$$0000000D)
    __rt_final_exit                          0x08000141   Thumb Code     0  entry11a.o(.ARM.Collect$$$$0000000F)
    Reset_Handler                            0x08000145   Thumb Code     8  startup_stm32f103xe.o(.text)
    ADC1_2_IRQHandler                        0x0800015f   Thumb Code     0  startup_stm32f103xe.o(.text)
    ADC3_IRQHandler                          0x0800015f   Thumb Code     0  startup_stm32f103xe.o(.text)
    CAN1_RX1_IRQHandler                      0x0800015f   Thumb Code     0  startup_stm32f103xe.o(.text)
    CAN1_SCE_IRQHandler                      0x0800015f   Thumb Code     0  startup_stm32f103xe.o(.text)
    DMA1_Channel1_IRQHandler                 0x0800015f   Thumb Code     0  startup_stm32f103xe.o(.text)
    DMA1_Channel2_IRQHandler                 0x0800015f   Thumb Code     0  startup_stm32f103xe.o(.text)
    DMA1_Channel3_IRQHandler                 0x0800015f   Thumb Code     0  startup_stm32f103xe.o(.text)
    DMA1_Channel4_IRQHandler                 0x0800015f   Thumb Code     0  startup_stm32f103xe.o(.text)
    DMA1_Channel5_IRQHandler                 0x0800015f   Thumb Code     0  startup_stm32f103xe.o(.text)
    DMA1_Channel6_IRQHandler                 0x0800015f   Thumb Code     0  startup_stm32f103xe.o(.text)
    DMA1_Channel7_IRQHandler                 0x0800015f   Thumb Code     0  startup_stm32f103xe.o(.text)
    DMA2_Channel1_IRQHandler                 0x0800015f   Thumb Code     0  startup_stm32f103xe.o(.text)
    DMA2_Channel2_IRQHandler                 0x0800015f   Thumb Code     0  startup_stm32f103xe.o(.text)
    DMA2_Channel3_IRQHandler                 0x0800015f   Thumb Code     0  startup_stm32f103xe.o(.text)
    DMA2_Channel4_5_IRQHandler               0x0800015f   Thumb Code     0  startup_stm32f103xe.o(.text)
    EXTI0_IRQHandler                         0x0800015f   Thumb Code     0  startup_stm32f103xe.o(.text)
    EXTI15_10_IRQHandler                     0x0800015f   Thumb Code     0  startup_stm32f103xe.o(.text)
    EXTI1_IRQHandler                         0x0800015f   Thumb Code     0  startup_stm32f103xe.o(.text)
    EXTI2_IRQHandler                         0x0800015f   Thumb Code     0  startup_stm32f103xe.o(.text)
    EXTI3_IRQHandler                         0x0800015f   Thumb Code     0  startup_stm32f103xe.o(.text)
    EXTI4_IRQHandler                         0x0800015f   Thumb Code     0  startup_stm32f103xe.o(.text)
    EXTI9_5_IRQHandler                       0x0800015f   Thumb Code     0  startup_stm32f103xe.o(.text)
    FLASH_IRQHandler                         0x0800015f   Thumb Code     0  startup_stm32f103xe.o(.text)
    FSMC_IRQHandler                          0x0800015f   Thumb Code     0  startup_stm32f103xe.o(.text)
    I2C1_ER_IRQHandler                       0x0800015f   Thumb Code     0  startup_stm32f103xe.o(.text)
    I2C1_EV_IRQHandler                       0x0800015f   Thumb Code     0  startup_stm32f103xe.o(.text)
    I2C2_ER_IRQHandler                       0x0800015f   Thumb Code     0  startup_stm32f103xe.o(.text)
    I2C2_EV_IRQHandler                       0x0800015f   Thumb Code     0  startup_stm32f103xe.o(.text)
    PVD_IRQHandler                           0x0800015f   Thumb Code     0  startup_stm32f103xe.o(.text)
    RCC_IRQHandler                           0x0800015f   Thumb Code     0  startup_stm32f103xe.o(.text)
    RTC_Alarm_IRQHandler                     0x0800015f   Thumb Code     0  startup_stm32f103xe.o(.text)
    RTC_IRQHandler                           0x0800015f   Thumb Code     0  startup_stm32f103xe.o(.text)
    SDIO_IRQHandler                          0x0800015f   Thumb Code     0  startup_stm32f103xe.o(.text)
    SPI1_IRQHandler                          0x0800015f   Thumb Code     0  startup_stm32f103xe.o(.text)
    SPI2_IRQHandler                          0x0800015f   Thumb Code     0  startup_stm32f103xe.o(.text)
    SPI3_IRQHandler                          0x0800015f   Thumb Code     0  startup_stm32f103xe.o(.text)
    TAMPER_IRQHandler                        0x0800015f   Thumb Code     0  startup_stm32f103xe.o(.text)
    TIM1_BRK_IRQHandler                      0x0800015f   Thumb Code     0  startup_stm32f103xe.o(.text)
    TIM1_CC_IRQHandler                       0x0800015f   Thumb Code     0  startup_stm32f103xe.o(.text)
    TIM1_TRG_COM_IRQHandler                  0x0800015f   Thumb Code     0  startup_stm32f103xe.o(.text)
    TIM1_UP_IRQHandler                       0x0800015f   Thumb Code     0  startup_stm32f103xe.o(.text)
    TIM2_IRQHandler                          0x0800015f   Thumb Code     0  startup_stm32f103xe.o(.text)
    TIM3_IRQHandler                          0x0800015f   Thumb Code     0  startup_stm32f103xe.o(.text)
    TIM4_IRQHandler                          0x0800015f   Thumb Code     0  startup_stm32f103xe.o(.text)
    TIM5_IRQHandler                          0x0800015f   Thumb Code     0  startup_stm32f103xe.o(.text)
    TIM6_IRQHandler                          0x0800015f   Thumb Code     0  startup_stm32f103xe.o(.text)
    TIM7_IRQHandler                          0x0800015f   Thumb Code     0  startup_stm32f103xe.o(.text)
    TIM8_BRK_IRQHandler                      0x0800015f   Thumb Code     0  startup_stm32f103xe.o(.text)
    TIM8_CC_IRQHandler                       0x0800015f   Thumb Code     0  startup_stm32f103xe.o(.text)
    TIM8_TRG_COM_IRQHandler                  0x0800015f   Thumb Code     0  startup_stm32f103xe.o(.text)
    TIM8_UP_IRQHandler                       0x0800015f   Thumb Code     0  startup_stm32f103xe.o(.text)
    UART4_IRQHandler                         0x0800015f   Thumb Code     0  startup_stm32f103xe.o(.text)
    UART5_IRQHandler                         0x0800015f   Thumb Code     0  startup_stm32f103xe.o(.text)
    USBWakeUp_IRQHandler                     0x0800015f   Thumb Code     0  startup_stm32f103xe.o(.text)
    USB_HP_CAN1_TX_IRQHandler                0x0800015f   Thumb Code     0  startup_stm32f103xe.o(.text)
    USB_LP_CAN1_RX0_IRQHandler               0x0800015f   Thumb Code     0  startup_stm32f103xe.o(.text)
    WWDG_IRQHandler                          0x0800015f   Thumb Code     0  startup_stm32f103xe.o(.text)
    __aeabi_llsr                             0x08000169   Thumb Code    32  llushr.o(.text)
    _ll_ushift_r                             0x08000169   Thumb Code     0  llushr.o(.text)
    __aeabi_memset                           0x08000189   Thumb Code    14  memseta.o(.text)
    __aeabi_memset4                          0x08000189   Thumb Code     0  memseta.o(.text)
    __aeabi_memset8                          0x08000189   Thumb Code     0  memseta.o(.text)
    __aeabi_memclr                           0x08000197   Thumb Code     4  memseta.o(.text)
    __aeabi_memclr4                          0x08000197   Thumb Code     0  memseta.o(.text)
    __aeabi_memclr8                          0x08000197   Thumb Code     0  memseta.o(.text)
    _memset$wrapper                          0x0800019b   Thumb Code    18  memseta.o(.text)
    atoi                                     0x080001ad   Thumb Code    26  atoi.o(.text)
    __aeabi_dmul                             0x080001c7   Thumb Code   228  dmul.o(.text)
    __aeabi_d2f                              0x080002ab   Thumb Code    56  d2f.o(.text)
    __aeabi_llsl                             0x080002e3   Thumb Code    30  llshl.o(.text)
    _ll_shift_l                              0x080002e3   Thumb Code     0  llshl.o(.text)
    __strtod_int                             0x0800033f   Thumb Code    94  strtod.o(.text)
    strtol                                   0x080003a9   Thumb Code   112  strtol.o(.text)
    __I$use$fp                               0x08000419   Thumb Code     0  iusefp.o(.text)
    _float_round                             0x08000419   Thumb Code    18  fepilogue.o(.text)
    _float_epilogue                          0x0800042b   Thumb Code    92  fepilogue.o(.text)
    _double_round                            0x08000487   Thumb Code    30  depilogue.o(.text)
    _double_epilogue                         0x080004a5   Thumb Code   156  depilogue.o(.text)
    __aeabi_ddiv                             0x08000541   Thumb Code   222  ddiv.o(.text)
    __scatterload                            0x08000621   Thumb Code    28  init.o(.text)
    __scatterload_rt2                        0x08000621   Thumb Code     0  init.o(.text)
    __rt_ctype_table                         0x08000645   Thumb Code     4  ctype_o.o(.text)
    isspace                                  0x0800064d   Thumb Code    18  isspace_o.o(.text)
    _scanf_real                              0x08000789   Thumb Code     0  scanf_fp.o(.text)
    _scanf_really_real                       0x08000789   Thumb Code   556  scanf_fp.o(.text)
    _sgetc                                   0x080009c1   Thumb Code    30  _sgetc.o(.text)
    _sbackspace                              0x080009df   Thumb Code    34  _sgetc.o(.text)
    _strtoul                                 0x08000a01   Thumb Code   158  _strtoul.o(.text)
    _chval                                   0x08000a9f   Thumb Code    28  _chval.o(.text)
    __aeabi_ul2d                             0x08000abb   Thumb Code    24  dfltul.o(.text)
    BusFault_Handler                         0x08000ad3   Thumb Code     2  stm32f1xx_it.o(.text.BusFault_Handler)
    DebugMon_Handler                         0x08000ad5   Thumb Code     2  stm32f1xx_it.o(.text.DebugMon_Handler)
    Error_Handler                            0x08000ad7   Thumb Code     2  main.o(.text.Error_Handler)
    HAL_DMA_Abort_IT                         0x08000ad9   Thumb Code   244  stm32f1xx_hal_dma.o(.text.HAL_DMA_Abort_IT)
    HAL_Delay                                0x08000bcd   Thumb Code    36  stm32f1xx_hal.o(.text.HAL_Delay)
    HAL_GPIO_Init                            0x08000bed   Thumb Code   428  stm32f1xx_hal_gpio.o(.text.HAL_GPIO_Init)
    HAL_GPIO_TogglePin                       0x08000d95   Thumb Code    14  stm32f1xx_hal_gpio.o(.text.HAL_GPIO_TogglePin)
    HAL_GPIO_WritePin                        0x08000da3   Thumb Code    10  stm32f1xx_hal_gpio.o(.text.HAL_GPIO_WritePin)
    HAL_GetTick                              0x08000dad   Thumb Code    12  stm32f1xx_hal.o(.text.HAL_GetTick)
    HAL_IncTick                              0x08000db5   Thumb Code    24  stm32f1xx_hal.o(.text.HAL_IncTick)
    HAL_Init                                 0x08000dc9   Thumb Code    36  stm32f1xx_hal.o(.text.HAL_Init)
    HAL_InitTick                             0x08000de9   Thumb Code    64  stm32f1xx_hal.o(.text.HAL_InitTick)
    HAL_MspInit                              0x08000e25   Thumb Code    64  stm32f1xx_hal_msp.o(.text.HAL_MspInit)
    HAL_NVIC_EnableIRQ                       0x08000e65   Thumb Code    28  stm32f1xx_hal_cortex.o(.text.HAL_NVIC_EnableIRQ)
    HAL_NVIC_SetPriority                     0x08000e81   Thumb Code    64  stm32f1xx_hal_cortex.o(.text.HAL_NVIC_SetPriority)
    HAL_NVIC_SetPriorityGrouping             0x08000ebd   Thumb Code    32  stm32f1xx_hal_cortex.o(.text.HAL_NVIC_SetPriorityGrouping)
    HAL_RCC_ClockConfig                      0x08000edd   Thumb Code   324  stm32f1xx_hal_rcc.o(.text.HAL_RCC_ClockConfig)
    HAL_RCC_GetPCLK1Freq                     0x08001019   Thumb Code    32  stm32f1xx_hal_rcc.o(.text.HAL_RCC_GetPCLK1Freq)
    HAL_RCC_GetPCLK2Freq                     0x0800102d   Thumb Code    32  stm32f1xx_hal_rcc.o(.text.HAL_RCC_GetPCLK2Freq)
    HAL_RCC_GetSysClockFreq                  0x08001049   Thumb Code    88  stm32f1xx_hal_rcc.o(.text.HAL_RCC_GetSysClockFreq)
    HAL_RCC_OscConfig                        0x080010a1   Thumb Code   804  stm32f1xx_hal_rcc.o(.text.HAL_RCC_OscConfig)
    HAL_SPI_Init                             0x080013c5   Thumb Code   122  stm32f1xx_hal_spi.o(.text.HAL_SPI_Init)
    HAL_SPI_MspInit                          0x08001441   Thumb Code    96  spi.o(.text.HAL_SPI_MspInit)
    HAL_SPI_Transmit                         0x0800149d   Thumb Code   354  stm32f1xx_hal_spi.o(.text.HAL_SPI_Transmit)
    HAL_SYSTICK_Config                       0x08001601   Thumb Code    40  stm32f1xx_hal_cortex.o(.text.HAL_SYSTICK_Config)
    HAL_TIMEx_ConfigBreakDeadTime            0x08001629   Thumb Code    80  stm32f1xx_hal_tim_ex.o(.text.HAL_TIMEx_ConfigBreakDeadTime)
    HAL_TIMEx_MasterConfigSynchronization    0x08001679   Thumb Code    66  stm32f1xx_hal_tim_ex.o(.text.HAL_TIMEx_MasterConfigSynchronization)
    HAL_TIM_Base_Init                        0x080016bb   Thumb Code    52  stm32f1xx_hal_tim.o(.text.HAL_TIM_Base_Init)
    HAL_TIM_Base_MspInit                     0x080016f1   Thumb Code   108  tim.o(.text.HAL_TIM_Base_MspInit)
    HAL_TIM_ConfigClockSource                0x08001759   Thumb Code   272  stm32f1xx_hal_tim.o(.text.HAL_TIM_ConfigClockSource)
    HAL_TIM_MspPostInit                      0x08001869   Thumb Code    96  tim.o(.text.HAL_TIM_MspPostInit)
    HAL_TIM_OC_ConfigChannel                 0x080018c9   Thumb Code    84  stm32f1xx_hal_tim.o(.text.HAL_TIM_OC_ConfigChannel)
    HAL_TIM_OC_Init                          0x0800191d   Thumb Code    52  stm32f1xx_hal_tim.o(.text.HAL_TIM_OC_Init)
    HAL_TIM_OC_MspInit                       0x08001951   Thumb Code     2  stm32f1xx_hal_tim.o(.text.HAL_TIM_OC_MspInit)
    HAL_TIM_PWM_ConfigChannel                0x08001955   Thumb Code   158  stm32f1xx_hal_tim.o(.text.HAL_TIM_PWM_ConfigChannel)
    HAL_TIM_PWM_Init                         0x080019f3   Thumb Code    52  stm32f1xx_hal_tim.o(.text.HAL_TIM_PWM_Init)
    HAL_TIM_PWM_MspInit                      0x08001a27   Thumb Code     2  stm32f1xx_hal_tim.o(.text.HAL_TIM_PWM_MspInit)
    HAL_TIM_PWM_Start                        0x08001a29   Thumb Code    64  stm32f1xx_hal_tim.o(.text.HAL_TIM_PWM_Start)
    HAL_UART_ErrorCallback                   0x08001a69   Thumb Code     2  stm32f1xx_hal_uart.o(.text.HAL_UART_ErrorCallback)
    HAL_UART_IRQHandler                      0x08001a6d   Thumb Code   360  stm32f1xx_hal_uart.o(.text.HAL_UART_IRQHandler)
    HAL_UART_Init                            0x08001bd5   Thumb Code    92  stm32f1xx_hal_uart.o(.text.HAL_UART_Init)
    HAL_UART_MspInit                         0x08001c31   Thumb Code   356  usart.o(.text.HAL_UART_MspInit)
    HAL_UART_Receive_IT                      0x08001d8d   Thumb Code    76  stm32f1xx_hal_uart.o(.text.HAL_UART_Receive_IT)
    HAL_UART_RxCpltCallback                  0x08001dd9   Thumb Code    56  user_callback.o(.text.HAL_UART_RxCpltCallback)
    HAL_UART_Transmit                        0x08001e11   Thumb Code   174  stm32f1xx_hal_uart.o(.text.HAL_UART_Transmit)
    HAL_UART_TxCpltCallback                  0x08001ebf   Thumb Code     2  stm32f1xx_hal_uart.o(.text.HAL_UART_TxCpltCallback)
    HardFault_Handler                        0x08001ec1   Thumb Code     2  stm32f1xx_it.o(.text.HardFault_Handler)
    LCD_Init                                 0x08001ec5   Thumb Code   152  lcd.o(.text.LCD_Init)
    LCD_SetColumnAddress                     0x08001f55   Thumb Code    24  lcd.o(.text.LCD_SetColumnAddress)
    LCD_SetPageAddress                       0x08001f6d   Thumb Code    12  lcd.o(.text.LCD_SetPageAddress)
    LCD_SetPointerPositon                    0x08001f79   Thumb Code    20  lcd.o(.text.LCD_SetPointerPositon)
    LCD_UpdateAllPixel                       0x08001f8d   Thumb Code    32  lcd.o(.text.LCD_UpdateAllPixel)
    LCD_WriteCommand                         0x08001fad   Thumb Code    64  lcd.o(.text.LCD_WriteCommand)
    LCD_WriteDdata                           0x08001fe1   Thumb Code    64  lcd.o(.text.LCD_WriteDdata)
    MX_GPIO_Init                             0x08002019   Thumb Code   212  gpio.o(.text.MX_GPIO_Init)
    MX_SPI1_Init                             0x080020ed   Thumb Code    76  spi.o(.text.MX_SPI1_Init)
    MX_TIM1_Init                             0x08002139   Thumb Code   244  tim.o(.text.MX_TIM1_Init)
    MX_TIM3_Init                             0x08002229   Thumb Code   104  tim.o(.text.MX_TIM3_Init)
    MX_TIM5_Init                             0x0800228d   Thumb Code   104  tim.o(.text.MX_TIM5_Init)
    MX_USART1_UART_Init                      0x080022f1   Thumb Code    56  usart.o(.text.MX_USART1_UART_Init)
    MX_USART2_UART_Init                      0x08002329   Thumb Code    56  usart.o(.text.MX_USART2_UART_Init)
    MX_USART3_UART_Init                      0x08002361   Thumb Code    56  usart.o(.text.MX_USART3_UART_Init)
    MemManage_Handler                        0x08002399   Thumb Code     2  stm32f1xx_it.o(.text.MemManage_Handler)
    NMI_Handler                              0x0800239b   Thumb Code     2  stm32f1xx_it.o(.text.NMI_Handler)
    PendSV_Handler                           0x0800239d   Thumb Code     2  stm32f1xx_it.o(.text.PendSV_Handler)
    SVC_Handler                              0x08002441   Thumb Code     2  stm32f1xx_it.o(.text.SVC_Handler)
    SysTick_Handler                          0x08002443   Thumb Code     4  stm32f1xx_it.o(.text.SysTick_Handler)
    SystemClock_Config                       0x08002447   Thumb Code    74  main.o(.text.SystemClock_Config)
    SystemInit                               0x08002491   Thumb Code    76  system_stm32f1xx.o(.text.SystemInit)
    TIM_Base_SetConfig                       0x080024dd   Thumb Code   116  stm32f1xx_hal_tim.o(.text.TIM_Base_SetConfig)
    TIM_CCxChannelCmd                        0x0800254d   Thumb Code    30  stm32f1xx_hal_tim.o(.text.TIM_CCxChannelCmd)
    TIM_OC2_SetConfig                        0x080025c9   Thumb Code   108  stm32f1xx_hal_tim.o(.text.TIM_OC2_SetConfig)
    USART1_IRQHandler                        0x080028a5   Thumb Code    12  stm32f1xx_it.o(.text.USART1_IRQHandler)
    USART2_IRQHandler                        0x080028ad   Thumb Code    12  stm32f1xx_it.o(.text.USART2_IRQHandler)
    USART3_IRQHandler                        0x080028b5   Thumb Code    12  stm32f1xx_it.o(.text.USART3_IRQHandler)
    UsageFault_Handler                       0x080028bd   Thumb Code     2  stm32f1xx_it.o(.text.UsageFault_Handler)
    User_DebugUart_Init                      0x080028c1   Thumb Code    20  user_uart.o(.text.User_DebugUart_Init)
    User_DistantUart_Init                    0x080028cd   Thumb Code    56  user_uart.o(.text.User_DistantUart_Init)
    User_GetErrorUart_Init                   0x08002901   Thumb Code    24  user_uart.o(.text.User_GetErrorUart_Init)
    User_main                                0x08002911   Thumb Code    76  user_main.o(.text.User_main)
    _GetCommandUartCallBack                  0x0800295d   Thumb Code    28  user_uart.o(.text._GetCommandUartCallBack)
    _GetDistantUartCallBack                  0x08002975   Thumb Code   120  user_uart.o(.text._GetDistantUartCallBack)
    _GetErrorUartCallBack                    0x080029e9   Thumb Code   192  user_uart.o(.text._GetErrorUartCallBack)
    main                                     0x08002acd   Thumb Code    46  main.o(.text.main)
    __aeabi_errno_addr                       0x08002afd   Thumb Code     4  errno.o(i.__aeabi_errno_addr)
    __rt_errno_addr                          0x08002afd   Thumb Code     0  errno.o(i.__aeabi_errno_addr)
    __read_errno                             0x08002b05   Thumb Code     6  errno.o(i.__read_errno)
    __scatterload_copy                       0x08002b11   Thumb Code    14  handlers.o(i.__scatterload_copy)
    __scatterload_null                       0x08002b1f   Thumb Code     2  handlers.o(i.__scatterload_null)
    __scatterload_zeroinit                   0x08002b21   Thumb Code    14  handlers.o(i.__scatterload_zeroinit)
    __set_errno                              0x08002b31   Thumb Code     6  errno.o(i.__set_errno)
    _is_digit                                0x08002b3d   Thumb Code    14  scanf_fp.o(i._is_digit)
    atof                                     0x08002b4b   Thumb Code    44  atof.o(i.atof)
    __ctype_table                            0x08002b76   Data         129  ctype_o.o(.constdata)
    AHBPrescTable                            0x08002bfc   Data          16  system_stm32f1xx.o(.rodata.AHBPrescTable)
    APBPrescTable                            0x08002c0c   Data           8  system_stm32f1xx.o(.rodata.APBPrescTable)
    LCDtable_NVIDIA                          0x08002c14   Data        1536  lcd.o(.rodata.LCDtable_NVIDIA)
    Region$$Table$$Base                      0x08003214   Number         0  anon$$obj.o(Region$$Table)
    Region$$Table$$Limit                     0x08003234   Number         0  anon$$obj.o(Region$$Table)
    uwTickFreq                               0x20000004   Data           1  stm32f1xx_hal.o(.data..L_MergedGlobals)
    uwTickPrio                               0x20000008   Data           4  stm32f1xx_hal.o(.data..L_MergedGlobals)
    SystemCoreClock                          0x2000000c   Data           4  system_stm32f1xx.o(.data.SystemCoreClock)
    _DebugCommand                            0x20000010   Data           1  user_uart.o(.bss..L_MergedGlobals)
    _GetDistantResults                       0x2000001c   Data           4  user_uart.o(.bss..L_MergedGlobals)
    hspi1                                    0x20000034   Data          88  spi.o(.bss.hspi1)
    htim1                                    0x2000008c   Data          64  tim.o(.bss.htim1)
    htim3                                    0x200000cc   Data          64  tim.o(.bss.htim3)
    htim5                                    0x2000010c   Data          64  tim.o(.bss.htim5)
    huart1                                   0x2000014c   Data          64  usart.o(.bss.huart1)
    huart2                                   0x2000018c   Data          64  usart.o(.bss.huart2)
    huart3                                   0x200001cc   Data          64  usart.o(.bss.huart3)
    uwTick                                   0x2000020c   Data           4  stm32f1xx_hal.o(.bss.uwTick)
    __initial_sp                             0x20000610   Data           0  startup_stm32f103xe.o(STACK)



==============================================================================

Memory Map of the image

  Image Entry point : 0x08000131

  Load Region LR_IROM1 (Base: 0x08000000, Size: 0x00003248, Max: 0x00040000, ABSOLUTE)

    Execution Region ER_IROM1 (Exec base: 0x08000000, Load base: 0x08000000, Size: 0x00003234, Max: 0x00040000, ABSOLUTE)

    Exec Addr    Load Addr    Size         Type   Attr      Idx    E Section Name        Object

    0x08000000   0x08000000   0x00000130   Data   RO            3    RESET               startup_stm32f103xe.o
    0x08000130   0x08000130   0x00000000   Code   RO         1188  * .ARM.Collect$$$$00000000  mc_w.l(entry.o)
    0x08000130   0x08000130   0x00000004   Code   RO         1478    .ARM.Collect$$$$00000001  mc_w.l(entry2.o)
    0x08000134   0x08000134   0x00000004   Code   RO         1481    .ARM.Collect$$$$00000004  mc_w.l(entry5.o)
    0x08000138   0x08000138   0x00000000   Code   RO         1483    .ARM.Collect$$$$00000008  mc_w.l(entry7b.o)
    0x08000138   0x08000138   0x00000000   Code   RO         1485    .ARM.Collect$$$$0000000A  mc_w.l(entry8b.o)
    0x08000138   0x08000138   0x00000008   Code   RO         1486    .ARM.Collect$$$$0000000B  mc_w.l(entry9a.o)
    0x08000140   0x08000140   0x00000000   Code   RO         1488    .ARM.Collect$$$$0000000D  mc_w.l(entry10a.o)
    0x08000140   0x08000140   0x00000000   Code   RO         1490    .ARM.Collect$$$$0000000F  mc_w.l(entry11a.o)
    0x08000140   0x08000140   0x00000004   Code   RO         1479    .ARM.Collect$$$$00002712  mc_w.l(entry2.o)
    0x08000144   0x08000144   0x00000024   Code   RO            4    .text               startup_stm32f103xe.o
    0x08000168   0x08000168   0x00000020   Code   RO         1191    .text               mc_w.l(llushr.o)
    0x08000188   0x08000188   0x00000024   Code   RO         1193    .text               mc_w.l(memseta.o)
    0x080001ac   0x080001ac   0x0000001a   Code   RO         1456    .text               mc_w.l(atoi.o)
    0x080001c6   0x080001c6   0x000000e4   Code   RO         1464    .text               mf_w.l(dmul.o)
    0x080002aa   0x080002aa   0x00000038   Code   RO         1476    .text               mf_w.l(d2f.o)
    0x080002e2   0x080002e2   0x0000001e   Code   RO         1497    .text               mc_w.l(llshl.o)
    0x08000300   0x08000300   0x000000a8   Code   RO         1508    .text               mc_w.l(strtod.o)
    0x080003a8   0x080003a8   0x00000070   Code   RO         1510    .text               mc_w.l(strtol.o)
    0x08000418   0x08000418   0x00000000   Code   RO         1512    .text               mc_w.l(iusefp.o)
    0x08000418   0x08000418   0x0000006e   Code   RO         1513    .text               mf_w.l(fepilogue.o)
    0x08000486   0x08000486   0x000000ba   Code   RO         1515    .text               mf_w.l(depilogue.o)
    0x08000540   0x08000540   0x000000de   Code   RO         1517    .text               mf_w.l(ddiv.o)
    0x0800061e   0x0800061e   0x00000002   PAD
    0x08000620   0x08000620   0x00000024   Code   RO         1523    .text               mc_w.l(init.o)
    0x08000644   0x08000644   0x00000008   Code   RO         1527    .text               mc_w.l(ctype_o.o)
    0x0800064c   0x0800064c   0x00000012   Code   RO         1549    .text               mc_w.l(isspace_o.o)
    0x0800065e   0x0800065e   0x00000002   PAD
    0x08000660   0x08000660   0x00000360   Code   RO         1555    .text               mc_w.l(scanf_fp.o)
    0x080009c0   0x080009c0   0x00000040   Code   RO         1559    .text               mc_w.l(_sgetc.o)
    0x08000a00   0x08000a00   0x0000009e   Code   RO         1561    .text               mc_w.l(_strtoul.o)
    0x08000a9e   0x08000a9e   0x0000001c   Code   RO         1566    .text               mc_w.l(_chval.o)
    0x08000aba   0x08000aba   0x00000018   Code   RO         1568    .text               mf_w.l(dfltul.o)
    0x08000ad2   0x08000ad2   0x00000002   Code   RO          106    .text.BusFault_Handler  stm32f1xx_it.o
    0x08000ad4   0x08000ad4   0x00000002   Code   RO          112    .text.DebugMon_Handler  stm32f1xx_it.o
    0x08000ad6   0x08000ad6   0x00000002   Code   RO           15    .text.Error_Handler  main.o
    0x08000ad8   0x08000ad8   0x000000f4   Code   RO          857    .text.HAL_DMA_Abort_IT  stm32f1xx_hal_dma.o
    0x08000bcc   0x08000bcc   0x00000020   Code   RO          727    .text.HAL_Delay     stm32f1xx_hal.o
    0x08000bec   0x08000bec   0x000001a8   Code   RO          820    .text.HAL_GPIO_Init  stm32f1xx_hal_gpio.o
    0x08000d94   0x08000d94   0x0000000e   Code   RO          828    .text.HAL_GPIO_TogglePin  stm32f1xx_hal_gpio.o
    0x08000da2   0x08000da2   0x0000000a   Code   RO          826    .text.HAL_GPIO_WritePin  stm32f1xx_hal_gpio.o
    0x08000dac   0x08000dac   0x00000008   Code   RO          719    .text.HAL_GetTick   stm32f1xx_hal.o
    0x08000db4   0x08000db4   0x00000014   Code   RO          717    .text.HAL_IncTick   stm32f1xx_hal.o
    0x08000dc8   0x08000dc8   0x00000020   Code   RO          707    .text.HAL_Init      stm32f1xx_hal.o
    0x08000de8   0x08000de8   0x0000003c   Code   RO          709    .text.HAL_InitTick  stm32f1xx_hal.o
    0x08000e24   0x08000e24   0x00000040   Code   RO          132    .text.HAL_MspInit   stm32f1xx_hal_msp.o
    0x08000e64   0x08000e64   0x0000001c   Code   RO          886    .text.HAL_NVIC_EnableIRQ  stm32f1xx_hal_cortex.o
    0x08000e80   0x08000e80   0x0000003c   Code   RO          882    .text.HAL_NVIC_SetPriority  stm32f1xx_hal_cortex.o
    0x08000ebc   0x08000ebc   0x00000020   Code   RO          880    .text.HAL_NVIC_SetPriorityGrouping  stm32f1xx_hal_cortex.o
    0x08000edc   0x08000edc   0x0000013c   Code   RO          772    .text.HAL_RCC_ClockConfig  stm32f1xx_hal_rcc.o
    0x08001018   0x08001018   0x00000014   Code   RO          784    .text.HAL_RCC_GetPCLK1Freq  stm32f1xx_hal_rcc.o
    0x0800102c   0x0800102c   0x0000001c   Code   RO          786    .text.HAL_RCC_GetPCLK2Freq  stm32f1xx_hal_rcc.o
    0x08001048   0x08001048   0x00000058   Code   RO          774    .text.HAL_RCC_GetSysClockFreq  stm32f1xx_hal_rcc.o
    0x080010a0   0x080010a0   0x00000324   Code   RO          770    .text.HAL_RCC_OscConfig  stm32f1xx_hal_rcc.o
    0x080013c4   0x080013c4   0x0000007a   Code   RO          157    .text.HAL_SPI_Init  stm32f1xx_hal_spi.o
    0x0800143e   0x0800143e   0x00000002   PAD
    0x08001440   0x08001440   0x0000005c   Code   RO           40    .text.HAL_SPI_MspInit  spi.o
    0x0800149c   0x0800149c   0x00000162   Code   RO          165    .text.HAL_SPI_Transmit  stm32f1xx_hal_spi.o
    0x080015fe   0x080015fe   0x00000002   PAD
    0x08001600   0x08001600   0x00000028   Code   RO          894    .text.HAL_SYSTICK_Config  stm32f1xx_hal_cortex.o
    0x08001628   0x08001628   0x00000050   Code   RO          573    .text.HAL_TIMEx_ConfigBreakDeadTime  stm32f1xx_hal_tim_ex.o
    0x08001678   0x08001678   0x00000042   Code   RO          571    .text.HAL_TIMEx_MasterConfigSynchronization  stm32f1xx_hal_tim_ex.o
    0x080016ba   0x080016ba   0x00000034   Code   RO          276    .text.HAL_TIM_Base_Init  stm32f1xx_hal_tim.o
    0x080016ee   0x080016ee   0x00000002   PAD
    0x080016f0   0x080016f0   0x00000068   Code   RO           62    .text.HAL_TIM_Base_MspInit  tim.o
    0x08001758   0x08001758   0x00000110   Code   RO          460    .text.HAL_TIM_ConfigClockSource  stm32f1xx_hal_tim.o
    0x08001868   0x08001868   0x00000060   Code   RO           56    .text.HAL_TIM_MspPostInit  tim.o
    0x080018c8   0x080018c8   0x00000054   Code   RO          422    .text.HAL_TIM_OC_ConfigChannel  stm32f1xx_hal_tim.o
    0x0800191c   0x0800191c   0x00000034   Code   RO          304    .text.HAL_TIM_OC_Init  stm32f1xx_hal_tim.o
    0x08001950   0x08001950   0x00000002   Code   RO          306    .text.HAL_TIM_OC_MspInit  stm32f1xx_hal_tim.o
    0x08001952   0x08001952   0x00000002   PAD
    0x08001954   0x08001954   0x0000009e   Code   RO          438    .text.HAL_TIM_PWM_ConfigChannel  stm32f1xx_hal_tim.o
    0x080019f2   0x080019f2   0x00000034   Code   RO          330    .text.HAL_TIM_PWM_Init  stm32f1xx_hal_tim.o
    0x08001a26   0x08001a26   0x00000002   Code   RO          332    .text.HAL_TIM_PWM_MspInit  stm32f1xx_hal_tim.o
    0x08001a28   0x08001a28   0x00000040   Code   RO          338    .text.HAL_TIM_PWM_Start  stm32f1xx_hal_tim.o
    0x08001a68   0x08001a68   0x00000002   Code   RO          674    .text.HAL_UART_ErrorCallback  stm32f1xx_hal_uart.o
    0x08001a6a   0x08001a6a   0x00000002   PAD
    0x08001a6c   0x08001a6c   0x00000168   Code   RO          668    .text.HAL_UART_IRQHandler  stm32f1xx_hal_uart.o
    0x08001bd4   0x08001bd4   0x0000005c   Code   RO          594    .text.HAL_UART_Init  stm32f1xx_hal_uart.o
    0x08001c30   0x08001c30   0x0000015c   Code   RO           84    .text.HAL_UART_MspInit  usart.o
    0x08001d8c   0x08001d8c   0x0000004c   Code   RO          618    .text.HAL_UART_Receive_IT  stm32f1xx_hal_uart.o
    0x08001dd8   0x08001dd8   0x00000038   Code   RO         1175    .text.HAL_UART_RxCpltCallback  user_callback.o
    0x08001e10   0x08001e10   0x000000ae   Code   RO          610    .text.HAL_UART_Transmit  stm32f1xx_hal_uart.o
    0x08001ebe   0x08001ebe   0x00000002   Code   RO          676    .text.HAL_UART_TxCpltCallback  stm32f1xx_hal_uart.o
    0x08001ec0   0x08001ec0   0x00000002   Code   RO          102    .text.HardFault_Handler  stm32f1xx_it.o
    0x08001ec2   0x08001ec2   0x00000002   PAD
    0x08001ec4   0x08001ec4   0x00000090   Code   RO         1095    .text.LCD_Init      lcd.o
    0x08001f54   0x08001f54   0x00000018   Code   RO         1087    .text.LCD_SetColumnAddress  lcd.o
    0x08001f6c   0x08001f6c   0x0000000c   Code   RO         1089    .text.LCD_SetPageAddress  lcd.o
    0x08001f78   0x08001f78   0x00000014   Code   RO         1091    .text.LCD_SetPointerPositon  lcd.o
    0x08001f8c   0x08001f8c   0x00000020   Code   RO         1093    .text.LCD_UpdateAllPixel  lcd.o
    0x08001fac   0x08001fac   0x00000034   Code   RO         1083    .text.LCD_WriteCommand  lcd.o
    0x08001fe0   0x08001fe0   0x00000038   Code   RO         1085    .text.LCD_WriteDdata  lcd.o
    0x08002018   0x08002018   0x000000d4   Code   RO           27    .text.MX_GPIO_Init  gpio.o
    0x080020ec   0x080020ec   0x0000004c   Code   RO           38    .text.MX_SPI1_Init  spi.o
    0x08002138   0x08002138   0x000000f0   Code   RO           54    .text.MX_TIM1_Init  tim.o
    0x08002228   0x08002228   0x00000064   Code   RO           58    .text.MX_TIM3_Init  tim.o
    0x0800228c   0x0800228c   0x00000064   Code   RO           60    .text.MX_TIM5_Init  tim.o
    0x080022f0   0x080022f0   0x00000038   Code   RO           78    .text.MX_USART1_UART_Init  usart.o
    0x08002328   0x08002328   0x00000038   Code   RO           80    .text.MX_USART2_UART_Init  usart.o
    0x08002360   0x08002360   0x00000038   Code   RO           82    .text.MX_USART3_UART_Init  usart.o
    0x08002398   0x08002398   0x00000002   Code   RO          104    .text.MemManage_Handler  stm32f1xx_it.o
    0x0800239a   0x0800239a   0x00000002   Code   RO          100    .text.NMI_Handler   stm32f1xx_it.o
    0x0800239c   0x0800239c   0x00000002   Code   RO          114    .text.PendSV_Handler  stm32f1xx_it.o
    0x0800239e   0x0800239e   0x00000022   Code   RO          167    .text.SPI_EndRxTxTransaction  stm32f1xx_hal_spi.o
    0x080023c0   0x080023c0   0x00000080   Code   RO          265    .text.SPI_WaitFlagStateUntilTimeout  stm32f1xx_hal_spi.o
    0x08002440   0x08002440   0x00000002   Code   RO          110    .text.SVC_Handler   stm32f1xx_it.o
    0x08002442   0x08002442   0x00000004   Code   RO          116    .text.SysTick_Handler  stm32f1xx_it.o
    0x08002446   0x08002446   0x0000004a   Code   RO           13    .text.SystemClock_Config  main.o
    0x08002490   0x08002490   0x0000004c   Code   RO         1058    .text.SystemInit    system_stm32f1xx.o
    0x080024dc   0x080024dc   0x00000070   Code   RO          280    .text.TIM_Base_SetConfig  stm32f1xx_hal_tim.o
    0x0800254c   0x0800254c   0x0000001e   Code   RO          314    .text.TIM_CCxChannelCmd  stm32f1xx_hal_tim.o
    0x0800256a   0x0800256a   0x00000002   PAD
    0x0800256c   0x0800256c   0x0000005c   Code   RO          424    .text.TIM_OC1_SetConfig  stm32f1xx_hal_tim.o
    0x080025c8   0x080025c8   0x00000064   Code   RO          426    .text.TIM_OC2_SetConfig  stm32f1xx_hal_tim.o
    0x0800262c   0x0800262c   0x00000064   Code   RO          428    .text.TIM_OC3_SetConfig  stm32f1xx_hal_tim.o
    0x08002690   0x08002690   0x00000054   Code   RO          430    .text.TIM_OC4_SetConfig  stm32f1xx_hal_tim.o
    0x080026e4   0x080026e4   0x00000022   Code   RO          462    .text.TIM_TI1_ConfigInputStage  stm32f1xx_hal_tim.o
    0x08002706   0x08002706   0x00000022   Code   RO          464    .text.TIM_TI2_ConfigInputStage  stm32f1xx_hal_tim.o
    0x08002728   0x08002728   0x0000000c   Code   RO          672    .text.UART_DMAAbortOnError  stm32f1xx_hal_uart.o
    0x08002734   0x08002734   0x0000001a   Code   RO          640    .text.UART_EndRxTransfer  stm32f1xx_hal_uart.o
    0x0800274e   0x0800274e   0x00000078   Code   RO          670    .text.UART_Receive_IT  stm32f1xx_hal_uart.o
    0x080027c6   0x080027c6   0x00000002   PAD
    0x080027c8   0x080027c8   0x00000084   Code   RO          598    .text.UART_SetConfig  stm32f1xx_hal_uart.o
    0x0800284c   0x0800284c   0x00000058   Code   RO          612    .text.UART_WaitOnFlagUntilTimeout  stm32f1xx_hal_uart.o
    0x080028a4   0x080028a4   0x00000008   Code   RO          118    .text.USART1_IRQHandler  stm32f1xx_it.o
    0x080028ac   0x080028ac   0x00000008   Code   RO          120    .text.USART2_IRQHandler  stm32f1xx_it.o
    0x080028b4   0x080028b4   0x00000008   Code   RO          122    .text.USART3_IRQHandler  stm32f1xx_it.o
    0x080028bc   0x080028bc   0x00000002   Code   RO          108    .text.UsageFault_Handler  stm32f1xx_it.o
    0x080028be   0x080028be   0x00000002   PAD
    0x080028c0   0x080028c0   0x0000000c   Code   RO         1117    .text.User_DebugUart_Init  user_uart.o
    0x080028cc   0x080028cc   0x00000034   Code   RO         1119    .text.User_DistantUart_Init  user_uart.o
    0x08002900   0x08002900   0x00000010   Code   RO         1115    .text.User_GetErrorUart_Init  user_uart.o
    0x08002910   0x08002910   0x0000004c   Code   RO         1074    .text.User_main     user_main.o
    0x0800295c   0x0800295c   0x00000018   Code   RO         1123    .text._GetCommandUartCallBack  user_uart.o
    0x08002974   0x08002974   0x00000074   Code   RO         1125    .text._GetDistantUartCallBack  user_uart.o
    0x080029e8   0x080029e8   0x000000c0   Code   RO         1121    .text._GetErrorUartCallBack  user_uart.o
    0x08002aa8   0x08002aa8   0x00000024   Code   RO          884    .text.__NVIC_SetPriority  stm32f1xx_hal_cortex.o
    0x08002acc   0x08002acc   0x0000002e   Code   RO           11    .text.main          main.o
    0x08002afa   0x08002afa   0x00000002   PAD
    0x08002afc   0x08002afc   0x00000008   Code   RO         1501    i.__aeabi_errno_addr  mc_w.l(errno.o)
    0x08002b04   0x08002b04   0x0000000c   Code   RO         1502    i.__read_errno      mc_w.l(errno.o)
    0x08002b10   0x08002b10   0x0000000e   Code   RO         1572    i.__scatterload_copy  mc_w.l(handlers.o)
    0x08002b1e   0x08002b1e   0x00000002   Code   RO         1573    i.__scatterload_null  mc_w.l(handlers.o)
    0x08002b20   0x08002b20   0x0000000e   Code   RO         1574    i.__scatterload_zeroinit  mc_w.l(handlers.o)
    0x08002b2e   0x08002b2e   0x00000002   PAD
    0x08002b30   0x08002b30   0x0000000c   Code   RO         1503    i.__set_errno       mc_w.l(errno.o)
    0x08002b3c   0x08002b3c   0x0000000e   Code   RO         1557    i._is_digit         mc_w.l(scanf_fp.o)
    0x08002b4a   0x08002b4a   0x0000002c   Code   RO         1185    i.atof              m_ws.l(atof.o)
    0x08002b76   0x08002b76   0x00000081   Data   RO         1528    .constdata          mc_w.l(ctype_o.o)
    0x08002bf7   0x08002bf7   0x00000001   PAD
    0x08002bf8   0x08002bf8   0x00000004   Data   RO         1529    .constdata          mc_w.l(ctype_o.o)
    0x08002bfc   0x08002bfc   0x00000010   Data   RO         1063    .rodata.AHBPrescTable  system_stm32f1xx.o
    0x08002c0c   0x08002c0c   0x00000008   Data   RO         1064    .rodata.APBPrescTable  system_stm32f1xx.o
    0x08002c14   0x08002c14   0x00000600   Data   RO         1097    .rodata.LCDtable_NVIDIA  lcd.o
    0x08003214   0x08003214   0x00000020   Data   RO         1571    Region$$Table       anon$$obj.o


    Execution Region RW_IRAM1 (Exec base: 0x20000000, Load base: 0x08003238, Size: 0x00000610, Max: 0x0000c000, ABSOLUTE)

    Exec Addr    Load Addr    Size         Type   Attr      Idx    E Section Name        Object

    0x20000000   0x08003238   0x00000004   Data   RW         1504    .data               mc_w.l(errno.o)
    0x20000004   0x0800323c   0x00000008   Data   RW          758    .data..L_MergedGlobals  stm32f1xx_hal.o
    0x2000000c   0x08003244   0x00000004   Data   RW         1062    .data.SystemCoreClock  system_stm32f1xx.o
    0x20000010        -       0x00000024   Zero   RW         1133    .bss..L_MergedGlobals  user_uart.o
    0x20000034        -       0x00000058   Zero   RW           44    .bss.hspi1          spi.o
    0x2000008c        -       0x00000040   Zero   RW           66    .bss.htim1          tim.o
    0x200000cc        -       0x00000040   Zero   RW           67    .bss.htim3          tim.o
    0x2000010c        -       0x00000040   Zero   RW           68    .bss.htim5          tim.o
    0x2000014c        -       0x00000040   Zero   RW           88    .bss.huart1         usart.o
    0x2000018c        -       0x00000040   Zero   RW           89    .bss.huart2         usart.o
    0x200001cc        -       0x00000040   Zero   RW           90    .bss.huart3         usart.o
    0x2000020c        -       0x00000004   Zero   RW          757    .bss.uwTick         stm32f1xx_hal.o
    0x20000210        -       0x00000400   Zero   RW            1    STACK               startup_stm32f103xe.o


==============================================================================

Image component sizes


      Code (inc. data)   RO Data    RW Data    ZI Data      Debug   Object Name

       212         16          0          0          0       1595   gpio.o
       340         12       1536          0          0       2340   lcd.o
       122          0          0          0          0       1670   main.o
       168         12          0          0         88       4115   spi.o
        36          8        304          0       1024        796   startup_stm32f103xe.o
       152          8          0          8          4       6098   stm32f1xx_hal.o
       196         28          0          0          0       8190   stm32f1xx_hal_cortex.o
       244         44          0          0          0       6913   stm32f1xx_hal_dma.o
       448         48          0          0          0       4284   stm32f1xx_hal_gpio.o
        64          8          0          0          0       1194   stm32f1xx_hal_msp.o
      1256         68          0          0          0       6911   stm32f1xx_hal_rcc.o
       638          0          0          0          0      18806   stm32f1xx_hal_spi.o
      1324         40          0          0          0      35415   stm32f1xx_hal_tim.o
       146          0          0          0          0      13444   stm32f1xx_hal_tim_ex.o
      1084          8          0          0          0      15654   stm32f1xx_hal_uart.o
        44          0          0          0          0       1275   stm32f1xx_it.o
        76         16         24          4          0       2091   system_stm32f1xx.o
       640         40          0          0        192       6250   tim.o
       516         36          0          0        192       6011   usart.o
        56          4          0          0          0       2924   user_callback.o
        76         12          0          0          0        860   user_main.o
       412         32          0          0         36       3300   user_uart.o

    ----------------------------------------------------------------------
      8270        440       1896         12       1536     150136   Object Totals
         0          0         32          0          0          0   (incl. Generated)
        20          0          0          0          0          0   (incl. Padding)

    ----------------------------------------------------------------------

      Code (inc. data)   RO Data    RW Data    ZI Data      Debug   Library Member Name

        44          0          0          0          0         84   atof.o
        28          0          0          0          0         68   _chval.o
        64          0          0          0          0         84   _sgetc.o
       158          0          0          0          0         92   _strtoul.o
        26          0          0          0          0         80   atoi.o
         8          4        133          0          0         68   ctype_o.o
         0          0          0          0          0          0   entry.o
         0          0          0          0          0          0   entry10a.o
         0          0          0          0          0          0   entry11a.o
         8          4          0          0          0          0   entry2.o
         4          0          0          0          0          0   entry5.o
         0          0          0          0          0          0   entry7b.o
         0          0          0          0          0          0   entry8b.o
         8          4          0          0          0          0   entry9a.o
        32         16          0          4          0        204   errno.o
        30          0          0          0          0          0   handlers.o
        36          8          0          0          0         68   init.o
        18          0          0          0          0         76   isspace_o.o
         0          0          0          0          0          0   iusefp.o
        30          0          0          0          0         68   llshl.o
        32          0          0          0          0         68   llushr.o
        36          0          0          0          0        108   memseta.o
       878         12          0          0          0        216   scanf_fp.o
       168         12          0          0          0        124   strtod.o
       112          0          0          0          0         88   strtol.o
        56          0          0          0          0         88   d2f.o
       222          0          0          0          0        100   ddiv.o
       186          0          0          0          0        176   depilogue.o
        24          0          0          0          0         76   dfltul.o
       228          0          0          0          0         96   dmul.o
       110          0          0          0          0        168   fepilogue.o

    ----------------------------------------------------------------------
      2552         60        134          4          0       2200   Library Totals
         6          0          1          0          0          0   (incl. Padding)

    ----------------------------------------------------------------------

      Code (inc. data)   RO Data    RW Data    ZI Data      Debug   Library Name

        44          0          0          0          0         84   m_ws.l
      1676         60        133          4          0       1412   mc_w.l
       826          0          0          0          0        704   mf_w.l

    ----------------------------------------------------------------------
      2552         60        134          4          0       2200   Library Totals

    ----------------------------------------------------------------------

==============================================================================


      Code (inc. data)   RO Data    RW Data    ZI Data      Debug   

     10822        500       2030         16       1536     151128   Grand Totals
     10822        500       2030         16       1536     151128   ELF Image Totals
     10822        500       2030         16          0          0   ROM Totals

==============================================================================

    Total RO  Size (Code + RO Data)                12852 (  12.55kB)
    Total RW  Size (RW Data + ZI Data)              1552 (   1.52kB)
    Total ROM Size (Code + RO Data + RW Data)      12868 (  12.57kB)

==============================================================================

